Archive member included to satisfy reference by file (symbol)

C:/ST/STM32CubeIDE_1.17.0/STM32CubeIDE/plugins/com.st.stm32cube.ide.mcu.externaltools.gnu-tools-for-stm32.13.3.rel1.win32_1.0.0.202411081344/tools/bin/../lib/gcc/arm-none-eabi/13.3.1/../../../../arm-none-eabi/lib/thumb/v7e-m+fp/hard\libc_nano.a(libc_a-exit.o)
                              C:/ST/STM32CubeIDE_1.17.0/STM32CubeIDE/plugins/com.st.stm32cube.ide.mcu.externaltools.gnu-tools-for-stm32.13.3.rel1.win32_1.0.0.202411081344/tools/bin/../lib/gcc/arm-none-eabi/13.3.1/../../../../arm-none-eabi/lib/thumb/v7e-m+fp/hard/crt0.o (exit)
C:/ST/STM32CubeIDE_1.17.0/STM32CubeIDE/plugins/com.st.stm32cube.ide.mcu.externaltools.gnu-tools-for-stm32.13.3.rel1.win32_1.0.0.202411081344/tools/bin/../lib/gcc/arm-none-eabi/13.3.1/../../../../arm-none-eabi/lib/thumb/v7e-m+fp/hard\libc_nano.a(libc_a-findfp.o)
                              ./Middlewares/Third_Party/FreeRTOS/Source/tasks.o (__sf)
C:/ST/STM32CubeIDE_1.17.0/STM32CubeIDE/plugins/com.st.stm32cube.ide.mcu.externaltools.gnu-tools-for-stm32.13.3.rel1.win32_1.0.0.202411081344/tools/bin/../lib/gcc/arm-none-eabi/13.3.1/../../../../arm-none-eabi/lib/thumb/v7e-m+fp/hard\libc_nano.a(libc_a-fwalk.o)
                              C:/ST/STM32CubeIDE_1.17.0/STM32CubeIDE/plugins/com.st.stm32cube.ide.mcu.externaltools.gnu-tools-for-stm32.13.3.rel1.win32_1.0.0.202411081344/tools/bin/../lib/gcc/arm-none-eabi/13.3.1/../../../../arm-none-eabi/lib/thumb/v7e-m+fp/hard\libc_nano.a(libc_a-findfp.o) (_fwalk_sglue)
C:/ST/STM32CubeIDE_1.17.0/STM32CubeIDE/plugins/com.st.stm32cube.ide.mcu.externaltools.gnu-tools-for-stm32.13.3.rel1.win32_1.0.0.202411081344/tools/bin/../lib/gcc/arm-none-eabi/13.3.1/../../../../arm-none-eabi/lib/thumb/v7e-m+fp/hard\libc_nano.a(libc_a-stdio.o)
                              C:/ST/STM32CubeIDE_1.17.0/STM32CubeIDE/plugins/com.st.stm32cube.ide.mcu.externaltools.gnu-tools-for-stm32.13.3.rel1.win32_1.0.0.202411081344/tools/bin/../lib/gcc/arm-none-eabi/13.3.1/../../../../arm-none-eabi/lib/thumb/v7e-m+fp/hard\libc_nano.a(libc_a-findfp.o) (__sread)
C:/ST/STM32CubeIDE_1.17.0/STM32CubeIDE/plugins/com.st.stm32cube.ide.mcu.externaltools.gnu-tools-for-stm32.13.3.rel1.win32_1.0.0.202411081344/tools/bin/../lib/gcc/arm-none-eabi/13.3.1/../../../../arm-none-eabi/lib/thumb/v7e-m+fp/hard\libc_nano.a(libc_a-memset.o)
                              C:/ST/STM32CubeIDE_1.17.0/STM32CubeIDE/plugins/com.st.stm32cube.ide.mcu.externaltools.gnu-tools-for-stm32.13.3.rel1.win32_1.0.0.202411081344/tools/bin/../lib/gcc/arm-none-eabi/13.3.1/../../../../arm-none-eabi/lib/thumb/v7e-m+fp/hard/crt0.o (memset)
C:/ST/STM32CubeIDE_1.17.0/STM32CubeIDE/plugins/com.st.stm32cube.ide.mcu.externaltools.gnu-tools-for-stm32.13.3.rel1.win32_1.0.0.202411081344/tools/bin/../lib/gcc/arm-none-eabi/13.3.1/../../../../arm-none-eabi/lib/thumb/v7e-m+fp/hard\libc_nano.a(libc_a-closer.o)
                              C:/ST/STM32CubeIDE_1.17.0/STM32CubeIDE/plugins/com.st.stm32cube.ide.mcu.externaltools.gnu-tools-for-stm32.13.3.rel1.win32_1.0.0.202411081344/tools/bin/../lib/gcc/arm-none-eabi/13.3.1/../../../../arm-none-eabi/lib/thumb/v7e-m+fp/hard\libc_nano.a(libc_a-stdio.o) (_close_r)
C:/ST/STM32CubeIDE_1.17.0/STM32CubeIDE/plugins/com.st.stm32cube.ide.mcu.externaltools.gnu-tools-for-stm32.13.3.rel1.win32_1.0.0.202411081344/tools/bin/../lib/gcc/arm-none-eabi/13.3.1/../../../../arm-none-eabi/lib/thumb/v7e-m+fp/hard\libc_nano.a(libc_a-reent.o)
                              ./Middlewares/Third_Party/FreeRTOS/Source/tasks.o (_reclaim_reent)
C:/ST/STM32CubeIDE_1.17.0/STM32CubeIDE/plugins/com.st.stm32cube.ide.mcu.externaltools.gnu-tools-for-stm32.13.3.rel1.win32_1.0.0.202411081344/tools/bin/../lib/gcc/arm-none-eabi/13.3.1/../../../../arm-none-eabi/lib/thumb/v7e-m+fp/hard\libc_nano.a(libc_a-impure.o)
                              ./Middlewares/Third_Party/FreeRTOS/Source/tasks.o (_impure_ptr)
C:/ST/STM32CubeIDE_1.17.0/STM32CubeIDE/plugins/com.st.stm32cube.ide.mcu.externaltools.gnu-tools-for-stm32.13.3.rel1.win32_1.0.0.202411081344/tools/bin/../lib/gcc/arm-none-eabi/13.3.1/../../../../arm-none-eabi/lib/thumb/v7e-m+fp/hard\libc_nano.a(libc_a-lseekr.o)
                              C:/ST/STM32CubeIDE_1.17.0/STM32CubeIDE/plugins/com.st.stm32cube.ide.mcu.externaltools.gnu-tools-for-stm32.13.3.rel1.win32_1.0.0.202411081344/tools/bin/../lib/gcc/arm-none-eabi/13.3.1/../../../../arm-none-eabi/lib/thumb/v7e-m+fp/hard\libc_nano.a(libc_a-stdio.o) (_lseek_r)
C:/ST/STM32CubeIDE_1.17.0/STM32CubeIDE/plugins/com.st.stm32cube.ide.mcu.externaltools.gnu-tools-for-stm32.13.3.rel1.win32_1.0.0.202411081344/tools/bin/../lib/gcc/arm-none-eabi/13.3.1/../../../../arm-none-eabi/lib/thumb/v7e-m+fp/hard\libc_nano.a(libc_a-readr.o)
[...]
Memory Configuration

Name             Origin             Length             Attributes
CCMRAM           0x10000000         0x00010000         xrw
RAM              0x20000000         0x00030000         xrw
FLASH            0x08000000         0x00200000         xr
*default*        0x00000000         0xffffffff

Linker script and memory map

LOAD C:/ST/STM32CubeIDE_1.17.0/STM32CubeIDE/plugins/com.st.stm32cube.ide.mcu.externaltools.gnu-tools-for-stm32.13.3.rel1.win32_1.0.0.202411081344/tools/bin/../lib/gcc/arm-none-eabi/13.3.1/thumb/v7e-m+fp/hard/crti.o
LOAD C:/ST/STM32CubeIDE_1.17.0/STM32CubeIDE/plugins/com.st.stm32cube.ide.mcu.externaltools.gnu-tools-for-stm32.13.3.rel1.win32_1.0.0.202411081344/tools/bin/../lib/gcc/arm-none-eabi/13.3.1/thumb/v7e-m+fp/hard/crtbegin.o
LOAD C:/ST/STM32CubeIDE_1.17.0/STM32CubeIDE/plugins/com.st.stm32cube.ide.mcu.externaltools.gnu-tools-for-stm32.13.3.rel1.win32_1.0.0.202411081344/tools/bin/../lib/gcc/arm-none-eabi/13.3.1/../../../../arm-none-eabi/lib/thumb/v7e-m+fp/hard/crt0.o
LOAD ./Core/Src/font12.o
LOAD ./Core/Src/font16.o
LOAD ./Core/Src/font24.o
LOAD ./Core/Src/freertos.o
LOAD ./Core/Src/ili9341.o
LOAD ./Core/Src/main.o
LOAD ./Core/Src/stm32f429i_discovery.o
LOAD ./Core/Src/stm32f429i_discovery_lcd.o
LOAD ./Core/Src/stm32f429i_discovery_sdram.o
LOAD ./Core/Src/stm32f4xx_hal_msp.o
LOAD ./Core/Src/stm32f4xx_it.o
LOAD ./Core/Src/syscalls.o
LOAD ./Core/Src/sysmem.o
LOAD ./Core/Src/system_stm32f4xx.o
LOAD ./Core/Startup/startup_stm32f429zitx.o
LOAD ./Drivers/STM32F4xx_HAL_Driver/Src/stm32f4xx_hal.o
LOAD ./Drivers/STM32F4xx_HAL_Driver/Src/stm32f4xx_hal_cortex.o
LOAD ./Drivers/STM32F4xx_HAL_Driver/Src/stm32f4xx_hal_crc.o
LOAD ./Drivers/STM32F4xx_HAL_Driver/Src/stm32f4xx_hal_dma.o
LOAD ./Drivers/STM32F4xx_HAL_Driver/Src/stm32f4xx_hal_dma2d.o
LOAD ./Drivers/STM32F4xx_HAL_Driver/Src/stm32f4xx_hal_dma_ex.o
LOAD ./Drivers/STM32F4xx_HAL_Driver/Src/stm32f4xx_hal_dsi.o
LOAD ./Drivers/STM32F4xx_HAL_Driver/Src/stm32f4xx_hal_exti.o
LOAD ./Drivers/STM32F4xx_HAL_Driver/Src/stm32f4xx_hal_flash.o
LOAD ./Drivers/STM32F4xx_HAL_Driver/Src/stm32f4xx_hal_flash_ex.o
LOAD ./Drivers/STM32F4xx_HAL_Driver/Src/stm32f4xx_hal_flash_ramfunc.o
LOAD ./Drivers/STM32F4xx_HAL_Driver/Src/stm32f4xx_hal_gpio.o
LOAD ./Drivers/STM32F4xx_HAL_Driver/Src/stm32f4xx_hal_i2c.o
LOAD ./Drivers/STM32F4xx_HAL_Driver/Src/stm32f4xx_hal_i2c_ex.o
LOAD ./Drivers/STM32F4xx_HAL_Driver/Src/stm32f4xx_hal_ltdc.o
LOAD ./Drivers/STM32F4xx_HAL_Driver/Src/stm32f4xx_hal_ltdc_ex.o
LOAD ./Drivers/STM32F4xx_HAL_Driver/Src/stm32f4xx_hal_nand.o
LOAD ./Drivers/STM32F4xx_HAL_Driver/Src/stm32f4xx_hal_nor.o
LOAD ./Drivers/STM32F4xx_HAL_Driver/Src/stm32f4xx_hal_pccard.o
LOAD ./Drivers/STM32F4xx_HAL_Driver/Src/stm32f4xx_hal_pwr.o
LOAD ./Drivers/STM32F4xx_HAL_Driver/Src/stm32f4xx_hal_pwr_ex.o
LOAD ./Drivers/STM32F4xx_HAL_Driver/Src/stm32f4xx_hal_rcc.o
LOAD ./Drivers/STM32F4xx_HAL_Driver/Src/stm32f4xx_hal_rcc_ex.o
LOAD ./Drivers/STM32F4xx_HAL_Driver/Src/stm32f4xx_hal_sdram.o
LOAD ./Drivers/STM32F4xx_HAL_Driver/Src/stm32f4xx_hal_spi.o
LOAD ./Drivers/STM32F4xx_HAL_Driver/Src/stm32f4xx_hal_sram.o
LOAD ./Drivers/STM32F4xx_HAL_Driver/Src/stm32f4xx_hal_uart.o
LOAD ./Drivers/STM32F4xx_HAL_Driver/Src/stm32f4xx_ll_fmc.o
LOAD ./Middlewares/Third_Party/FreeRTOS/Source/CMSIS_RTOS_V2/cmsis_os2.o
LOAD ./Middlewares/Third_Party/FreeRTOS/Source/croutine.o
LOAD ./Middlewares/Third_Party/FreeRTOS/Source/event_groups.o
LOAD ./Middlewares/Third_Party/FreeRTOS/Source/list.o
LOAD ./Middlewares/Third_Party/FreeRTOS/Source/queue.o
LOAD ./Middlewares/Third_Party/FreeRTOS/Source/stream_buffer.o
LOAD ./Middlewares/Third_Party/FreeRTOS/Source/tasks.o
LOAD ./Middlewares/Third_Party/FreeRTOS/Source/timers.o
LOAD ./Middlewares/Third_Party/FreeRTOS/Source/portable/GCC/ARM_CM4F/port.o
LOAD ./Middlewares/Third_Party/FreeRTOS/Source/portable/MemMang/heap_4.o
START GROUP
LOAD C:/ST/STM32CubeIDE_1.17.0/STM32CubeIDE/plugins/com.st.stm32cube.ide.mcu.externaltools.gnu-tools-for-stm32.13.3.rel1.win32_1.0.0.202411081344/tools/bin/../lib/gcc/arm-none-eabi/13.3.1/../../../../arm-none-eabi/lib/thumb/v7e-m+fp/hard\libc_nano.a
LOAD C:/ST/STM32CubeIDE_1.17.0/STM32CubeIDE/plugins/com.st.stm32cube.ide.mcu.externaltools.gnu-tools-for-stm32.13.3.rel1.win32_1.0.0.202411081344/tools/bin/../lib/gcc/arm-none-eabi/13.3.1/../../../../arm-none-eabi/lib/thumb/v7e-m+fp/hard\libm.a
END GROUP
START GROUP
LOAD C:/ST/STM32CubeIDE_1.17.0/STM32CubeIDE/plugins/com.st.stm32cube.ide.mcu.externaltools.gnu-tools-for-stm32.13.3.rel1.win32_1.0.0.202411081344/tools/bin/../lib/gcc/arm-none-eabi/13.3.1/thumb/v7e-m+fp/hard\libgcc.a
LOAD C:/ST/STM32CubeIDE_1.17.0/STM32CubeIDE/plugins/com.st.stm32cube.ide.mcu.externaltools.gnu-tools-for-stm32.13.3.rel1.win32_1.0.0.202411081344/tools/bin/../lib/gcc/arm-none-eabi/13.3.1/../../../../arm-none-eabi/lib/thumb/v7e-m+fp/hard\libc_nano.a
END GROUP
START GROUP
LOAD C:/ST/STM32CubeIDE_1.17.0/STM32CubeIDE/plugins/com.st.stm32cube.ide.mcu.externaltools.gnu-tools-for-stm32.13.3.rel1.win32_1.0.0.202411081344/tools/bin/../lib/gcc/arm-none-eabi/13.3.1/thumb/v7e-m+fp/hard\libgcc.a
LOAD C:/ST/STM32CubeIDE_1.17.0/STM32CubeIDE/plugins/com.st.stm32cube.ide.mcu.externaltools.gnu-tools-for-stm32.13.3.rel1.win32_1.0.0.202411081344/tools/bin/../lib/gcc/arm-none-eabi/13.3.1/../../../../arm-none-eabi/lib/thumb/v7e-m+fp/hard\libc_nano.a
LOAD C:/ST/STM32CubeIDE_1.17.0/STM32CubeIDE/plugins/com.st.stm32cube.ide.mcu.externaltools.gnu-tools-for-stm32.13.3.rel1.win32_1.0.0.202411081344/tools/bin/../lib/gcc/arm-none-eabi/13.3.1/../../../../arm-none-eabi/lib/thumb/v7e-m+fp/hard\libnosys.a
END GROUP
START GROUP
LOAD C:/ST/STM32CubeIDE_1.17.0/STM32CubeIDE/plugins/com.st.stm32cube.ide.mcu.externaltools.gnu-tools-for-stm32.13.3.rel1.win32_1.0.0.202411081344/tools/bin/../lib/gcc/arm-none-eabi/13.3.1/thumb/v7e-m+fp/hard\libgcc.a
LOAD C:/ST/STM32CubeIDE_1.17.0/STM32CubeIDE/plugins/com.st.stm32cube.ide.mcu.externaltools.gnu-tools-for-stm32.13.3.rel1.win32_1.0.0.202411081344/tools/bin/../lib/gcc/arm-none-eabi/13.3.1/../../../../arm-none-eabi/lib/thumb/v7e-m+fp/hard\libc_nano.a
LOAD C:/ST/STM32CubeIDE_1.17.0/STM32CubeIDE/plugins/com.st.stm32cube.ide.mcu.externaltools.gnu-tools-for-stm32.13.3.rel1.win32_1.0.0.202411081344/tools/bin/../lib/gcc/arm-none-eabi/13.3.1/../../../../arm-none-eabi/lib/thumb/v7e-m+fp/hard\libnosys.a
END GROUP
LOAD C:/ST/STM32CubeIDE_1.17.0/STM32CubeIDE/plugins/com.st.stm32cube.ide.mcu.externaltools.gnu-tools-for-stm32.13.3.rel1.win32_1.0.0.202411081344/tools/bin/../lib/gcc/arm-none-eabi/13.3.1/thumb/v7e-m+fp/hard/crtend.o
LOAD C:/ST/STM32CubeIDE_1.17.0/STM32CubeIDE/plugins/com.st.stm32cube.ide.mcu.externaltools.gnu-tools-for-stm32.13.3.rel1.win32_1.0.0.202411081344/tools/bin/../lib/gcc/arm-none-eabi/13.3.1/thumb/v7e-m+fp/hard/crtn.o
                0x20030000                        _estack = (ORIGIN (RAM) + LENGTH (RAM))
                0x00000200                        _Min_Heap_Size = 0x200
                0x00000400                        _Min_Stack_Size = 0x400

.isr_vector     0x08000000      0x1ac
                0x08000000                        . = ALIGN (0x4)
 *(.isr_vector)
 .isr_vector    0x08000000      0x1ac ./Core/Startup/startup_stm32f429zitx.o
                0x08000000                g_pfnVectors
                0x080001ac                        . = ALIGN (0x4)

.text           0x080001b0     0x90d0
                0x080001b0                        . = ALIGN (0x4)
 *(.text)
 .text          0x080001b0       0x40 C:/ST/STM32CubeIDE_1.17.0/STM32CubeIDE/plugins/com.st.stm32cube.ide.mcu.externaltools.gnu-tools-for-stm32.13.3.rel1.win32_1.0.0.202411081344/tools/bin/../lib/gcc/arm-none-eabi/13.3.1/thumb/v7e-m+fp/hard/crtbegin.o
 .text          0x080001f0       0x30 C:/ST/STM32CubeIDE_1.17.0/STM32CubeIDE/plugins/com.st.stm32cube.ide.mcu.externaltools.gnu-tools-for-stm32.13.3.rel1.win32_1.0.0.202411081344/tools/bin/../lib/gcc/arm-none-eabi/13.3.1/thumb/v7e-m+fp/hard\libgcc.a(_aeabi_uldivmod.o)
                0x080001f0                __aeabi_uldivmod
 .text          0x08000220      0x2f8 C:/ST/STM32CubeIDE_1.17.0/STM32CubeIDE/plugins/com.st.stm32cube.ide.mcu.externaltools.gnu-tools-for-stm32.13.3.rel1.win32_1.0.0.202411081344/tools/bin/../lib/gcc/arm-none-eabi/13.3.1/thumb/v7e-m+fp/hard\libgcc.a(_udivmoddi4.o)
                0x08000220                __udivmoddi4
 .text          0x08000518        0x4 C:/ST/STM32CubeIDE_1.17.0/STM32CubeIDE/plugins/com.st.stm32cube.ide.mcu.externaltools.gnu-tools-for-stm32.13.3.rel1.win32_1.0.0.202411081344/tools/bin/../lib/gcc/arm-none-eabi/13.3.1/thumb/v7e-m+fp/hard\libgcc.a(_dvmd_tls.o)
                0x08000518                __aeabi_idiv0
                0x08000518                __aeabi_ldiv0
 *(.text*)
 .text.ili9341_Init
                0x0800051c      0x294 ./Core/Src/ili9341.o
                0x0800051c                ili9341_Init
 .text.ili9341_ReadID
                0x080007b0       0x18 ./Core/Src/ili9341.o
                0x080007b0                ili9341_ReadID
 .text.ili9341_DisplayOn
                0x080007c8        0xe ./Core/Src/ili9341.o
                0x080007c8                ili9341_DisplayOn
 .text.ili9341_DisplayOff
                0x080007d6        0xe ./Core/Src/ili9341.o
                0x080007d6                ili9341_DisplayOff
 .text.ili9341_WriteReg
                0x080007e4       0x1a ./Core/Src/ili9341.o
                0x080007e4                ili9341_WriteReg
 .text.ili9341_WriteData
                0x080007fe       0x1a ./Core/Src/ili9341.o
                0x080007fe                ili9341_WriteData
 .text.ili9341_ReadData
                0x08000818       0x26 ./Core/Src/ili9341.o
                0x08000818                ili9341_ReadData
 .text.ili9341_GetLcdPixelWidth
                0x0800083e       0x10 ./Core/Src/ili9341.o
                0x0800083e                ili9341_GetLcdPixelWidth
 .text.ili9341_GetLcdPixelHeight
                0x0800084e       0x12 ./Core/Src/ili9341.o
                0x0800084e                ili9341_GetLcdPixelHeight
 .text.main     0x08000860       0x9c ./Core/Src/main.o
                0x08000860                main
 .text.SystemClock_Config
                0x080008fc       0xe4 ./Core/Src/main.o
                0x080008fc                SystemClock_Config
 .text.MX_CRC_Init
                0x080009e0       0x28 ./Core/Src/main.o
 .text.MX_DMA2D_Init
                0x08000a08       0x64 ./Core/Src/main.o
 .text.MX_I2C3_Init
                0x08000a6c       0x80 ./Core/Src/main.o
 .text.MX_LTDC_Init
                0x08000aec      0x100 ./Core/Src/main.o
 .text.MX_SPI5_Init
                0x08000bec       0x6c ./Core/Src/main.o
 .text.MX_USART1_UART_Init
                0x08000c58       0x54 ./Core/Src/main.o
 .text.MX_FMC_Init
                0x08000cac       0xa0 ./Core/Src/main.o
 .text.MX_GPIO_Init
                0x08000d4c       0xf8 ./Core/Src/main.o
 .text.StartDefaultTask
                0x08000e44       0x12 ./Core/Src/main.o
                0x08000e44                StartDefaultTask
 .text.Error_Handler
                0x08000e56        0xc ./Core/Src/main.o
                0x08000e56                Error_Handler
 *fill*         0x08000e62        0x2 
 .text.SPIx_Init
                0x08000e64       0x74 ./Core/Src/stm32f429i_discovery.o
 .text.SPIx_Read
                0x08000ed8       0x40 ./Core/Src/stm32f429i_discovery.o
 .text.SPIx_Write
                0x08000f18       0x3c ./Core/Src/stm32f429i_discovery.o
 .text.SPIx_Error
                0x08000f54       0x18 ./Core/Src/stm32f429i_discovery.o
 .text.SPIx_MspInit
                0x08000f6c       0x74 ./Core/Src/stm32f429i_discovery.o
 .text.LCD_IO_Init
                0x08000fe0       0xf0 ./Core/Src/stm32f429i_discovery.o
                0x08000fe0                LCD_IO_Init
 .text.LCD_IO_WriteData
                0x080010d0       0x44 ./Core/Src/stm32f429i_discovery.o
                0x080010d0                LCD_IO_WriteData
 .text.LCD_IO_WriteReg
                0x08001114       0x44 ./Core/Src/stm32f429i_discovery.o
                0x08001114                LCD_IO_WriteReg
 .text.LCD_IO_ReadData
                0x08001158       0x64 ./Core/Src/stm32f429i_discovery.o
                0x08001158                LCD_IO_ReadData
 .text.LCD_Delay
                0x080011bc       0x16 ./Core/Src/stm32f429i_discovery.o
                0x080011bc                LCD_Delay
 *fill*         0x080011d2        0x2 
 .text.BSP_LCD_Init
                0x080011d4       0xc8 ./Core/Src/stm32f429i_discovery_lcd.o
                0x080011d4                BSP_LCD_Init
 .text.BSP_LCD_GetXSize
                0x0800129c       0x18 ./Core/Src/stm32f429i_discovery_lcd.o
                0x0800129c                BSP_LCD_GetXSize
 .text.BSP_LCD_GetYSize
                0x080012b4       0x18 ./Core/Src/stm32f429i_discovery_lcd.o
                0x080012b4                BSP_LCD_GetYSize
 .text.BSP_LCD_LayerDefaultInit
                0x080012cc       0xc8 ./Core/Src/stm32f429i_discovery_lcd.o
                0x080012cc                BSP_LCD_LayerDefaultInit
 .text.BSP_LCD_SelectLayer
                0x08001394       0x20 ./Core/Src/stm32f429i_discovery_lcd.o
                0x08001394                BSP_LCD_SelectLayer
 .text.BSP_LCD_SetTextColor
                0x080013b4       0x30 ./Core/Src/stm32f429i_discovery_lcd.o
                0x080013b4                BSP_LCD_SetTextColor
 .text.BSP_LCD_GetFont
                0x080013e4       0x2c ./Core/Src/stm32f429i_discovery_lcd.o
                0x080013e4                BSP_LCD_GetFont
 .text.BSP_LCD_Clear
                0x08001410       0x50 ./Core/Src/stm32f429i_discovery_lcd.o
                0x08001410                BSP_LCD_Clear
 .text.BSP_LCD_DisplayChar
                0x08001460       0x88 ./Core/Src/stm32f429i_discovery_lcd.o
                0x08001460                BSP_LCD_DisplayChar
 .text.BSP_LCD_DisplayStringAt
                0x080014e8      0x17c ./Core/Src/stm32f429i_discovery_lcd.o
                0x080014e8                BSP_LCD_DisplayStringAt
 .text.BSP_LCD_DisplayStringAtLine
                0x08001664       0x2e ./Core/Src/stm32f429i_discovery_lcd.o
                0x08001664                BSP_LCD_DisplayStringAtLine
 *fill*         0x08001692        0x2 
 .text.BSP_LCD_MspInit
                0x08001694      0x1ac ./Core/Src/stm32f429i_discovery_lcd.o
                0x08001694                BSP_LCD_MspInit
 .text.BSP_LCD_DrawPixel
                0x08001840       0x4c ./Core/Src/stm32f429i_discovery_lcd.o
                0x08001840                BSP_LCD_DrawPixel
 .text.DrawChar
                0x0800188c      0x174 ./Core/Src/stm32f429i_discovery_lcd.o
 .text.FillBuffer
                0x08001a00       0x70 ./Core/Src/stm32f429i_discovery_lcd.o
 .text.BSP_SDRAM_Init
                0x08001a70       0xbc ./Core/Src/stm32f429i_discovery_sdram.o
                0x08001a70                BSP_SDRAM_Init
 .text.BSP_SDRAM_Initialization_sequence
                0x08001b2c       0xc0 ./Core/Src/stm32f429i_discovery_sdram.o
                0x08001b2c                BSP_SDRAM_Initialization_sequence
 .text.BSP_SDRAM_MspInit
                0x08001bec      0x218 ./Core/Src/stm32f429i_discovery_sdram.o
                0x08001bec                BSP_SDRAM_MspInit
 .text.HAL_MspInit
                0x08001e04       0x58 ./Core/Src/stm32f4xx_hal_msp.o
                0x08001e04                HAL_MspInit
 .text.HAL_CRC_MspInit
                0x08001e5c       0x44 ./Core/Src/stm32f4xx_hal_msp.o
                0x08001e5c                HAL_CRC_MspInit
 .text.HAL_DMA2D_MspInit
                0x08001ea0       0x50 ./Core/Src/stm32f4xx_hal_msp.o
                0x08001ea0                HAL_DMA2D_MspInit
 .text.HAL_I2C_MspInit
                0x08001ef0       0xd4 ./Core/Src/stm32f4xx_hal_msp.o
                0x08001ef0                HAL_I2C_MspInit
 .text.HAL_LTDC_MspInit
                0x08001fc4      0x250 ./Core/Src/stm32f4xx_hal_msp.o
                0x08001fc4                HAL_LTDC_MspInit
 .text.HAL_SPI_MspInit
                0x08002214       0x90 ./Core/Src/stm32f4xx_hal_msp.o
                0x08002214                HAL_SPI_MspInit
 .text.HAL_SPI_MspDeInit
                0x080022a4       0x3c ./Core/Src/stm32f4xx_hal_msp.o
                0x080022a4                HAL_SPI_MspDeInit
 .text.HAL_UART_MspInit
                0x080022e0       0x90 ./Core/Src/stm32f4xx_hal_msp.o
                0x080022e0                HAL_UART_MspInit
 .text.HAL_FMC_MspInit
                0x08002370      0x124 ./Core/Src/stm32f4xx_hal_msp.o
 .text.HAL_SDRAM_MspInit
                0x08002494       0x14 ./Core/Src/stm32f4xx_hal_msp.o
                0x08002494                HAL_SDRAM_MspInit
 .text.NMI_Handler
                0x080024a8        0x8 ./Core/Src/stm32f4xx_it.o
                0x080024a8                NMI_Handler
 .text.HardFault_Handler
                0x080024b0        0x8 ./Core/Src/stm32f4xx_it.o
                0x080024b0                HardFault_Handler
 .text.MemManage_Handler
                0x080024b8        0x8 ./Core/Src/stm32f4xx_it.o
                0x080024b8                MemManage_Handler
 .text.BusFault_Handler
                0x080024c0        0x8 ./Core/Src/stm32f4xx_it.o
                0x080024c0                BusFault_Handler
 .text.UsageFault_Handler
                0x080024c8        0x8 ./Core/Src/stm32f4xx_it.o
                0x080024c8                UsageFault_Handler
 .text.DebugMon_Handler
                0x080024d0        0xe ./Core/Src/stm32f4xx_it.o
                0x080024d0                DebugMon_Handler
 .text.SysTick_Handler
                0x080024de       0x1a ./Core/Src/stm32f4xx_it.o
                0x080024de                SysTick_Handler
 .text.DMA2D_IRQHandler
                0x080024f8       0x14 ./Core/Src/stm32f4xx_it.o
                0x080024f8                DMA2D_IRQHandler
 .text.SystemInit
                0x0800250c       0x24 ./Core/Src/system_stm32f4xx.o
                0x0800250c                SystemInit
 .text.Reset_Handler
                0x08002530       0x50 ./Core/Startup/startup_stm32f429zitx.o
                0x08002530                Reset_Handler
 .text.Default_Handler
                0x08002580        0x2 ./Core/Startup/startup_stm32f429zitx.o
                0x08002580                RTC_Alarm_IRQHandler
                0x08002580                HASH_RNG_IRQHandler
                0x08002580                EXTI2_IRQHandler
                0x08002580                TIM8_CC_IRQHandler
                0x08002580                UART8_IRQHandler
                0x08002580                SPI4_IRQHandler
                0x08002580                TIM1_CC_IRQHandler
                0x08002580                DMA2_Stream5_IRQHandler
                0x08002580                DMA1_Stream5_IRQHandler
                0x08002580                PVD_IRQHandler
                0x08002580                SDIO_IRQHandler
                0x08002580                TAMP_STAMP_IRQHandler
                0x08002580                CAN2_RX1_IRQHandler
                0x08002580                EXTI3_IRQHandler
                0x08002580                TIM8_TRG_COM_TIM14_IRQHandler
                0x08002580                TIM1_UP_TIM10_IRQHandler
                0x08002580                TIM8_UP_TIM13_IRQHandler
                0x08002580                I2C3_ER_IRQHandler
                0x08002580                EXTI0_IRQHandler
                0x08002580                I2C2_EV_IRQHandler
                0x08002580                DMA1_Stream2_IRQHandler
                0x08002580                CAN1_RX0_IRQHandler
                0x08002580                FPU_IRQHandler
                0x08002580                OTG_HS_WKUP_IRQHandler
                0x08002580                LTDC_ER_IRQHandler
                0x08002580                CAN2_SCE_IRQHandler
                0x08002580                DMA2_Stream2_IRQHandler
                0x08002580                SPI1_IRQHandler
                0x08002580                TIM6_DAC_IRQHandler
                0x08002580                TIM1_BRK_TIM9_IRQHandler
                0x08002580                DCMI_IRQHandler
                0x08002580                CAN2_RX0_IRQHandler
                0x08002580                DMA2_Stream3_IRQHandler
                0x08002580                USART6_IRQHandler
                0x08002580                USART3_IRQHandler
                0x08002580                CAN1_RX1_IRQHandler
                0x08002580                UART5_IRQHandler
                0x08002580                DMA2_Stream0_IRQHandler
                0x08002580                TIM4_IRQHandler
                0x08002580                I2C1_EV_IRQHandler
                0x08002580                DMA1_Stream6_IRQHandler
                0x08002580                DMA1_Stream1_IRQHandler
                0x08002580                UART4_IRQHandler
                0x08002580                TIM3_IRQHandler
                0x08002580                RCC_IRQHandler
                0x08002580                TIM8_BRK_TIM12_IRQHandler
                0x08002580                Default_Handler
                0x08002580                EXTI15_10_IRQHandler
                0x08002580                ADC_IRQHandler
                0x08002580                DMA1_Stream7_IRQHandler
                0x08002580                SPI5_IRQHandler
                0x08002580                TIM7_IRQHandler
                0x08002580                CAN2_TX_IRQHandler
                0x08002580                TIM5_IRQHandler
                0x08002580                DMA2_Stream7_IRQHandler
                0x08002580                I2C3_EV_IRQHandler
                0x08002580                EXTI9_5_IRQHandler
                0x08002580                RTC_WKUP_IRQHandler
                0x08002580                LTDC_IRQHandler
                0x08002580                ETH_WKUP_IRQHandler
                0x08002580                SPI2_IRQHandler
                0x08002580                OTG_HS_EP1_IN_IRQHandler
                0x08002580                DMA1_Stream0_IRQHandler
                0x08002580                CAN1_TX_IRQHandler
                0x08002580                EXTI4_IRQHandler
                0x08002580                ETH_IRQHandler
                0x08002580                OTG_HS_EP1_OUT_IRQHandler
                0x08002580                WWDG_IRQHandler
                0x08002580                SPI6_IRQHandler
                0x08002580                TIM2_IRQHandler
                0x08002580                OTG_FS_WKUP_IRQHandler
                0x08002580                TIM1_TRG_COM_TIM11_IRQHandler
                0x08002580                OTG_HS_IRQHandler
                0x08002580                EXTI1_IRQHandler
                0x08002580                UART7_IRQHandler
                0x08002580                USART2_IRQHandler
                0x08002580                I2C2_ER_IRQHandler
                0x08002580                DMA2_Stream1_IRQHandler
                0x08002580                CAN1_SCE_IRQHandler
                0x08002580                FLASH_IRQHandler
                0x08002580                DMA2_Stream4_IRQHandler
                0x08002580                USART1_IRQHandler
                0x08002580                OTG_FS_IRQHandler
                0x08002580                SPI3_IRQHandler
                0x08002580                DMA1_Stream4_IRQHandler
                0x08002580                I2C1_ER_IRQHandler
                0x08002580                FMC_IRQHandler
                0x08002580                DMA2_Stream6_IRQHandler
                0x08002580                SAI1_IRQHandler
                0x08002580                DMA1_Stream3_IRQHandler
 *fill*         0x08002582        0x2 
 .text.HAL_Init
                0x08002584       0x44 ./Drivers/STM32F4xx_HAL_Driver/Src/stm32f4xx_hal.o
                0x08002584                HAL_Init
 .text.HAL_InitTick
                0x080025c8       0x60 ./Drivers/STM32F4xx_HAL_Driver/Src/stm32f4xx_hal.o
                0x080025c8                HAL_InitTick
 .text.HAL_IncTick
                0x08002628       0x28 ./Drivers/STM32F4xx_HAL_Driver/Src/stm32f4xx_hal.o
                0x08002628                HAL_IncTick
 .text.HAL_GetTick
                0x08002650       0x18 ./Drivers/STM32F4xx_HAL_Driver/Src/stm32f4xx_hal.o
                0x08002650                HAL_GetTick
 .text.HAL_Delay
                0x08002668       0x48 ./Drivers/STM32F4xx_HAL_Driver/Src/stm32f4xx_hal.o
                0x08002668                HAL_Delay
 .text.__NVIC_SetPriorityGrouping
                0x080026b0       0x48 ./Drivers/STM32F4xx_HAL_Driver/Src/stm32f4xx_hal_cortex.o
 .text.__NVIC_GetPriorityGrouping
                0x080026f8       0x1c ./Drivers/STM32F4xx_HAL_Driver/Src/stm32f4xx_hal_cortex.o
 .text.__NVIC_EnableIRQ
                0x08002714       0x3c ./Drivers/STM32F4xx_HAL_Driver/Src/stm32f4xx_hal_cortex.o
 .text.__NVIC_SetPriority
                0x08002750       0x54 ./Drivers/STM32F4xx_HAL_Driver/Src/stm32f4xx_hal_cortex.o
 .text.NVIC_EncodePriority
                0x080027a4       0x66 ./Drivers/STM32F4xx_HAL_Driver/Src/stm32f4xx_hal_cortex.o
 *fill*         0x0800280a        0x2 
 .text.SysTick_Config
                0x0800280c       0x44 ./Drivers/STM32F4xx_HAL_Driver/Src/stm32f4xx_hal_cortex.o
 .text.HAL_NVIC_SetPriorityGrouping
                0x08002850       0x16 ./Drivers/STM32F4xx_HAL_Driver/Src/stm32f4xx_hal_cortex.o
                0x08002850                HAL_NVIC_SetPriorityGrouping
 .text.HAL_NVIC_SetPriority
                0x08002866       0x38 ./Drivers/STM32F4xx_HAL_Driver/Src/stm32f4xx_hal_cortex.o
                0x08002866                HAL_NVIC_SetPriority
 .text.HAL_NVIC_EnableIRQ
                0x0800289e       0x1c ./Drivers/STM32F4xx_HAL_Driver/Src/stm32f4xx_hal_cortex.o
                0x0800289e                HAL_NVIC_EnableIRQ
 .text.HAL_SYSTICK_Config
                0x080028ba       0x18 ./Drivers/STM32F4xx_HAL_Driver/Src/stm32f4xx_hal_cortex.o
                0x080028ba                HAL_SYSTICK_Config
 .text.HAL_CRC_Init
                0x080028d2       0x38 ./Drivers/STM32F4xx_HAL_Driver/Src/stm32f4xx_hal_crc.o
                0x080028d2                HAL_CRC_Init
 *fill*         0x0800290a        0x2 
 .text.HAL_DMA_Init
                0x0800290c      0x15c ./Drivers/STM32F4xx_HAL_Driver/Src/stm32f4xx_hal_dma.o
                0x0800290c                HAL_DMA_Init
 .text.HAL_DMA_DeInit
                0x08002a68       0xbc ./Drivers/STM32F4xx_HAL_Driver/Src/stm32f4xx_hal_dma.o
                0x08002a68                HAL_DMA_DeInit
 .text.DMA_CalcBaseAndBitshift
                0x08002b24       0x6c ./Drivers/STM32F4xx_HAL_Driver/Src/stm32f4xx_hal_dma.o
 .text.DMA_CheckFifoParam
                0x08002b90       0xf8 ./Drivers/STM32F4xx_HAL_Driver/Src/stm32f4xx_hal_dma.o
 .text.HAL_DMA2D_Init
                0x08002c88       0x92 ./Drivers/STM32F4xx_HAL_Driver/Src/stm32f4xx_hal_dma2d.o
                0x08002c88                HAL_DMA2D_Init
 .text.HAL_DMA2D_Start
                0x08002d1a       0x56 ./Drivers/STM32F4xx_HAL_Driver/Src/stm32f4xx_hal_dma2d.o
                0x08002d1a                HAL_DMA2D_Start
 .text.HAL_DMA2D_PollForTransfer
                0x08002d70      0x1d2 ./Drivers/STM32F4xx_HAL_Driver/Src/stm32f4xx_hal_dma2d.o
                0x08002d70                HAL_DMA2D_PollForTransfer
 .text.HAL_DMA2D_IRQHandler
                0x08002f42      0x1f8 ./Drivers/STM32F4xx_HAL_Driver/Src/stm32f4xx_hal_dma2d.o
                0x08002f42                HAL_DMA2D_IRQHandler
 .text.HAL_DMA2D_LineEventCallback
                0x0800313a       0x14 ./Drivers/STM32F4xx_HAL_Driver/Src/stm32f4xx_hal_dma2d.o
                0x0800313a                HAL_DMA2D_LineEventCallback
 .text.HAL_DMA2D_CLUTLoadingCpltCallback
                0x0800314e       0x14 ./Drivers/STM32F4xx_HAL_Driver/Src/stm32f4xx_hal_dma2d.o
                0x0800314e                HAL_DMA2D_CLUTLoadingCpltCallback
 *fill*         0x08003162        0x2 
 .text.HAL_DMA2D_ConfigLayer
                0x08003164      0x124 ./Drivers/STM32F4xx_HAL_Driver/Src/stm32f4xx_hal_dma2d.o
                0x08003164                HAL_DMA2D_ConfigLayer
 .text.DMA2D_SetConfig
                0x08003288      0x138 ./Drivers/STM32F4xx_HAL_Driver/Src/stm32f4xx_hal_dma2d.o
 .text.HAL_GPIO_Init
                0x080033c0      0x358 ./Drivers/STM32F4xx_HAL_Driver/Src/stm32f4xx_hal_gpio.o
                0x080033c0                HAL_GPIO_Init
 .text.HAL_GPIO_DeInit
                0x08003718      0x218 ./Drivers/STM32F4xx_HAL_Driver/Src/stm32f4xx_hal_gpio.o
                0x08003718                HAL_GPIO_DeInit
 .text.HAL_GPIO_WritePin
                0x08003930       0x32 ./Drivers/STM32F4xx_HAL_Driver/Src/stm32f4xx_hal_gpio.o
                0x08003930                HAL_GPIO_WritePin
 *fill*         0x08003962        0x2 
 .text.HAL_I2C_Init
                0x08003964      0x288 ./Drivers/STM32F4xx_HAL_Driver/Src/stm32f4xx_hal_i2c.o
                0x08003964                HAL_I2C_Init
 .text.HAL_I2CEx_ConfigAnalogFilter
                0x08003bec       0x78 ./Drivers/STM32F4xx_HAL_Driver/Src/stm32f4xx_hal_i2c_ex.o
                0x08003bec                HAL_I2CEx_ConfigAnalogFilter
 .text.HAL_I2CEx_ConfigDigitalFilter
                0x08003c64       0x7e ./Drivers/STM32F4xx_HAL_Driver/Src/stm32f4xx_hal_i2c_ex.o
                0x08003c64                HAL_I2CEx_ConfigDigitalFilter
 *fill*         0x08003ce2        0x2 
 .text.HAL_LTDC_Init
                0x08003ce4      0x1a0 ./Drivers/STM32F4xx_HAL_Driver/Src/stm32f4xx_hal_ltdc.o
                0x08003ce4                HAL_LTDC_Init
 .text.HAL_LTDC_ConfigLayer
                0x08003e84       0x7c ./Drivers/STM32F4xx_HAL_Driver/Src/stm32f4xx_hal_ltdc.o
                0x08003e84                HAL_LTDC_ConfigLayer
 .text.HAL_LTDC_EnableDither
                0x08003f00       0x54 ./Drivers/STM32F4xx_HAL_Driver/Src/stm32f4xx_hal_ltdc.o
                0x08003f00                HAL_LTDC_EnableDither
 .text.LTDC_SetConfig
                0x08003f54      0x32e ./Drivers/STM32F4xx_HAL_Driver/Src/stm32f4xx_hal_ltdc.o
 *fill*         0x08004282        0x2 
 .text.HAL_PWREx_EnableOverDrive
                0x08004284       0xa0 ./Drivers/STM32F4xx_HAL_Driver/Src/stm32f4xx_hal_pwr_ex.o
                0x08004284                HAL_PWREx_EnableOverDrive
 .text.HAL_RCC_OscConfig
                0x08004324      0x4f0 ./Drivers/STM32F4xx_HAL_Driver/Src/stm32f4xx_hal_rcc.o
                0x08004324                HAL_RCC_OscConfig
 .text.HAL_RCC_ClockConfig
                0x08004814      0x1cc ./Drivers/STM32F4xx_HAL_Driver/Src/stm32f4xx_hal_rcc.o
                0x08004814                HAL_RCC_ClockConfig
 .text.HAL_RCC_GetSysClockFreq
                0x080049e0      0x20c ./Drivers/STM32F4xx_HAL_Driver/Src/stm32f4xx_hal_rcc.o
                0x080049e0                HAL_RCC_GetSysClockFreq
 .text.HAL_RCC_GetHCLKFreq
                0x08004bec       0x18 ./Drivers/STM32F4xx_HAL_Driver/Src/stm32f4xx_hal_rcc.o
                0x08004bec                HAL_RCC_GetHCLKFreq
 .text.HAL_RCC_GetPCLK1Freq
                0x08004c04       0x28 ./Drivers/STM32F4xx_HAL_Driver/Src/stm32f4xx_hal_rcc.o
                0x08004c04                HAL_RCC_GetPCLK1Freq
 .text.HAL_RCC_GetPCLK2Freq
                0x08004c2c       0x28 ./Drivers/STM32F4xx_HAL_Driver/Src/stm32f4xx_hal_rcc.o
                0x08004c2c                HAL_RCC_GetPCLK2Freq
 .text.HAL_RCCEx_PeriphCLKConfig
                0x08004c54      0x380 ./Drivers/STM32F4xx_HAL_Driver/Src/stm32f4xx_hal_rcc_ex.o
                0x08004c54                HAL_RCCEx_PeriphCLKConfig
 .text.HAL_SDRAM_Init
                0x08004fd4       0x68 ./Drivers/STM32F4xx_HAL_Driver/Src/stm32f4xx_hal_sdram.o
                0x08004fd4                HAL_SDRAM_Init
 .text.HAL_SDRAM_SendCommand
                0x0800503c       0x6a ./Drivers/STM32F4xx_HAL_Driver/Src/stm32f4xx_hal_sdram.o
                0x0800503c                HAL_SDRAM_SendCommand
 .text.HAL_SDRAM_ProgramRefreshRate
                0x080050a6       0x50 ./Drivers/STM32F4xx_HAL_Driver/Src/stm32f4xx_hal_sdram.o
                0x080050a6                HAL_SDRAM_ProgramRefreshRate
 .text.HAL_SPI_Init
                0x080050f6      0x112 ./Drivers/STM32F4xx_HAL_Driver/Src/stm32f4xx_hal_spi.o
                0x080050f6                HAL_SPI_Init
 .text.HAL_SPI_DeInit
                0x08005208       0x50 ./Drivers/STM32F4xx_HAL_Driver/Src/stm32f4xx_hal_spi.o
                0x08005208                HAL_SPI_DeInit
 .text.HAL_SPI_Transmit
                0x08005258      0x288 ./Drivers/STM32F4xx_HAL_Driver/Src/stm32f4xx_hal_spi.o
                0x08005258                HAL_SPI_Transmit
 .text.HAL_SPI_Receive
                0x080054e0      0x232 ./Drivers/STM32F4xx_HAL_Driver/Src/stm32f4xx_hal_spi.o
                0x080054e0                HAL_SPI_Receive
 .text.HAL_SPI_TransmitReceive
                0x08005712      0x352 ./Drivers/STM32F4xx_HAL_Driver/Src/stm32f4xx_hal_spi.o
                0x08005712                HAL_SPI_TransmitReceive
 .text.HAL_SPI_GetState
                0x08005a64       0x1c ./Drivers/STM32F4xx_HAL_Driver/Src/stm32f4xx_hal_spi.o
                0x08005a64                HAL_SPI_GetState
 .text.SPI_WaitFlagStateUntilTimeout
                0x08005a80      0x110 ./Drivers/STM32F4xx_HAL_Driver/Src/stm32f4xx_hal_spi.o
 .text.SPI_EndRxTransaction
                0x08005b90       0xca ./Drivers/STM32F4xx_HAL_Driver/Src/stm32f4xx_hal_spi.o
 *fill*         0x08005c5a        0x2 
 .text.SPI_EndRxTxTransaction
                0x08005c5c       0xa8 ./Drivers/STM32F4xx_HAL_Driver/Src/stm32f4xx_hal_spi.o
 .text.HAL_UART_Init
                0x08005d04       0xa0 ./Drivers/STM32F4xx_HAL_Driver/Src/stm32f4xx_hal_uart.o
                0x08005d04                HAL_UART_Init
 .text.UART_SetConfig
                0x08005da4      0x4e8 ./Drivers/STM32F4xx_HAL_Driver/Src/stm32f4xx_hal_uart.o
 .text.FMC_SDRAM_Init
                0x0800628c       0xba ./Drivers/STM32F4xx_HAL_Driver/Src/stm32f4xx_ll_fmc.o
                0x0800628c                FMC_SDRAM_Init
 .text.FMC_SDRAM_Timing_Init
                0x08006346       0xd2 ./Drivers/STM32F4xx_HAL_Driver/Src/stm32f4xx_ll_fmc.o
                0x08006346                FMC_SDRAM_Timing_Init
 .text.FMC_SDRAM_SendCommand
                0x08006418       0x7a ./Drivers/STM32F4xx_HAL_Driver/Src/stm32f4xx_ll_fmc.o
                0x08006418                FMC_SDRAM_SendCommand
 .text.FMC_SDRAM_ProgramRefreshRate
                0x08006492       0x2e ./Drivers/STM32F4xx_HAL_Driver/Src/stm32f4xx_ll_fmc.o
                0x08006492                FMC_SDRAM_ProgramRefreshRate
 .text.__NVIC_SetPriority
                0x080064c0       0x54 ./Middlewares/Third_Party/FreeRTOS/Source/CMSIS_RTOS_V2/cmsis_os2.o
 .text.SVC_Setup
                0x08006514       0x12 ./Middlewares/Third_Party/FreeRTOS/Source/CMSIS_RTOS_V2/cmsis_os2.o
 *fill*         0x08006526        0x2 
 .text.osKernelInitialize
                0x08006528       0x48 ./Middlewares/Third_Party/FreeRTOS/Source/CMSIS_RTOS_V2/cmsis_os2.o
                0x08006528                osKernelInitialize
 .text.osKernelStart
                0x08006570       0x4c ./Middlewares/Third_Party/FreeRTOS/Source/CMSIS_RTOS_V2/cmsis_os2.o
                0x08006570                osKernelStart
 .text.osThreadNew
                0x080065bc      0x124 ./Middlewares/Third_Party/FreeRTOS/Source/CMSIS_RTOS_V2/cmsis_os2.o
                0x080065bc                osThreadNew
 .text.osDelay  0x080066e0       0x36 ./Middlewares/Third_Party/FreeRTOS/Source/CMSIS_RTOS_V2/cmsis_os2.o
                0x080066e0                osDelay
 *fill*         0x08006716        0x2 
 .text.vApplicationGetIdleTaskMemory
                0x08006718       0x34 ./Middlewares/Third_Party/FreeRTOS/Source/CMSIS_RTOS_V2/cmsis_os2.o
                0x08006718                vApplicationGetIdleTaskMemory
 .text.vApplicationGetTimerTaskMemory
                0x0800674c       0x34 ./Middlewares/Third_Party/FreeRTOS/Source/CMSIS_RTOS_V2/cmsis_os2.o
                0x0800674c                vApplicationGetTimerTaskMemory
 .text.vListInitialise
                0x08006780       0x40 ./Middlewares/Third_Party/FreeRTOS/Source/list.o
                0x08006780                vListInitialise
 .text.vListInitialiseItem
                0x080067c0       0x1a ./Middlewares/Third_Party/FreeRTOS/Source/list.o
                0x080067c0                vListInitialiseItem
 .text.vListInsertEnd
                0x080067da       0x48 ./Middlewares/Third_Party/FreeRTOS/Source/list.o
                0x080067da                vListInsertEnd
 .text.vListInsert
                0x08006822       0x72 ./Middlewares/Third_Party/FreeRTOS/Source/list.o
                0x08006822                vListInsert
 .text.uxListRemove
                0x08006894       0x54 ./Middlewares/Third_Party/FreeRTOS/Source/list.o
                0x08006894                uxListRemove
 .text.xQueueGenericReset
                0x080068e8       0xd4 ./Middlewares/Third_Party/FreeRTOS/Source/queue.o
                0x080068e8                xQueueGenericReset
 .text.xQueueGenericCreateStatic
                0x080069bc       0xfa ./Middlewares/Third_Party/FreeRTOS/Source/queue.o
                0x080069bc                xQueueGenericCreateStatic
 .text.prvInitialiseNewQueue
                0x08006ab6       0x46 ./Middlewares/Third_Party/FreeRTOS/Source/queue.o
 .text.xQueueGenericSend
                0x08006afc      0x204 ./Middlewares/Third_Party/FreeRTOS/Source/queue.o
                0x08006afc                xQueueGenericSend
 .text.xQueueGenericSendFromISR
                0x08006d00      0x13c ./Middlewares/Third_Party/FreeRTOS/Source/queue.o
                0x08006d00                xQueueGenericSendFromISR
 .text.xQueueReceive
                0x08006e3c      0x1c4 ./Middlewares/Third_Party/FreeRTOS/Source/queue.o
                0x08006e3c                xQueueReceive
 .text.prvCopyDataToQueue
                0x08007000       0xd4 ./Middlewares/Third_Party/FreeRTOS/Source/queue.o
 .text.prvCopyDataFromQueue
                0x080070d4       0x4c ./Middlewares/Third_Party/FreeRTOS/Source/queue.o
 .text.prvUnlockQueue
                0x08007120       0xa4 ./Middlewares/Third_Party/FreeRTOS/Source/queue.o
 .text.prvIsQueueEmpty
                0x080071c4       0x2c ./Middlewares/Third_Party/FreeRTOS/Source/queue.o
 .text.prvIsQueueFull
                0x080071f0       0x30 ./Middlewares/Third_Party/FreeRTOS/Source/queue.o
 .text.vQueueAddToRegistry
                0x08007220       0x54 ./Middlewares/Third_Party/FreeRTOS/Source/queue.o
                0x08007220                vQueueAddToRegistry
 .text.vQueueWaitForMessageRestricted
                0x08007274       0x68 ./Middlewares/Third_Party/FreeRTOS/Source/queue.o
                0x08007274                vQueueWaitForMessageRestricted
 .text.xTaskCreateStatic
                0x080072dc       0xc0 ./Middlewares/Third_Party/FreeRTOS/Source/tasks.o
                0x080072dc                xTaskCreateStatic
 .text.xTaskCreate
                0x0800739c       0x8a ./Middlewares/Third_Party/FreeRTOS/Source/tasks.o
                0x0800739c                xTaskCreate
 *fill*         0x08007426        0x2 
 .text.prvInitialiseNewTask
                0x08007428      0x150 ./Middlewares/Third_Party/FreeRTOS/Source/tasks.o
 .text.prvAddNewTaskToReadyList
                0x08007578       0xe0 ./Middlewares/Third_Party/FreeRTOS/Source/tasks.o
 .text.vTaskDelay
                0x08007658       0x6c ./Middlewares/Third_Party/FreeRTOS/Source/tasks.o
                0x08007658                vTaskDelay
 .text.vTaskStartScheduler
                0x080076c4       0xe0 ./Middlewares/Third_Party/FreeRTOS/Source/tasks.o
                0x080076c4                vTaskStartScheduler
 .text.vTaskSuspendAll
                0x080077a4       0x1c ./Middlewares/Third_Party/FreeRTOS/Source/tasks.o
                0x080077a4                vTaskSuspendAll
 .text.xTaskResumeAll
                0x080077c0      0x13c ./Middlewares/Third_Party/FreeRTOS/Source/tasks.o
                0x080077c0                xTaskResumeAll
 .text.xTaskGetTickCount
                0x080078fc       0x20 ./Middlewares/Third_Party/FreeRTOS/Source/tasks.o
                0x080078fc                xTaskGetTickCount
 .text.xTaskIncrementTick
                0x0800791c      0x174 ./Middlewares/Third_Party/FreeRTOS/Source/tasks.o
                0x0800791c                xTaskIncrementTick
 .text.vTaskSwitchContext
                0x08007a90       0xcc ./Middlewares/Third_Party/FreeRTOS/Source/tasks.o
                0x08007a90                vTaskSwitchContext
 .text.vTaskPlaceOnEventList
                0x08007b5c       0x4c ./Middlewares/Third_Party/FreeRTOS/Source/tasks.o
                0x08007b5c                vTaskPlaceOnEventList
 .text.vTaskPlaceOnEventListRestricted
                0x08007ba8       0x58 ./Middlewares/Third_Party/FreeRTOS/Source/tasks.o
                0x08007ba8                vTaskPlaceOnEventListRestricted
 .text.xTaskRemoveFromEventList
                0x08007c00       0xc8 ./Middlewares/Third_Party/FreeRTOS/Source/tasks.o
                0x08007c00                xTaskRemoveFromEventList
 .text.vTaskInternalSetTimeOutState
                0x08007cc8       0x2c ./Middlewares/Third_Party/FreeRTOS/Source/tasks.o
                0x08007cc8                vTaskInternalSetTimeOutState
 .text.xTaskCheckForTimeOut
                0x08007cf4       0xc8 ./Middlewares/Third_Party/FreeRTOS/Source/tasks.o
                0x08007cf4                xTaskCheckForTimeOut
 .text.vTaskMissedYield
                0x08007dbc       0x18 ./Middlewares/Third_Party/FreeRTOS/Source/tasks.o
                0x08007dbc                vTaskMissedYield
 .text.prvIdleTask
                0x08007dd4       0x30 ./Middlewares/Third_Party/FreeRTOS/Source/tasks.o
 .text.prvInitialiseTaskLists
                0x08007e04       0x80 ./Middlewares/Third_Party/FreeRTOS/Source/tasks.o
 .text.prvCheckTasksWaitingTermination
                0x08007e84       0x5c ./Middlewares/Third_Party/FreeRTOS/Source/tasks.o
 .text.prvDeleteTCB
                0x08007ee0       0x6a ./Middlewares/Third_Party/FreeRTOS/Source/tasks.o
 *fill*         0x08007f4a        0x2 
 .text.prvResetNextTaskUnblockTime
                0x08007f4c       0x40 ./Middlewares/Third_Party/FreeRTOS/Source/tasks.o
 .text.xTaskGetSchedulerState
                0x08007f8c       0x3c ./Middlewares/Third_Party/FreeRTOS/Source/tasks.o
                0x08007f8c                xTaskGetSchedulerState
 .text.xTaskPriorityDisinherit
                0x08007fc8       0xe0 ./Middlewares/Third_Party/FreeRTOS/Source/tasks.o
                0x08007fc8                xTaskPriorityDisinherit
 .text.prvAddCurrentTaskToDelayedList
                0x080080a8       0xa8 ./Middlewares/Third_Party/FreeRTOS/Source/tasks.o
 .text.xTimerCreateTimerTask
                0x08008150       0x94 ./Middlewares/Third_Party/FreeRTOS/Source/timers.o
                0x08008150                xTimerCreateTimerTask
 .text.xTimerGenericCommand
                0x080081e4       0x9c ./Middlewares/Third_Party/FreeRTOS/Source/timers.o
                0x080081e4                xTimerGenericCommand
 .text.prvProcessExpiredTimer
                0x08008280       0x9c ./Middlewares/Third_Party/FreeRTOS/Source/timers.o
 .text.prvTimerTask
                0x0800831c       0x26 ./Middlewares/Third_Party/FreeRTOS/Source/timers.o
 *fill*         0x08008342        0x2 
 .text.prvProcessTimerOrBlockTask
                0x08008344       0x9c ./Middlewares/Third_Party/FreeRTOS/Source/timers.o
 .text.prvGetNextExpireTime
                0x080083e0       0x48 ./Middlewares/Third_Party/FreeRTOS/Source/timers.o
 .text.prvSampleTimeNow
                0x08008428       0x40 ./Middlewares/Third_Party/FreeRTOS/Source/timers.o
 .text.prvInsertTimerInActiveList
                0x08008468       0x84 ./Middlewares/Third_Party/FreeRTOS/Source/timers.o
 .text.prvProcessReceivedCommands
                0x080084ec      0x1cc ./Middlewares/Third_Party/FreeRTOS/Source/timers.o
 .text.prvSwitchTimerLists
                0x080086b8       0xcc ./Middlewares/Third_Party/FreeRTOS/Source/timers.o
 .text.prvCheckForValidListAndQueue
                0x08008784       0x80 ./Middlewares/Third_Party/FreeRTOS/Source/timers.o
 .text.pxPortInitialiseStack
                0x08008804       0x68 ./Middlewares/Third_Party/FreeRTOS/Source/portable/GCC/ARM_CM4F/port.o
                0x08008804                pxPortInitialiseStack
 .text.prvTaskExitError
                0x0800886c       0x5c ./Middlewares/Third_Party/FreeRTOS/Source/portable/GCC/ARM_CM4F/port.o
 *fill*         0x080088c8        0x8 
 .text.SVC_Handler
                0x080088d0       0x28 ./Middlewares/Third_Party/FreeRTOS/Source/portable/GCC/ARM_CM4F/port.o
                0x080088d0                SVC_Handler
 .text.prvPortStartFirstTask
                0x080088f8       0x28 ./Middlewares/Third_Party/FreeRTOS/Source/portable/GCC/ARM_CM4F/port.o
 .text.xPortStartScheduler
                0x08008920      0x148 ./Middlewares/Third_Party/FreeRTOS/Source/portable/GCC/ARM_CM4F/port.o
                0x08008920                xPortStartScheduler
 .text.vPortEnterCritical
                0x08008a68       0x64 ./Middlewares/Third_Party/FreeRTOS/Source/portable/GCC/ARM_CM4F/port.o
                0x08008a68                vPortEnterCritical
 .text.vPortExitCritical
                0x08008acc       0x54 ./Middlewares/Third_Party/FreeRTOS/Source/portable/GCC/ARM_CM4F/port.o
                0x08008acc                vPortExitCritical
 .text.PendSV_Handler
                0x08008b20       0x68 ./Middlewares/Third_Party/FreeRTOS/Source/portable/GCC/ARM_CM4F/port.o
                0x08008b20                PendSV_Handler
 .text.xPortSysTickHandler
                0x08008b88       0x44 ./Middlewares/Third_Party/FreeRTOS/Source/portable/GCC/ARM_CM4F/port.o
                0x08008b88                xPortSysTickHandler
 .text.vPortSetupTimerInterrupt
                0x08008bcc       0x48 ./Middlewares/Third_Party/FreeRTOS/Source/portable/GCC/ARM_CM4F/port.o
                0x08008bcc                vPortSetupTimerInterrupt
 .text.vPortEnableVFP
                0x08008c14       0x14 ./Middlewares/Third_Party/FreeRTOS/Source/portable/GCC/ARM_CM4F/port.o
 .text.vPortValidateInterruptPriority
                0x08008c28       0x84 ./Middlewares/Third_Party/FreeRTOS/Source/portable/GCC/ARM_CM4F/port.o
                0x08008c28                vPortValidateInterruptPriority
 .text.pvPortMalloc
                0x08008cac      0x19c ./Middlewares/Third_Party/FreeRTOS/Source/portable/MemMang/heap_4.o
                0x08008cac                pvPortMalloc
 .text.vPortFree
                0x08008e48       0xc8 ./Middlewares/Third_Party/FreeRTOS/Source/portable/MemMang/heap_4.o
                0x08008e48                vPortFree
 .text.prvHeapInit
                0x08008f10       0xc4 ./Middlewares/Third_Party/FreeRTOS/Source/portable/MemMang/heap_4.o
 .text.prvInsertBlockIntoFreeList
                0x08008fd4       0xb4 ./Middlewares/Third_Party/FreeRTOS/Source/portable/MemMang/heap_4.o
 .text.memset   0x08009088       0x10 C:/ST/STM32CubeIDE_1.17.0/STM32CubeIDE/plugins/com.st.stm32cube.ide.mcu.externaltools.gnu-tools-for-stm32.13.3.rel1.win32_1.0.0.202411081344/tools/bin/../lib/gcc/arm-none-eabi/13.3.1/../../../../arm-none-eabi/lib/thumb/v7e-m+fp/hard\libc_nano.a(libc_a-memset.o)
                0x08009088                memset
 .text._reclaim_reent
                0x08009098       0xbc C:/ST/STM32CubeIDE_1.17.0/STM32CubeIDE/plugins/com.st.stm32cube.ide.mcu.externaltools.gnu-tools-for-stm32.13.3.rel1.win32_1.0.0.202411081344/tools/bin/../lib/gcc/arm-none-eabi/13.3.1/../../../../arm-none-eabi/lib/thumb/v7e-m+fp/hard\libc_nano.a(libc_a-reent.o)
                0x08009098                _reclaim_reent
 .text.__libc_init_array
                0x08009154       0x48 C:/ST/STM32CubeIDE_1.17.0/STM32CubeIDE/plugins/com.st.stm32cube.ide.mcu.externaltools.gnu-tools-for-stm32.13.3.rel1.win32_1.0.0.202411081344/tools/bin/../lib/gcc/arm-none-eabi/13.3.1/../../../../arm-none-eabi/lib/thumb/v7e-m+fp/hard\libc_nano.a(libc_a-init.o)
                0x08009154                __libc_init_array
 .text.__retarget_lock_acquire_recursive
                0x0800919c        0x2 C:/ST/STM32CubeIDE_1.17.0/STM32CubeIDE/plugins/com.st.stm32cube.ide.mcu.externaltools.gnu-tools-for-stm32.13.3.rel1.win32_1.0.0.202411081344/tools/bin/../lib/gcc/arm-none-eabi/13.3.1/../../../../arm-none-eabi/lib/thumb/v7e-m+fp/hard\libc_nano.a(libc_a-lock.o)
                0x0800919c                __retarget_lock_acquire_recursive
 .text.__retarget_lock_release_recursive
                0x0800919e        0x2 C:/ST/STM32CubeIDE_1.17.0/STM32CubeIDE/plugins/com.st.stm32cube.ide.mcu.externaltools.gnu-tools-for-stm32.13.3.rel1.win32_1.0.0.202411081344/tools/bin/../lib/gcc/arm-none-eabi/13.3.1/../../../../arm-none-eabi/lib/thumb/v7e-m+fp/hard\libc_nano.a(libc_a-lock.o)
                0x0800919e                __retarget_lock_release_recursive
 .text.memcpy   0x080091a0       0x1c C:/ST/STM32CubeIDE_1.17.0/STM32CubeIDE/plugins/com.st.stm32cube.ide.mcu.externaltools.gnu-tools-for-stm32.13.3.rel1.win32_1.0.0.202411081344/tools/bin/../lib/gcc/arm-none-eabi/13.3.1/../../../../arm-none-eabi/lib/thumb/v7e-m+fp/hard\libc_nano.a(libc_a-memcpy-stub.o)
                0x080091a0                memcpy
 .text._free_r  0x080091bc       0x94 C:/ST/STM32CubeIDE_1.17.0/STM32CubeIDE/plugins/com.st.stm32cube.ide.mcu.externaltools.gnu-tools-for-stm32.13.3.rel1.win32_1.0.0.202411081344/tools/bin/../lib/gcc/arm-none-eabi/13.3.1/../../../../arm-none-eabi/lib/thumb/v7e-m+fp/hard\libc_nano.a(libc_a-freer.o)
                0x080091bc                _free_r
 .text.__malloc_lock
                0x08009250        0xc C:/ST/STM32CubeIDE_1.17.0/STM32CubeIDE/plugins/com.st.stm32cube.ide.mcu.externaltools.gnu-tools-for-stm32.13.3.rel1.win32_1.0.0.202411081344/tools/bin/../lib/gcc/arm-none-eabi/13.3.1/../../../../arm-none-eabi/lib/thumb/v7e-m+fp/hard\libc_nano.a(libc_a-mlock.o)
                0x08009250                __malloc_lock
 .text.__malloc_unlock
                0x0800925c        0xc C:/ST/STM32CubeIDE_1.17.0/STM32CubeIDE/plugins/com.st.stm32cube.ide.mcu.externaltools.gnu-tools-for-stm32.13.3.rel1.win32_1.0.0.202411081344/tools/bin/../lib/gcc/arm-none-eabi/13.3.1/../../../../arm-none-eabi/lib/thumb/v7e-m+fp/hard\libc_nano.a(libc_a-mlock.o)
                0x0800925c                __malloc_unlock
 *(.glue_7)
 .glue_7        0x08009268        0x0 linker stubs
 *(.glue_7t)
 .glue_7t       0x08009268        0x0 linker stubs
 *(.eh_frame)
 .eh_frame      0x08009268        0x0 C:/ST/STM32CubeIDE_1.17.0/STM32CubeIDE/plugins/com.st.stm32cube.ide.mcu.externaltools.gnu-tools-for-stm32.13.3.rel1.win32_1.0.0.202411081344/tools/bin/../lib/gcc/arm-none-eabi/13.3.1/thumb/v7e-m+fp/hard/crtbegin.o
 *(.init)
 .init          0x08009268        0x4 C:/ST/STM32CubeIDE_1.17.0/STM32CubeIDE/plugins/com.st.stm32cube.ide.mcu.externaltools.gnu-tools-for-stm32.13.3.rel1.win32_1.0.0.202411081344/tools/bin/../lib/gcc/arm-none-eabi/13.3.1/thumb/v7e-m+fp/hard/crti.o
                0x08009268                _init
 .init          0x0800926c        0x8 C:/ST/STM32CubeIDE_1.17.0/STM32CubeIDE/plugins/com.st.stm32cube.ide.mcu.externaltools.gnu-tools-for-stm32.13.3.rel1.win32_1.0.0.202411081344/tools/bin/../lib/gcc/arm-none-eabi/13.3.1/thumb/v7e-m+fp/hard/crtn.o
 *(.fini)
 .fini          0x08009274        0x4 C:/ST/STM32CubeIDE_1.17.0/STM32CubeIDE/plugins/com.st.stm32cube.ide.mcu.externaltools.gnu-tools-for-stm32.13.3.rel1.win32_1.0.0.202411081344/tools/bin/../lib/gcc/arm-none-eabi/13.3.1/thumb/v7e-m+fp/hard/crti.o
                0x08009274                _fini
 .fini          0x08009278        0x8 C:/ST/STM32CubeIDE_1.17.0/STM32CubeIDE/plugins/com.st.stm32cube.ide.mcu.externaltools.gnu-tools-for-stm32.13.3.rel1.win32_1.0.0.202411081344/tools/bin/../lib/gcc/arm-none-eabi/13.3.1/thumb/v7e-m+fp/hard/crtn.o
                0x08009280                        . = ALIGN (0x4)
                0x08009280                        _etext = .

.vfp11_veneer   0x08009280        0x0
 .vfp11_veneer  0x08009280        0x0 linker stubs

.v4_bx          0x08009280        0x0
 .v4_bx         0x08009280        0x0 linker stubs

.iplt           0x08009280        0x0
 .iplt          0x08009280        0x0 C:/ST/STM32CubeIDE_1.17.0/STM32CubeIDE/plugins/com.st.stm32cube.ide.mcu.externaltools.gnu-tools-for-stm32.13.3.rel1.win32_1.0.0.202411081344/tools/bin/../lib/gcc/arm-none-eabi/13.3.1/thumb/v7e-m+fp/hard/crtbegin.o

.rodata         0x08009280      0xc60
                0x08009280                        . = ALIGN (0x4)
 *(.rodata)
 .rodata        0x08009280       0x24 ./Core/Src/main.o
 .rodata        0x080092a4        0x5 ./Middlewares/Third_Party/FreeRTOS/Source/tasks.o
 *fill*         0x080092a9        0x3 
 .rodata        0x080092ac        0xd ./Middlewares/Third_Party/FreeRTOS/Source/timers.o
 *(.rodata*)
 *fill*         0x080092b9        0x3 
 .rodata.Font16_Table
                0x080092bc      0xbe0 ./Core/Src/font16.o
                0x080092bc                Font16_Table
 .rodata.defaultTask_attributes
                0x08009e9c       0x24 ./Core/Src/main.o
                0x08009e9c                defaultTask_attributes
 .rodata.AHBPrescTable
                0x08009ec0       0x10 ./Core/Src/system_stm32f4xx.o
                0x08009ec0                AHBPrescTable
 .rodata.APBPrescTable
                0x08009ed0        0x8 ./Core/Src/system_stm32f4xx.o
                0x08009ed0                APBPrescTable
 .rodata.flagBitshiftOffset.0
                0x08009ed8        0x8 ./Drivers/STM32F4xx_HAL_Driver/Src/stm32f4xx_hal_dma.o
                0x08009ee0                        . = ALIGN (0x4)

.ARM.extab      0x08009ee0        0x0
                0x08009ee0                        . = ALIGN (0x4)
 *(.ARM.extab* .gnu.linkonce.armextab.*)
                0x08009ee0                        . = ALIGN (0x4)

.ARM            0x08009ee0        0x8
                0x08009ee0                        . = ALIGN (0x4)
                0x08009ee0                        __exidx_start = .
 *(.ARM.exidx*)
 .ARM.exidx     0x08009ee0        0x8 C:/ST/STM32CubeIDE_1.17.0/STM32CubeIDE/plugins/com.st.stm32cube.ide.mcu.externaltools.gnu-tools-for-stm32.13.3.rel1.win32_1.0.0.202411081344/tools/bin/../lib/gcc/arm-none-eabi/13.3.1/thumb/v7e-m+fp/hard\libgcc.a(_udivmoddi4.o)
                0x08009ee8                        __exidx_end = .
                0x08009ee8                        . = ALIGN (0x4)

.preinit_array  0x08009ee8        0x0
                0x08009ee8                        . = ALIGN (0x4)
                0x08009ee8                        PROVIDE (__preinit_array_start = .)
 *(.preinit_array*)
                0x08009ee8                        PROVIDE (__preinit_array_end = .)
                0x08009ee8                        . = ALIGN (0x4)

.init_array     0x08009ee8        0x4
                0x08009ee8                        . = ALIGN (0x4)
                0x08009ee8                        PROVIDE (__init_array_start = .)
 *(SORT_BY_NAME(.init_array.*))
 *(.init_array*)
 .init_array    0x08009ee8        0x4 C:/ST/STM32CubeIDE_1.17.0/STM32CubeIDE/plugins/com.st.stm32cube.ide.mcu.externaltools.gnu-tools-for-stm32.13.3.rel1.win32_1.0.0.202411081344/tools/bin/../lib/gcc/arm-none-eabi/13.3.1/thumb/v7e-m+fp/hard/crtbegin.o
                0x08009eec                        PROVIDE (__init_array_end = .)
                0x08009eec                        . = ALIGN (0x4)

.fini_array     0x08009eec        0x4
                0x08009eec                        . = ALIGN (0x4)
                [!provide]                        PROVIDE (__fini_array_start = .)
 *(SORT_BY_NAME(.fini_array.*))
 *(.fini_array*)
 .fini_array    0x08009eec        0x4 C:/ST/STM32CubeIDE_1.17.0/STM32CubeIDE/plugins/com.st.stm32cube.ide.mcu.externaltools.gnu-tools-for-stm32.13.3.rel1.win32_1.0.0.202411081344/tools/bin/../lib/gcc/arm-none-eabi/13.3.1/thumb/v7e-m+fp/hard/crtbegin.o
                [!provide]                        PROVIDE (__fini_array_end = .)
                0x08009ef0                        . = ALIGN (0x4)
                0x08009ef0                        _sidata = LOADADDR (.data)

.rel.dyn        0x08009ef0        0x0
 .rel.iplt      0x08009ef0        0x0 C:/ST/STM32CubeIDE_1.17.0/STM32CubeIDE/plugins/com.st.stm32cube.ide.mcu.externaltools.gnu-tools-for-stm32.13.3.rel1.win32_1.0.0.202411081344/tools/bin/../lib/gcc/arm-none-eabi/13.3.1/thumb/v7e-m+fp/hard/crtbegin.o

.data           0x20000000       0xa8 load address 0x08009ef0
                0x20000000                        . = ALIGN (0x4)
                0x20000000                        _sdata = .
 *(.data)
 *(.data*)
 .data.Font16   0x20000000        0x8 ./Core/Src/font16.o
                0x20000000                Font16
 .data.ili9341_drv
                0x20000008       0x38 ./Core/Src/ili9341.o
                0x20000008                ili9341_drv
 .data.SpixTimeout
                0x20000040        0x4 ./Core/Src/stm32f429i_discovery.o
                0x20000040                SpixTimeout
 .data.sdramstatus.2
                0x20000044        0x1 ./Core/Src/stm32f429i_discovery_sdram.o
 *fill*         0x20000045        0x3 
 .data.SystemCoreClock
                0x20000048        0x4 ./Core/Src/system_stm32f4xx.o
                0x20000048                SystemCoreClock
 .data.uwTickPrio
                0x2000004c        0x4 ./Drivers/STM32F4xx_HAL_Driver/Src/stm32f4xx_hal.o
                0x2000004c                uwTickPrio
 .data.uwTickFreq
                0x20000050        0x1 ./Drivers/STM32F4xx_HAL_Driver/Src/stm32f4xx_hal.o
                0x20000050                uwTickFreq
 *fill*         0x20000051        0x3 
 .data.uxCriticalNesting
                0x20000054        0x4 ./Middlewares/Third_Party/FreeRTOS/Source/portable/GCC/ARM_CM4F/port.o
 .data._impure_ptr
                0x20000058        0x4 C:/ST/STM32CubeIDE_1.17.0/STM32CubeIDE/plugins/com.st.stm32cube.ide.mcu.externaltools.gnu-tools-for-stm32.13.3.rel1.win32_1.0.0.202411081344/tools/bin/../lib/gcc/arm-none-eabi/13.3.1/../../../../arm-none-eabi/lib/thumb/v7e-m+fp/hard\libc_nano.a(libc_a-impure.o)
                0x20000058                _impure_ptr
 .data._impure_data
                0x2000005c       0x4c C:/ST/STM32CubeIDE_1.17.0/STM32CubeIDE/plugins/com.st.stm32cube.ide.mcu.externaltools.gnu-tools-for-stm32.13.3.rel1.win32_1.0.0.202411081344/tools/bin/../lib/gcc/arm-none-eabi/13.3.1/../../../../arm-none-eabi/lib/thumb/v7e-m+fp/hard\libc_nano.a(libc_a-impure.o)
                0x2000005c                _impure_data
 *(.RamFunc)
 *(.RamFunc*)
                0x200000a8                        . = ALIGN (0x4)
                0x200000a8                        _edata = .
                0x08009f98                        _siccmram = LOADADDR (.ccmram)

.igot.plt       0x200000a8        0x0 load address 0x08009f98
 .igot.plt      0x200000a8        0x0 C:/ST/STM32CubeIDE_1.17.0/STM32CubeIDE/plugins/com.st.stm32cube.ide.mcu.externaltools.gnu-tools-for-stm32.13.3.rel1.win32_1.0.0.202411081344/tools/bin/../lib/gcc/arm-none-eabi/13.3.1/thumb/v7e-m+fp/hard/crtbegin.o

.ccmram         0x10000000        0x0 load address 0x08009f98
                0x10000000                        . = ALIGN (0x4)
                0x10000000                        _sccmram = .
 *(.ccmram)
 *(.ccmram*)
                0x10000000                        . = ALIGN (0x4)
                0x10000000                        _eccmram = .
                0x10000000                        . = ALIGN (0x4)

.bss            0x200000a8     0x4fbc
                0x200000a8                        _sbss = .
                0x200000a8                        __bss_start__ = _sbss
 *(.bss)
 .bss           0x200000a8       0x1c C:/ST/STM32CubeIDE_1.17.0/STM32CubeIDE/plugins/com.st.stm32cube.ide.mcu.externaltools.gnu-tools-for-stm32.13.3.rel1.win32_1.0.0.202411081344/tools/bin/../lib/gcc/arm-none-eabi/13.3.1/thumb/v7e-m+fp/hard/crtbegin.o
 *(.bss*)
 .bss.hcrc      0x200000c4        0x8 ./Core/Src/main.o
                0x200000c4                hcrc
 .bss.hdma2d    0x200000cc       0x40 ./Core/Src/main.o
                0x200000cc                hdma2d
 .bss.hi2c3     0x2000010c       0x54 ./Core/Src/main.o
                0x2000010c                hi2c3
 .bss.hltdc     0x20000160       0xa8 ./Core/Src/main.o
                0x20000160                hltdc
 .bss.hspi5     0x20000208       0x58 ./Core/Src/main.o
                0x20000208                hspi5
 .bss.huart1    0x20000260       0x48 ./Core/Src/main.o
                0x20000260                huart1
 .bss.hsdram1   0x200002a8       0x34 ./Core/Src/main.o
                0x200002a8                hsdram1
 .bss.defaultTaskHandle
                0x200002dc        0x4 ./Core/Src/main.o
                0x200002dc                defaultTaskHandle
 .bss.SpiHandle
                0x200002e0       0x58 ./Core/Src/stm32f429i_discovery.o
 .bss.Is_LCD_IO_Initialized
                0x20000338        0x1 ./Core/Src/stm32f429i_discovery.o
 *fill*         0x20000339        0x3 
 .bss.LtdcHandler
                0x2000033c       0xa8 ./Core/Src/stm32f429i_discovery_lcd.o
                0x2000033c                LtdcHandler
 .bss.Dma2dHandler
                0x200003e4       0x40 ./Core/Src/stm32f429i_discovery_lcd.o
 .bss.PeriphClkInitStruct
                0x20000424       0x30 ./Core/Src/stm32f429i_discovery_lcd.o
 .bss.ActiveLayer
                0x20000454        0x4 ./Core/Src/stm32f429i_discovery_lcd.o
 .bss.DrawProp  0x20000458       0x18 ./Core/Src/stm32f429i_discovery_lcd.o
 .bss.LcdDrv    0x20000470        0x4 ./Core/Src/stm32f429i_discovery_lcd.o
                0x20000470                LcdDrv
 .bss.SdramHandle
                0x20000474       0x34 ./Core/Src/stm32f429i_discovery_sdram.o
 .bss.Timing    0x200004a8       0x1c ./Core/Src/stm32f429i_discovery_sdram.o
 .bss.Command   0x200004c4       0x10 ./Core/Src/stm32f429i_discovery_sdram.o
 .bss.dmaHandle.1
                0x200004d4       0x60 ./Core/Src/stm32f429i_discovery_sdram.o
 .bss.FMC_Initialized
                0x20000534        0x4 ./Core/Src/stm32f4xx_hal_msp.o
 .bss.uwTick    0x20000538        0x4 ./Drivers/STM32F4xx_HAL_Driver/Src/stm32f4xx_hal.o
                0x20000538                uwTick
 .bss.KernelState
                0x2000053c        0x4 ./Middlewares/Third_Party/FreeRTOS/Source/CMSIS_RTOS_V2/cmsis_os2.o
 .bss.Idle_TCB.3
                0x20000540       0xa8 ./Middlewares/Third_Party/FreeRTOS/Source/CMSIS_RTOS_V2/cmsis_os2.o
 .bss.Idle_Stack.2
                0x200005e8      0x200 ./Middlewares/Third_Party/FreeRTOS/Source/CMSIS_RTOS_V2/cmsis_os2.o
 .bss.Timer_TCB.1
                0x200007e8       0xa8 ./Middlewares/Third_Party/FreeRTOS/Source/CMSIS_RTOS_V2/cmsis_os2.o
 .bss.Timer_Stack.0
                0x20000890      0x400 ./Middlewares/Third_Party/FreeRTOS/Source/CMSIS_RTOS_V2/cmsis_os2.o
 .bss.xQueueRegistry
                0x20000c90       0x40 ./Middlewares/Third_Party/FreeRTOS/Source/queue.o
                0x20000c90                xQueueRegistry
 .bss.pxCurrentTCB
                0x20000cd0        0x4 ./Middlewares/Third_Party/FreeRTOS/Source/tasks.o
                0x20000cd0                pxCurrentTCB
 .bss.pxReadyTasksLists
                0x20000cd4      0x460 ./Middlewares/Third_Party/FreeRTOS/Source/tasks.o
 .bss.xDelayedTaskList1
                0x20001134       0x14 ./Middlewares/Third_Party/FreeRTOS/Source/tasks.o
 .bss.xDelayedTaskList2
                0x20001148       0x14 ./Middlewares/Third_Party/FreeRTOS/Source/tasks.o
 .bss.pxDelayedTaskList
                0x2000115c        0x4 ./Middlewares/Third_Party/FreeRTOS/Source/tasks.o
 .bss.pxOverflowDelayedTaskList
                0x20001160        0x4 ./Middlewares/Third_Party/FreeRTOS/Source/tasks.o
 .bss.xPendingReadyList
                0x20001164       0x14 ./Middlewares/Third_Party/FreeRTOS/Source/tasks.o
 .bss.xTasksWaitingTermination
                0x20001178       0x14 ./Middlewares/Third_Party/FreeRTOS/Source/tasks.o
 .bss.uxDeletedTasksWaitingCleanUp
                0x2000118c        0x4 ./Middlewares/Third_Party/FreeRTOS/Source/tasks.o
 .bss.xSuspendedTaskList
                0x20001190       0x14 ./Middlewares/Third_Party/FreeRTOS/Source/tasks.o
 .bss.uxCurrentNumberOfTasks
                0x200011a4        0x4 ./Middlewares/Third_Party/FreeRTOS/Source/tasks.o
 .bss.xTickCount
                0x200011a8        0x4 ./Middlewares/Third_Party/FreeRTOS/Source/tasks.o
 .bss.uxTopReadyPriority
                0x200011ac        0x4 ./Middlewares/Third_Party/FreeRTOS/Source/tasks.o
 .bss.xSchedulerRunning
                0x200011b0        0x4 ./Middlewares/Third_Party/FreeRTOS/Source/tasks.o
 .bss.xPendedTicks
                0x200011b4        0x4 ./Middlewares/Third_Party/FreeRTOS/Source/tasks.o
 .bss.xYieldPending
                0x200011b8        0x4 ./Middlewares/Third_Party/FreeRTOS/Source/tasks.o
 .bss.xNumOfOverflows
                0x200011bc        0x4 ./Middlewares/Third_Party/FreeRTOS/Source/tasks.o
 .bss.uxTaskNumber
                0x200011c0        0x4 ./Middlewares/Third_Party/FreeRTOS/Source/tasks.o
 .bss.xNextTaskUnblockTime
                0x200011c4        0x4 ./Middlewares/Third_Party/FreeRTOS/Source/tasks.o
 .bss.xIdleTaskHandle
                0x200011c8        0x4 ./Middlewares/Third_Party/FreeRTOS/Source/tasks.o
 .bss.uxSchedulerSuspended
                0x200011cc        0x4 ./Middlewares/Third_Party/FreeRTOS/Source/tasks.o
 .bss.xActiveTimerList1
                0x200011d0       0x14 ./Middlewares/Third_Party/FreeRTOS/Source/timers.o
 .bss.xActiveTimerList2
                0x200011e4       0x14 ./Middlewares/Third_Party/FreeRTOS/Source/timers.o
 .bss.pxCurrentTimerList
                0x200011f8        0x4 ./Middlewares/Third_Party/FreeRTOS/Source/timers.o
 .bss.pxOverflowTimerList
                0x200011fc        0x4 ./Middlewares/Third_Party/FreeRTOS/Source/timers.o
 .bss.xTimerQueue
                0x20001200        0x4 ./Middlewares/Third_Party/FreeRTOS/Source/timers.o
 .bss.xTimerTaskHandle
                0x20001204        0x4 ./Middlewares/Third_Party/FreeRTOS/Source/timers.o
 .bss.xLastTime.2
                0x20001208        0x4 ./Middlewares/Third_Party/FreeRTOS/Source/timers.o
 .bss.ucStaticTimerQueueStorage.1
                0x2000120c       0xa0 ./Middlewares/Third_Party/FreeRTOS/Source/timers.o
 .bss.xStaticTimerQueue.0
                0x200012ac       0x50 ./Middlewares/Third_Party/FreeRTOS/Source/timers.o
 .bss.ucMaxSysCallPriority
                0x200012fc        0x1 ./Middlewares/Third_Party/FreeRTOS/Source/portable/GCC/ARM_CM4F/port.o
 *fill*         0x200012fd        0x3 
 .bss.ulMaxPRIGROUPValue
                0x20001300        0x4 ./Middlewares/Third_Party/FreeRTOS/Source/portable/GCC/ARM_CM4F/port.o
 .bss.ucHeap    0x20001304     0x3c00 ./Middlewares/Third_Party/FreeRTOS/Source/portable/MemMang/heap_4.o
 .bss.xStart    0x20004f04        0x8 ./Middlewares/Third_Party/FreeRTOS/Source/portable/MemMang/heap_4.o
 .bss.pxEnd     0x20004f0c        0x4 ./Middlewares/Third_Party/FreeRTOS/Source/portable/MemMang/heap_4.o
 .bss.xFreeBytesRemaining
                0x20004f10        0x4 ./Middlewares/Third_Party/FreeRTOS/Source/portable/MemMang/heap_4.o
 .bss.xMinimumEverFreeBytesRemaining
                0x20004f14        0x4 ./Middlewares/Third_Party/FreeRTOS/Source/portable/MemMang/heap_4.o
 .bss.xNumberOfSuccessfulAllocations
                0x20004f18        0x4 ./Middlewares/Third_Party/FreeRTOS/Source/portable/MemMang/heap_4.o
 .bss.xNumberOfSuccessfulFrees
                0x20004f1c        0x4 ./Middlewares/Third_Party/FreeRTOS/Source/portable/MemMang/heap_4.o
 .bss.xBlockAllocatedBit
                0x20004f20        0x4 ./Middlewares/Third_Party/FreeRTOS/Source/portable/MemMang/heap_4.o
 .bss.__sf      0x20004f24      0x138 C:/ST/STM32CubeIDE_1.17.0/STM32CubeIDE/plugins/com.st.stm32cube.ide.mcu.externaltools.gnu-tools-for-stm32.13.3.rel1.win32_1.0.0.202411081344/tools/bin/../lib/gcc/arm-none-eabi/13.3.1/../../../../arm-none-eabi/lib/thumb/v7e-m+fp/hard\libc_nano.a(libc_a-findfp.o)
                0x20004f24                __sf
 .bss.__lock___malloc_recursive_mutex
                0x2000505c        0x1 C:/ST/STM32CubeIDE_1.17.0/STM32CubeIDE/plugins/com.st.stm32cube.ide.mcu.externaltools.gnu-tools-for-stm32.13.3.rel1.win32_1.0.0.202411081344/tools/bin/../lib/gcc/arm-none-eabi/13.3.1/../../../../arm-none-eabi/lib/thumb/v7e-m+fp/hard\libc_nano.a(libc_a-lock.o)
                0x2000505c                __lock___malloc_recursive_mutex
 *fill*         0x2000505d        0x3 
 .bss.__malloc_free_list
                0x20005060        0x4 C:/ST/STM32CubeIDE_1.17.0/STM32CubeIDE/plugins/com.st.stm32cube.ide.mcu.externaltools.gnu-tools-for-stm32.13.3.rel1.win32_1.0.0.202411081344/tools/bin/../lib/gcc/arm-none-eabi/13.3.1/../../../../arm-none-eabi/lib/thumb/v7e-m+fp/hard\libc_nano.a(libc_a-mallocr.o)
                0x20005060                __malloc_free_list
 *(COMMON)
                0x20005064                        . = ALIGN (0x4)
                0x20005064                        _ebss = .
                0x20005064                        __bss_end__ = _ebss

._user_heap_stack
                0x20005064      0x604
                0x20005068                        . = ALIGN (0x8)
 *fill*         0x20005064        0x4 
                [!provide]                        PROVIDE (end = .)
                0x20005068                        PROVIDE (_end = .)
                0x20005268                        . = (. + _Min_Heap_Size)
 *fill*         0x20005068      0x200 
                0x20005668                        . = (. + _Min_Stack_Size)
 *fill*         0x20005268      0x400 
                0x20005668                        . = ALIGN (0x8)

/DISCARD/
 libc.a(*)
 libm.a(*)
 libgcc.a(*)

.ARM.attributes
                0x00000000       0x30
 *(.ARM.attributes)
 .ARM.attributes
                0x00000000       0x22 C:/ST/STM32CubeIDE_1.17.0/STM32CubeIDE/plugins/com.st.stm32cube.ide.mcu.externaltools.gnu-tools-for-stm32.13.3.rel1.win32_1.0.0.202411081344/tools/bin/../lib/gcc/arm-none-eabi/13.3.1/thumb/v7e-m+fp/hard/crti.o
 .ARM.attributes
                0x00000022       0x34 C:/ST/STM32CubeIDE_1.17.0/STM32CubeIDE/plugins/com.st.stm32cube.ide.mcu.externaltools.gnu-tools-for-stm32.13.3.rel1.win32_1.0.0.202411081344/tools/bin/../lib/gcc/arm-none-eabi/13.3.1/thumb/v7e-m+fp/hard/crtbegin.o
 .ARM.attributes
                0x00000056       0x34 ./Core/Src/font16.o
 .ARM.attributes
                0x0000008a       0x34 ./Core/Src/ili9341.o
 .ARM.attributes
                0x000000be       0x34 ./Core/Src/main.o
 .ARM.attributes
                0x000000f2       0x34 ./Core/Src/stm32f429i_discovery.o
 .ARM.attributes
                0x00000126       0x34 ./Core/Src/stm32f429i_discovery_lcd.o
 .ARM.attributes
                0x0000015a       0x34 ./Core/Src/stm32f429i_discovery_sdram.o
 .ARM.attributes
                0x0000018e       0x34 ./Core/Src/stm32f4xx_hal_msp.o
 .ARM.attributes
                0x000001c2       0x34 ./Core/Src/stm32f4xx_it.o
 .ARM.attributes
                0x000001f6       0x34 ./Core/Src/system_stm32f4xx.o
 .ARM.attributes
                0x0000022a       0x21 ./Core/Startup/startup_stm32f429zitx.o
 .ARM.attributes
                0x0000024b       0x34 ./Drivers/STM32F4xx_HAL_Driver/Src/stm32f4xx_hal.o
 .ARM.attributes
                0x0000027f       0x34 ./Drivers/STM32F4xx_HAL_Driver/Src/stm32f4xx_hal_cortex.o
 .ARM.attributes
                0x000002b3       0x34 ./Drivers/STM32F4xx_HAL_Driver/Src/stm32f4xx_hal_crc.o
 .ARM.attributes
                0x000002e7       0x34 ./Drivers/STM32F4xx_HAL_Driver/Src/stm32f4xx_hal_dma.o
 .ARM.attributes
                0x0000031b       0x34 ./Drivers/STM32F4xx_HAL_Driver/Src/stm32f4xx_hal_dma2d.o
 .ARM.attributes
                0x0000034f       0x34 ./Drivers/STM32F4xx_HAL_Driver/Src/stm32f4xx_hal_gpio.o
 .ARM.attributes
                0x00000383       0x34 ./Drivers/STM32F4xx_HAL_Driver/Src/stm32f4xx_hal_i2c.o
 .ARM.attributes
                0x000003b7       0x34 ./Drivers/STM32F4xx_HAL_Driver/Src/stm32f4xx_hal_i2c_ex.o
 .ARM.attributes
                0x000003eb       0x34 ./Drivers/STM32F4xx_HAL_Driver/Src/stm32f4xx_hal_ltdc.o
 .ARM.attributes
                0x0000041f       0x34 ./Drivers/STM32F4xx_HAL_Driver/Src/stm32f4xx_hal_pwr_ex.o
 .ARM.attributes
                0x00000453       0x34 ./Drivers/STM32F4xx_HAL_Driver/Src/stm32f4xx_hal_rcc.o
 .ARM.attributes
                0x00000487       0x34 ./Drivers/STM32F4xx_HAL_Driver/Src/stm32f4xx_hal_rcc_ex.o
 .ARM.attributes
                0x000004bb       0x34 ./Drivers/STM32F4xx_HAL_Driver/Src/stm32f4xx_hal_sdram.o
 .ARM.attributes
                0x000004ef       0x34 ./Drivers/STM32F4xx_HAL_Driver/Src/stm32f4xx_hal_spi.o
 .ARM.attributes
                0x00000523       0x34 ./Drivers/STM32F4xx_HAL_Driver/Src/stm32f4xx_hal_uart.o
 .ARM.attributes
                0x00000557       0x34 ./Drivers/STM32F4xx_HAL_Driver/Src/stm32f4xx_ll_fmc.o
 .ARM.attributes
                0x0000058b       0x34 ./Middlewares/Third_Party/FreeRTOS/Source/CMSIS_RTOS_V2/cmsis_os2.o
 .ARM.attributes
                0x000005bf       0x34 ./Middlewares/Third_Party/FreeRTOS/Source/list.o
 .ARM.attributes
                0x000005f3       0x34 ./Middlewares/Third_Party/FreeRTOS/Source/queue.o
 .ARM.attributes
                0x00000627       0x34 ./Middlewares/Third_Party/FreeRTOS/Source/tasks.o
 .ARM.attributes
                0x0000065b       0x34 ./Middlewares/Third_Party/FreeRTOS/Source/timers.o
 .ARM.attributes
                0x0000068f       0x34 ./Middlewares/Third_Party/FreeRTOS/Source/portable/GCC/ARM_CM4F/port.o
 .ARM.attributes
                0x000006c3       0x34 ./Middlewares/Third_Party/FreeRTOS/Source/portable/MemMang/heap_4.o
 .ARM.attributes
                0x000006f7       0x34 C:/ST/STM32CubeIDE_1.17.0/STM32CubeIDE/plugins/com.st.stm32cube.ide.mcu.externaltools.gnu-tools-for-stm32.13.3.rel1.win32_1.0.0.202411081344/tools/bin/../lib/gcc/arm-none-eabi/13.3.1/../../../../arm-none-eabi/lib/thumb/v7e-m+fp/hard\libc_nano.a(libc_a-findfp.o)
 .ARM.attributes
                0x0000072b       0x34 C:/ST/STM32CubeIDE_1.17.0/STM32CubeIDE/plugins/com.st.stm32cube.ide.mcu.externaltools.gnu-tools-for-stm32.13.3.rel1.win32_1.0.0.202411081344/tools/bin/../lib/gcc/arm-none-eabi/13.3.1/../../../../arm-none-eabi/lib/thumb/v7e-m+fp/hard\libc_nano.a(libc_a-memset.o)
 .ARM.attributes
                0x0000075f       0x34 C:/ST/STM32CubeIDE_1.17.0/STM32CubeIDE/plugins/com.st.stm32cube.ide.mcu.externaltools.gnu-tools-for-stm32.13.3.rel1.win32_1.0.0.202411081344/tools/bin/../lib/gcc/arm-none-eabi/13.3.1/../../../../arm-none-eabi/lib/thumb/v7e-m+fp/hard\libc_nano.a(libc_a-reent.o)
 .ARM.attributes
                0x00000793       0x34 C:/ST/STM32CubeIDE_1.17.0/STM32CubeIDE/plugins/com.st.stm32cube.ide.mcu.externaltools.gnu-tools-for-stm32.13.3.rel1.win32_1.0.0.202411081344/tools/bin/../lib/gcc/arm-none-eabi/13.3.1/../../../../arm-none-eabi/lib/thumb/v7e-m+fp/hard\libc_nano.a(libc_a-impure.o)
 .ARM.attributes
                0x000007c7       0x34 C:/ST/STM32CubeIDE_1.17.0/STM32CubeIDE/plugins/com.st.stm32cube.ide.mcu.externaltools.gnu-tools-for-stm32.13.3.rel1.win32_1.0.0.202411081344/tools/bin/../lib/gcc/arm-none-eabi/13.3.1/../../../../arm-none-eabi/lib/thumb/v7e-m+fp/hard\libc_nano.a(libc_a-init.o)
 .ARM.attributes
                0x000007fb       0x34 C:/ST/STM32CubeIDE_1.17.0/STM32CubeIDE/plugins/com.st.stm32cube.ide.mcu.externaltools.gnu-tools-for-stm32.13.3.rel1.win32_1.0.0.202411081344/tools/bin/../lib/gcc/arm-none-eabi/13.3.1/../../../../arm-none-eabi/lib/thumb/v7e-m+fp/hard\libc_nano.a(libc_a-lock.o)
 .ARM.attributes
                0x0000082f       0x34 C:/ST/STM32CubeIDE_1.17.0/STM32CubeIDE/plugins/com.st.stm32cube.ide.mcu.externaltools.gnu-tools-for-stm32.13.3.rel1.win32_1.0.0.202411081344/tools/bin/../lib/gcc/arm-none-eabi/13.3.1/../../../../arm-none-eabi/lib/thumb/v7e-m+fp/hard\libc_nano.a(libc_a-memcpy-stub.o)
 .ARM.attributes
                0x00000863       0x34 C:/ST/STM32CubeIDE_1.17.0/STM32CubeIDE/plugins/com.st.stm32cube.ide.mcu.externaltools.gnu-tools-for-stm32.13.3.rel1.win32_1.0.0.202411081344/tools/bin/../lib/gcc/arm-none-eabi/13.3.1/../../../../arm-none-eabi/lib/thumb/v7e-m+fp/hard\libc_nano.a(libc_a-freer.o)
 .ARM.attributes
                0x00000897       0x34 C:/ST/STM32CubeIDE_1.17.0/STM32CubeIDE/plugins/com.st.stm32cube.ide.mcu.externaltools.gnu-tools-for-stm32.13.3.rel1.win32_1.0.0.202411081344/tools/bin/../lib/gcc/arm-none-eabi/13.3.1/../../../../arm-none-eabi/lib/thumb/v7e-m+fp/hard\libc_nano.a(libc_a-mallocr.o)
 .ARM.attributes
                0x000008cb       0x34 C:/ST/STM32CubeIDE_1.17.0/STM32CubeIDE/plugins/com.st.stm32cube.ide.mcu.externaltools.gnu-tools-for-stm32.13.3.rel1.win32_1.0.0.202411081344/tools/bin/../lib/gcc/arm-none-eabi/13.3.1/../../../../arm-none-eabi/lib/thumb/v7e-m+fp/hard\libc_nano.a(libc_a-mlock.o)
 .ARM.attributes
                0x000008ff       0x22 C:/ST/STM32CubeIDE_1.17.0/STM32CubeIDE/plugins/com.st.stm32cube.ide.mcu.externaltools.gnu-tools-for-stm32.13.3.rel1.win32_1.0.0.202411081344/tools/bin/../lib/gcc/arm-none-eabi/13.3.1/thumb/v7e-m+fp/hard\libgcc.a(_aeabi_uldivmod.o)
 .ARM.attributes
                0x00000921       0x34 C:/ST/STM32CubeIDE_1.17.0/STM32CubeIDE/plugins/com.st.stm32cube.ide.mcu.externaltools.gnu-tools-for-stm32.13.3.rel1.win32_1.0.0.202411081344/tools/bin/../lib/gcc/arm-none-eabi/13.3.1/thumb/v7e-m+fp/hard\libgcc.a(_udivmoddi4.o)
 .ARM.attributes
                0x00000955       0x22 C:/ST/STM32CubeIDE_1.17.0/STM32CubeIDE/plugins/com.st.stm32cube.ide.mcu.externaltools.gnu-tools-for-stm32.13.3.rel1.win32_1.0.0.202411081344/tools/bin/../lib/gcc/arm-none-eabi/13.3.1/thumb/v7e-m+fp/hard\libgcc.a(_dvmd_tls.o)
 .ARM.attributes
                0x00000977       0x22 C:/ST/STM32CubeIDE_1.17.0/STM32CubeIDE/plugins/com.st.stm32cube.ide.mcu.externaltools.gnu-tools-for-stm32.13.3.rel1.win32_1.0.0.202411081344/tools/bin/../lib/gcc/arm-none-eabi/13.3.1/thumb/v7e-m+fp/hard/crtn.o
OUTPUT(DataSafeRT.elf elf32-littlearm)
LOAD linker stubs
LOAD C:/ST/STM32CubeIDE_1.17.0/STM32CubeIDE/plugins/com.st.stm32cube.ide.mcu.externaltools.gnu-tools-for-stm32.13.3.rel1.win32_1.0.0.202411081344/tools/bin/../lib/gcc/arm-none-eabi/13.3.1/../../../../arm-none-eabi/lib/thumb/v7e-m+fp/hard\libc.a
LOAD C:/ST/STM32CubeIDE_1.17.0/STM32CubeIDE/plugins/com.st.stm32cube.ide.mcu.externaltools.gnu-tools-for-stm32.13.3.rel1.win32_1.0.0.202411081344/tools/bin/../lib/gcc/arm-none-eabi/13.3.1/../../../../arm-none-eabi/lib/thumb/v7e-m+fp/hard\libm.a
LOAD C:/ST/STM32CubeIDE_1.17.0/STM32CubeIDE/plugins/com.st.stm32cube.ide.mcu.externaltools.gnu-tools-for-stm32.13.3.rel1.win32_1.0.0.202411081344/tools/bin/../lib/gcc/arm-none-eabi/13.3.1/thumb/v7e-m+fp/hard\libgcc.a

.debug_info     0x00000000    0x231d0
 .debug_info    0x00000000      0x125 ./Core/Src/font16.o
 .debug_info    0x00000125      0x388 ./Core/Src/ili9341.o
 .debug_info    0x000004ad     0x1f50 ./Core/Src/main.o
 .debug_info    0x000023fd     0x199c ./Core/Src/stm32f429i_discovery.o
 .debug_info    0x00003d99     0x2346 ./Core/Src/stm32f429i_discovery_lcd.o
 .debug_info    0x000060df     0x1010 ./Core/Src/stm32f429i_discovery_sdram.o
 .debug_info    0x000070ef     0x1f51 ./Core/Src/stm32f4xx_hal_msp.o
 .debug_info    0x00009040      0x441 ./Core/Src/stm32f4xx_it.o
 .debug_info    0x00009481      0x52e ./Core/Src/system_stm32f4xx.o
 .debug_info    0x000099af       0x30 ./Core/Startup/startup_stm32f429zitx.o
 .debug_info    0x000099df      0x9ba ./Drivers/STM32F4xx_HAL_Driver/Src/stm32f4xx_hal.o
 .debug_info    0x0000a399      0xdc2 ./Drivers/STM32F4xx_HAL_Driver/Src/stm32f4xx_hal_cortex.o
 .debug_info    0x0000b15b      0x37f ./Drivers/STM32F4xx_HAL_Driver/Src/stm32f4xx_hal_crc.o
 .debug_info    0x0000b4da      0x8e7 ./Drivers/STM32F4xx_HAL_Driver/Src/stm32f4xx_hal_dma.o
 .debug_info    0x0000bdc1      0xe6e ./Drivers/STM32F4xx_HAL_Driver/Src/stm32f4xx_hal_dma2d.o
 .debug_info    0x0000cc2f      0x6db ./Drivers/STM32F4xx_HAL_Driver/Src/stm32f4xx_hal_gpio.o
 .debug_info    0x0000d30a     0x2421 ./Drivers/STM32F4xx_HAL_Driver/Src/stm32f4xx_hal_i2c.o
 .debug_info    0x0000f72b      0x672 ./Drivers/STM32F4xx_HAL_Driver/Src/stm32f4xx_hal_i2c_ex.o
 .debug_info    0x0000fd9d     0x1022 ./Drivers/STM32F4xx_HAL_Driver/Src/stm32f4xx_hal_ltdc.o
 .debug_info    0x00010dbf      0x6be ./Drivers/STM32F4xx_HAL_Driver/Src/stm32f4xx_hal_pwr_ex.o
 .debug_info    0x0001147d      0x8c7 ./Drivers/STM32F4xx_HAL_Driver/Src/stm32f4xx_hal_rcc.o
 .debug_info    0x00011d44      0x64c ./Drivers/STM32F4xx_HAL_Driver/Src/stm32f4xx_hal_rcc_ex.o
 .debug_info    0x00012390      0xeb4 ./Drivers/STM32F4xx_HAL_Driver/Src/stm32f4xx_hal_sdram.o
 .debug_info    0x00013244     0x1525 ./Drivers/STM32F4xx_HAL_Driver/Src/stm32f4xx_hal_spi.o
 .debug_info    0x00014769     0x2f4f ./Drivers/STM32F4xx_HAL_Driver/Src/stm32f4xx_hal_uart.o
 .debug_info    0x000176b8      0xe08 ./Drivers/STM32F4xx_HAL_Driver/Src/stm32f4xx_ll_fmc.o
 .debug_info    0x000184c0     0x4124 ./Middlewares/Third_Party/FreeRTOS/Source/CMSIS_RTOS_V2/cmsis_os2.o
 .debug_info    0x0001c5e4      0x2af ./Middlewares/Third_Party/FreeRTOS/Source/list.o
 .debug_info    0x0001c893     0x1b79 ./Middlewares/Third_Party/FreeRTOS/Source/queue.o
 .debug_info    0x0001e40c     0x28c1 ./Middlewares/Third_Party/FreeRTOS/Source/tasks.o
 .debug_info    0x00020ccd     0x1b50 ./Middlewares/Third_Party/FreeRTOS/Source/timers.o
 .debug_info    0x0002281d      0x4de ./Middlewares/Third_Party/FreeRTOS/Source/portable/GCC/ARM_CM4F/port.o
 .debug_info    0x00022cfb      0x4d5 ./Middlewares/Third_Party/FreeRTOS/Source/portable/MemMang/heap_4.o

.debug_abbrev   0x00000000     0x4c91
 .debug_abbrev  0x00000000       0xb1 ./Core/Src/font16.o
 .debug_abbrev  0x000000b1      0x1ad ./Core/Src/ili9341.o
 .debug_abbrev  0x0000025e      0x31a ./Core/Src/main.o
 .debug_abbrev  0x00000578      0x2fc ./Core/Src/stm32f429i_discovery.o
 .debug_abbrev  0x00000874      0x328 ./Core/Src/stm32f429i_discovery_lcd.o
 .debug_abbrev  0x00000b9c      0x286 ./Core/Src/stm32f429i_discovery_sdram.o
 .debug_abbrev  0x00000e22      0x2a1 ./Core/Src/stm32f4xx_hal_msp.o
 .debug_abbrev  0x000010c3      0x19e ./Core/Src/stm32f4xx_it.o
 .debug_abbrev  0x00001261      0x11a ./Core/Src/system_stm32f4xx.o
 .debug_abbrev  0x0000137b       0x24 ./Core/Startup/startup_stm32f429zitx.o
 .debug_abbrev  0x0000139f      0x214 ./Drivers/STM32F4xx_HAL_Driver/Src/stm32f4xx_hal.o
 .debug_abbrev  0x000015b3      0x31d ./Drivers/STM32F4xx_HAL_Driver/Src/stm32f4xx_hal_cortex.o
 .debug_abbrev  0x000018d0      0x1b1 ./Drivers/STM32F4xx_HAL_Driver/Src/stm32f4xx_hal_crc.o
 .debug_abbrev  0x00001a81      0x264 ./Drivers/STM32F4xx_HAL_Driver/Src/stm32f4xx_hal_dma.o
 .debug_abbrev  0x00001ce5      0x23e ./Drivers/STM32F4xx_HAL_Driver/Src/stm32f4xx_hal_dma2d.o
 .debug_abbrev  0x00001f23      0x1d4 ./Drivers/STM32F4xx_HAL_Driver/Src/stm32f4xx_hal_gpio.o
 .debug_abbrev  0x000020f7      0x2ad ./Drivers/STM32F4xx_HAL_Driver/Src/stm32f4xx_hal_i2c.o
 .debug_abbrev  0x000023a4      0x157 ./Drivers/STM32F4xx_HAL_Driver/Src/stm32f4xx_hal_i2c_ex.o
 .debug_abbrev  0x000024fb      0x233 ./Drivers/STM32F4xx_HAL_Driver/Src/stm32f4xx_hal_ltdc.o
 .debug_abbrev  0x0000272e      0x1cf ./Drivers/STM32F4xx_HAL_Driver/Src/stm32f4xx_hal_pwr_ex.o
 .debug_abbrev  0x000028fd      0x2b7 ./Drivers/STM32F4xx_HAL_Driver/Src/stm32f4xx_hal_rcc.o
 .debug_abbrev  0x00002bb4      0x1b0 ./Drivers/STM32F4xx_HAL_Driver/Src/stm32f4xx_hal_rcc_ex.o
 .debug_abbrev  0x00002d64      0x240 ./Drivers/STM32F4xx_HAL_Driver/Src/stm32f4xx_hal_sdram.o
 .debug_abbrev  0x00002fa4      0x27a ./Drivers/STM32F4xx_HAL_Driver/Src/stm32f4xx_hal_spi.o
 .debug_abbrev  0x0000321e      0x30e ./Drivers/STM32F4xx_HAL_Driver/Src/stm32f4xx_hal_uart.o
 .debug_abbrev  0x0000352c      0x1ab ./Drivers/STM32F4xx_HAL_Driver/Src/stm32f4xx_ll_fmc.o
 .debug_abbrev  0x000036d7      0x530 ./Middlewares/Third_Party/FreeRTOS/Source/CMSIS_RTOS_V2/cmsis_os2.o
 .debug_abbrev  0x00003c07       0xf5 ./Middlewares/Third_Party/FreeRTOS/Source/list.o
 .debug_abbrev  0x00003cfc      0x3b6 ./Middlewares/Third_Party/FreeRTOS/Source/queue.o
 .debug_abbrev  0x000040b2      0x3fe ./Middlewares/Third_Party/FreeRTOS/Source/tasks.o
 .debug_abbrev  0x000044b0      0x368 ./Middlewares/Third_Party/FreeRTOS/Source/timers.o
 .debug_abbrev  0x00004818      0x25c ./Middlewares/Third_Party/FreeRTOS/Source/portable/GCC/ARM_CM4F/port.o
 .debug_abbrev  0x00004a74      0x21d ./Middlewares/Third_Party/FreeRTOS/Source/portable/MemMang/heap_4.o

.debug_aranges  0x00000000     0x1d28
 .debug_aranges
                0x00000000       0x18 ./Core/Src/font16.o
 .debug_aranges
                0x00000018       0x60 ./Core/Src/ili9341.o
 .debug_aranges
                0x00000078       0x78 ./Core/Src/main.o
 .debug_aranges
                0x000000f0      0x138 ./Core/Src/stm32f429i_discovery.o
 .debug_aranges
                0x00000228      0x1a8 ./Core/Src/stm32f429i_discovery_lcd.o
 .debug_aranges
                0x000003d0       0x68 ./Core/Src/stm32f429i_discovery_sdram.o
 .debug_aranges
                0x00000438       0xa0 ./Core/Src/stm32f4xx_hal_msp.o
 .debug_aranges
                0x000004d8       0x58 ./Core/Src/stm32f4xx_it.o
 .debug_aranges
                0x00000530       0x28 ./Core/Src/system_stm32f4xx.o
 .debug_aranges
                0x00000558       0x28 ./Core/Startup/startup_stm32f429zitx.o
 .debug_aranges
                0x00000580      0x100 ./Drivers/STM32F4xx_HAL_Driver/Src/stm32f4xx_hal.o
 .debug_aranges
                0x00000680      0x130 ./Drivers/STM32F4xx_HAL_Driver/Src/stm32f4xx_hal_cortex.o
 .debug_aranges
                0x000007b0       0x50 ./Drivers/STM32F4xx_HAL_Driver/Src/stm32f4xx_hal_crc.o
 .debug_aranges
                0x00000800       0x90 ./Drivers/STM32F4xx_HAL_Driver/Src/stm32f4xx_hal_dma.o
 .debug_aranges
                0x00000890      0x118 ./Drivers/STM32F4xx_HAL_Driver/Src/stm32f4xx_hal_dma2d.o
 .debug_aranges
                0x000009a8       0x58 ./Drivers/STM32F4xx_HAL_Driver/Src/stm32f4xx_hal_gpio.o
 .debug_aranges
                0x00000a00      0x2a8 ./Drivers/STM32F4xx_HAL_Driver/Src/stm32f4xx_hal_i2c.o
 .debug_aranges
                0x00000ca8       0x28 ./Drivers/STM32F4xx_HAL_Driver/Src/stm32f4xx_hal_i2c_ex.o
 .debug_aranges
                0x00000cd0      0x158 ./Drivers/STM32F4xx_HAL_Driver/Src/stm32f4xx_hal_ltdc.o
 .debug_aranges
                0x00000e28       0x60 ./Drivers/STM32F4xx_HAL_Driver/Src/stm32f4xx_hal_pwr_ex.o
 .debug_aranges
                0x00000e88       0x88 ./Drivers/STM32F4xx_HAL_Driver/Src/stm32f4xx_hal_rcc.o
 .debug_aranges
                0x00000f10       0x58 ./Drivers/STM32F4xx_HAL_Driver/Src/stm32f4xx_hal_rcc_ex.o
 .debug_aranges
                0x00000f68       0xe8 ./Drivers/STM32F4xx_HAL_Driver/Src/stm32f4xx_hal_sdram.o
 .debug_aranges
                0x00001050      0x1d0 ./Drivers/STM32F4xx_HAL_Driver/Src/stm32f4xx_hal_spi.o
 .debug_aranges
                0x00001220      0x208 ./Drivers/STM32F4xx_HAL_Driver/Src/stm32f4xx_hal_uart.o
 .debug_aranges
                0x00001428       0xf0 ./Drivers/STM32F4xx_HAL_Driver/Src/stm32f4xx_ll_fmc.o
 .debug_aranges
                0x00001518      0x2a8 ./Middlewares/Third_Party/FreeRTOS/Source/CMSIS_RTOS_V2/cmsis_os2.o
 .debug_aranges
                0x000017c0       0x40 ./Middlewares/Third_Party/FreeRTOS/Source/list.o
 .debug_aranges
                0x00001800      0x158 ./Middlewares/Third_Party/FreeRTOS/Source/queue.o
 .debug_aranges
                0x00001958      0x208 ./Middlewares/Third_Party/FreeRTOS/Source/tasks.o
 .debug_aranges
                0x00001b60       0xf0 ./Middlewares/Third_Party/FreeRTOS/Source/timers.o
 .debug_aranges
                0x00001c50       0x80 ./Middlewares/Third_Party/FreeRTOS/Source/portable/GCC/ARM_CM4F/port.o
 .debug_aranges
                0x00001cd0       0x58 ./Middlewares/Third_Party/FreeRTOS/Source/portable/MemMang/heap_4.o

.debug_macro    0x00000000     0x5949
 .debug_macro   0x00000000       0x73 ./Core/Src/font16.o
 .debug_macro   0x00000073       0x7c ./Core/Src/ili9341.o
 .debug_macro   0x000000ef      0x26d ./Core/Src/ili9341.o
 .debug_macro   0x0000035c      0x3b3 ./Core/Src/main.o
 .debug_macro   0x0000070f       0x5c ./Core/Src/main.o
 .debug_macro   0x0000076b      0x170 ./Core/Src/main.o
 .debug_macro   0x000008db       0x66 ./Core/Src/main.o
 .debug_macro   0x00000941       0x74 ./Core/Src/main.o
 .debug_macro   0x000009b5       0xdd ./Core/Src/main.o
 .debug_macro   0x00000a92      0x265 ./Core/Src/main.o
 .debug_macro   0x00000cf7       0xb0 ./Core/Src/main.o
 .debug_macro   0x00000da7       0x10 ./Core/Src/main.o
 .debug_macro   0x00000db7      0x121 ./Core/Src/main.o
 .debug_macro   0x00000ed8      0x253 ./Core/Src/stm32f429i_discovery.o
 .debug_macro   0x0000112b      0x25f ./Core/Src/stm32f429i_discovery.o
 .debug_macro   0x0000138a      0x285 ./Core/Src/stm32f429i_discovery_lcd.o
 .debug_macro   0x0000160f      0x244 ./Core/Src/stm32f429i_discovery_sdram.o
 .debug_macro   0x00001853       0xaa ./Core/Src/stm32f429i_discovery_sdram.o
 .debug_macro   0x000018fd      0x230 ./Core/Src/stm32f4xx_hal_msp.o
 .debug_macro   0x00001b2d      0x352 ./Core/Src/stm32f4xx_it.o
 .debug_macro   0x00001e7f      0x226 ./Core/Src/system_stm32f4xx.o
 .debug_macro   0x000020a5      0x286 ./Drivers/STM32F4xx_HAL_Driver/Src/stm32f4xx_hal.o
 .debug_macro   0x0000232b      0x226 ./Drivers/STM32F4xx_HAL_Driver/Src/stm32f4xx_hal_cortex.o
 .debug_macro   0x00002551      0x226 ./Drivers/STM32F4xx_HAL_Driver/Src/stm32f4xx_hal_crc.o
 .debug_macro   0x00002777      0x22c ./Drivers/STM32F4xx_HAL_Driver/Src/stm32f4xx_hal_dma.o
 .debug_macro   0x000029a3      0x235 ./Drivers/STM32F4xx_HAL_Driver/Src/stm32f4xx_hal_dma2d.o
 .debug_macro   0x00002bd8      0x22c ./Drivers/STM32F4xx_HAL_Driver/Src/stm32f4xx_hal_gpio.o
 .debug_macro   0x00002e04      0x274 ./Drivers/STM32F4xx_HAL_Driver/Src/stm32f4xx_hal_i2c.o
 .debug_macro   0x00003078      0x226 ./Drivers/STM32F4xx_HAL_Driver/Src/stm32f4xx_hal_i2c_ex.o
 .debug_macro   0x0000329e      0x22e ./Drivers/STM32F4xx_HAL_Driver/Src/stm32f4xx_hal_ltdc.o
 .debug_macro   0x000034cc      0x23e ./Drivers/STM32F4xx_HAL_Driver/Src/stm32f4xx_hal_pwr_ex.o
 .debug_macro   0x0000370a      0x24a ./Drivers/STM32F4xx_HAL_Driver/Src/stm32f4xx_hal_rcc.o
 .debug_macro   0x00003954      0x226 ./Drivers/STM32F4xx_HAL_Driver/Src/stm32f4xx_hal_rcc_ex.o
 .debug_macro   0x00003b7a      0x226 ./Drivers/STM32F4xx_HAL_Driver/Src/stm32f4xx_hal_sdram.o
 .debug_macro   0x00003da0      0x235 ./Drivers/STM32F4xx_HAL_Driver/Src/stm32f4xx_hal_spi.o
 .debug_macro   0x00003fd5      0x227 ./Drivers/STM32F4xx_HAL_Driver/Src/stm32f4xx_hal_uart.o
 .debug_macro   0x000041fc      0x26f ./Drivers/STM32F4xx_HAL_Driver/Src/stm32f4xx_ll_fmc.o
 .debug_macro   0x0000446b      0x42f ./Middlewares/Third_Party/FreeRTOS/Source/CMSIS_RTOS_V2/cmsis_os2.o
 .debug_macro   0x0000489a       0x10 ./Middlewares/Third_Party/FreeRTOS/Source/CMSIS_RTOS_V2/cmsis_os2.o
 .debug_macro   0x000048aa       0x20 ./Middlewares/Third_Party/FreeRTOS/Source/CMSIS_RTOS_V2/cmsis_os2.o
 .debug_macro   0x000048ca       0x10 ./Middlewares/Third_Party/FreeRTOS/Source/CMSIS_RTOS_V2/cmsis_os2.o
 .debug_macro   0x000048da       0xf5 ./Middlewares/Third_Party/FreeRTOS/Source/CMSIS_RTOS_V2/cmsis_os2.o
 .debug_macro   0x000049cf       0x16 ./Middlewares/Third_Party/FreeRTOS/Source/CMSIS_RTOS_V2/cmsis_os2.o
 .debug_macro   0x000049e5       0x91 ./Middlewares/Third_Party/FreeRTOS/Source/CMSIS_RTOS_V2/cmsis_os2.o
 .debug_macro   0x00004a76       0x8d ./Middlewares/Third_Party/FreeRTOS/Source/CMSIS_RTOS_V2/cmsis_os2.o
 .debug_macro   0x00004b03       0x9a ./Middlewares/Third_Party/FreeRTOS/Source/CMSIS_RTOS_V2/cmsis_os2.o
 .debug_macro   0x00004b9d       0x22 ./Middlewares/Third_Party/FreeRTOS/Source/CMSIS_RTOS_V2/cmsis_os2.o
 .debug_macro   0x00004bbf      0x199 ./Middlewares/Third_Party/FreeRTOS/Source/list.o
 .debug_macro   0x00004d58      0x228 ./Middlewares/Third_Party/FreeRTOS/Source/queue.o
 .debug_macro   0x00004f80       0x16 ./Middlewares/Third_Party/FreeRTOS/Source/queue.o
 .debug_macro   0x00004f96       0x87 ./Middlewares/Third_Party/FreeRTOS/Source/queue.o
 .debug_macro   0x0000501d      0x291 ./Middlewares/Third_Party/FreeRTOS/Source/tasks.o
 .debug_macro   0x000052ae       0x10 ./Middlewares/Third_Party/FreeRTOS/Source/tasks.o
 .debug_macro   0x000052be      0x1ee ./Middlewares/Third_Party/FreeRTOS/Source/timers.o
 .debug_macro   0x000054ac       0x97 ./Middlewares/Third_Party/FreeRTOS/Source/timers.o
 .debug_macro   0x00005543      0x246 ./Middlewares/Third_Party/FreeRTOS/Source/portable/GCC/ARM_CM4F/port.o
 .debug_macro   0x00005789      0x1c0 ./Middlewares/Third_Party/FreeRTOS/Source/portable/MemMang/heap_4.o

.debug_line     0x00000000    0x21359
 .debug_line    0x00000000      0x40b ./Core/Src/font16.o
 .debug_line    0x0000040b      0x565 ./Core/Src/ili9341.o
 .debug_line    0x00000970      0xdf7 ./Core/Src/main.o
 .debug_line    0x00001767      0xd15 ./Core/Src/stm32f429i_discovery.o
 .debug_line    0x0000247c     0x16c4 ./Core/Src/stm32f429i_discovery_lcd.o
 .debug_line    0x00003b40      0x9e8 ./Core/Src/stm32f429i_discovery_sdram.o
 .debug_line    0x00004528      0xb36 ./Core/Src/stm32f4xx_hal_msp.o
 .debug_line    0x0000505e      0xada ./Core/Src/stm32f4xx_it.o
 .debug_line    0x00005b38      0x874 ./Core/Src/system_stm32f4xx.o
 .debug_line    0x000063ac       0x7a ./Core/Startup/startup_stm32f429zitx.o
 .debug_line    0x00006426      0xb17 ./Drivers/STM32F4xx_HAL_Driver/Src/stm32f4xx_hal.o
 .debug_line    0x00006f3d      0xdb1 ./Drivers/STM32F4xx_HAL_Driver/Src/stm32f4xx_hal_cortex.o
 .debug_line    0x00007cee      0x916 ./Drivers/STM32F4xx_HAL_Driver/Src/stm32f4xx_hal_crc.o
 .debug_line    0x00008604     0x104d ./Drivers/STM32F4xx_HAL_Driver/Src/stm32f4xx_hal_dma.o
 .debug_line    0x00009651     0x11f6 ./Drivers/STM32F4xx_HAL_Driver/Src/stm32f4xx_hal_dma2d.o
 .debug_line    0x0000a847      0xc61 ./Drivers/STM32F4xx_HAL_Driver/Src/stm32f4xx_hal_gpio.o
 .debug_line    0x0000b4a8     0x3b93 ./Drivers/STM32F4xx_HAL_Driver/Src/stm32f4xx_hal_i2c.o