../Core/Src/main.c:94:5:main	8	static
../Core/Src/main.c:195:6:SystemClock_Config	88	static
../Core/Src/main.c:248:13:MX_CRC_Init	8	static
../Core/Src/main.c:274:13:MX_DMA2D_Init	8	static
../Core/Src/main.c:311:13:MX_I2C3_Init	8	static
../Core/Src/main.c:359:13:MX_LTDC_Init	64	static
../Core/Src/main.c:421:13:MX_SPI5_Init	8	static
../Core/Src/main.c:459:13:MX_USART1_UART_Init	8	static
../Core/Src/main.c:488:13:MX_FMC_Init	40	static
../Core/Src/main.c:539:13:MX_GPIO_Init	40	static
../Core/Src/main.c:572:6:StartDefaultTask	16	static
../Core/Src/main.c:588:6:Error_Handler	4	static,ignoring_inline_asm
