../Core/Src/stm32f4xx_hal_msp.c:63:6:HAL_MspInit	16	static
../Core/Src/stm32f4xx_hal_msp.c:88:6:HAL_ADC_MspInit	48	static
../Core/Src/stm32f4xx_hal_msp.c:123:6:HAL_ADC_MspDeInit	16	static
../Core/Src/stm32f4xx_hal_msp.c:152:6:HAL_CRC_MspInit	24	static
../Core/Src/stm32f4xx_hal_msp.c:175:6:HAL_CRC_MspDeInit	16	static
../Core/Src/stm32f4xx_hal_msp.c:197:6:HAL_DMA2D_MspInit	24	static
../Core/Src/stm32f4xx_hal_msp.c:223:6:HAL_DMA2D_MspDeInit	16	static
../Core/Src/stm32f4xx_hal_msp.c:248:6:HAL_I2C_MspInit	48	static
../Core/Src/stm32f4xx_hal_msp.c:293:6:HAL_I2C_MspDeInit	16	static
../Core/Src/stm32f4xx_hal_msp.c:324:6:HAL_LTDC_MspInit	112	static
../Core/Src/stm32f4xx_hal_msp.c:449:6:HAL_LTDC_MspDeInit	16	static
../Core/Src/stm32f4xx_hal_msp.c:511:6:HAL_SPI_MspInit	48	static
../Core/Src/stm32f4xx_hal_msp.c:549:6:HAL_SPI_MspDeInit	16	static
../Core/Src/stm32f4xx_hal_msp.c:579:6:HAL_UART_MspInit	48	static
../Core/Src/stm32f4xx_hal_msp.c:616:6:HAL_UART_MspDeInit	16	static
../Core/Src/stm32f4xx_hal_msp.c:641:13:HAL_FMC_MspInit	32	static
../Core/Src/stm32f4xx_hal_msp.c:747:6:HAL_SDRAM_MspInit	16	static
../Core/Src/stm32f4xx_hal_msp.c:759:13:HAL_FMC_MspDeInit	8	static
../Core/Src/stm32f4xx_hal_msp.c:833:6:HAL_SDRAM_MspDeInit	16	static
