Archive member included to satisfy reference by file (symbol)

C:/ST/STM32CubeIDE_1.17.0/STM32CubeIDE/plugins/com.st.stm32cube.ide.mcu.externaltools.gnu-tools-for-stm32.13.3.rel1.win32_1.0.0.202411081344/tools/bin/../lib/gcc/arm-none-eabi/13.3.1/../../../../arm-none-eabi/lib/thumb/v7e-m+fp/hard\libc_nano.a(libc_a-exit.o)
                              C:/ST/STM32CubeIDE_1.17.0/STM32CubeIDE/plugins/com.st.stm32cube.ide.mcu.externaltools.gnu-tools-for-stm32.13.3.rel1.win32_1.0.0.202411081344/tools/bin/../lib/gcc/arm-none-eabi/13.3.1/../../../../arm-none-eabi/lib/thumb/v7e-m+fp/hard/crt0.o (exit)
C:/ST/STM32CubeIDE_1.17.0/STM32CubeIDE/plugins/com.st.stm32cube.ide.mcu.externaltools.gnu-tools-for-stm32.13.3.rel1.win32_1.0.0.202411081344/tools/bin/../lib/gcc/arm-none-eabi/13.3.1/../../../../arm-none-eabi/lib/thumb/v7e-m+fp/hard\libc_nano.a(libc_a-findfp.o)
                              C:/ST/STM32CubeIDE_1.17.0/STM32CubeIDE/plugins/com.st.stm32cube.ide.mcu.externaltools.gnu-tools-for-stm32.13.3.rel1.win32_1.0.0.202411081344/tools/bin/../lib/gcc/arm-none-eabi/13.3.1/../../../../arm-none-eabi/lib/thumb/v7e-m+fp/hard\libc_nano.a(libc_a-exit.o) (__stdio_exit_handler)
C:/ST/STM32CubeIDE_1.17.0/STM32CubeIDE/plugins/com.st.stm32cube.ide.mcu.externaltools.gnu-tools-for-stm32.13.3.rel1.win32_1.0.0.202411081344/tools/bin/../lib/gcc/arm-none-eabi/13.3.1/../../../../arm-none-eabi/lib/thumb/v7e-m+fp/hard\libc_nano.a(libc_a-fwalk.o)
                              C:/ST/STM32CubeIDE_1.17.0/STM32CubeIDE/plugins/com.st.stm32cube.ide.mcu.externaltools.gnu-tools-for-stm32.13.3.rel1.win32_1.0.0.202411081344/tools/bin/../lib/gcc/arm-none-eabi/13.3.1/../../../../arm-none-eabi/lib/thumb/v7e-m+fp/hard\libc_nano.a(libc_a-findfp.o) (_fwalk_sglue)
C:/ST/STM32CubeIDE_1.17.0/STM32CubeIDE/plugins/com.st.stm32cube.ide.mcu.externaltools.gnu-tools-for-stm32.13.3.rel1.win32_1.0.0.202411081344/tools/bin/../lib/gcc/arm-none-eabi/13.3.1/../../../../arm-none-eabi/lib/thumb/v7e-m+fp/hard\libc_nano.a(libc_a-stdio.o)
                              C:/ST/STM32CubeIDE_1.17.0/STM32CubeIDE/plugins/com.st.stm32cube.ide.mcu.externaltools.gnu-tools-for-stm32.13.3.rel1.win32_1.0.0.202411081344/tools/bin/../lib/gcc/arm-none-eabi/13.3.1/../../../../arm-none-eabi/lib/thumb/v7e-m+fp/hard\libc_nano.a(libc_a-findfp.o) (__sread)
C:/ST/STM32CubeIDE_1.17.0/STM32CubeIDE/plugins/com.st.stm32cube.ide.mcu.externaltools.gnu-tools-for-stm32.13.3.rel1.win32_1.0.0.202411081344/tools/bin/../lib/gcc/arm-none-eabi/13.3.1/../../../../arm-none-eabi/lib/thumb/v7e-m+fp/hard\libc_nano.a(libc_a-memset.o)
                              C:/ST/STM32CubeIDE_1.17.0/STM32CubeIDE/plugins/com.st.stm32cube.ide.mcu.externaltools.gnu-tools-for-stm32.13.3.rel1.win32_1.0.0.202411081344/tools/bin/../lib/gcc/arm-none-eabi/13.3.1/../../../../arm-none-eabi/lib/thumb/v7e-m+fp/hard/crt0.o (memset)
C:/ST/STM32CubeIDE_1.17.0/STM32CubeIDE/plugins/com.st.stm32cube.ide.mcu.externaltools.gnu-tools-for-stm32.13.3.rel1.win32_1.0.0.202411081344/tools/bin/../lib/gcc/arm-none-eabi/13.3.1/../../../../arm-none-eabi/lib/thumb/v7e-m+fp/hard\libc_nano.a(libc_a-closer.o)
                              C:/ST/STM32CubeIDE_1.17.0/STM32CubeIDE/plugins/com.st.stm32cube.ide.mcu.externaltools.gnu-tools-for-stm32.13.3.rel1.win32_1.0.0.202411081344/tools/bin/../lib/gcc/arm-none-eabi/13.3.1/../../../../arm-none-eabi/lib/thumb/v7e-m+fp/hard\libc_nano.a(libc_a-stdio.o) (_close_r)
C:/ST/STM32CubeIDE_1.17.0/STM32CubeIDE/plugins/com.st.stm32cube.ide.mcu.externaltools.gnu-tools-for-stm32.13.3.rel1.win32_1.0.0.202411081344/tools/bin/../lib/gcc/arm-none-eabi/13.3.1/../../../../arm-none-eabi/lib/thumb/v7e-m+fp/hard\libc_nano.a(libc_a-reent.o)
                              C:/ST/STM32CubeIDE_1.17.0/STM32CubeIDE/plugins/com.st.stm32cube.ide.mcu.externaltools.gnu-tools-for-stm32.13.3.rel1.win32_1.0.0.202411081344/tools/bin/../lib/gcc/arm-none-eabi/13.3.1/../../../../arm-none-eabi/lib/thumb/v7e-m+fp/hard\libc_nano.a(libc_a-closer.o) (errno)
C:/ST/STM32CubeIDE_1.17.0/STM32CubeIDE/plugins/com.st.stm32cube.ide.mcu.externaltools.gnu-tools-for-stm32.13.3.rel1.win32_1.0.0.202411081344/tools/bin/../lib/gcc/arm-none-eabi/13.3.1/../../../../arm-none-eabi/lib/thumb/v7e-m+fp/hard\libc_nano.a(libc_a-impure.o)
                              C:/ST/STM32CubeIDE_1.17.0/STM32CubeIDE/plugins/com.st.stm32cube.ide.mcu.externaltools.gnu-tools-for-stm32.13.3.rel1.win32_1.0.0.202411081344/tools/bin/../lib/gcc/arm-none-eabi/13.3.1/../../../../arm-none-eabi/lib/thumb/v7e-m+fp/hard\libc_nano.a(libc_a-reent.o) (_impure_ptr)
C:/ST/STM32CubeIDE_1.17.0/STM32CubeIDE/plugins/com.st.stm32cube.ide.mcu.externaltools.gnu-tools-for-stm32.13.3.rel1.win32_1.0.0.202411081344/tools/bin/../lib/gcc/arm-none-eabi/13.3.1/../../../../arm-none-eabi/lib/thumb/v7e-m+fp/hard\libc_nano.a(libc_a-lseekr.o)
[...]
Memory Configuration

Name             Origin             Length             Attributes
CCMRAM           0x10000000         0x00010000         xrw
RAM              0x20000000         0x00030000         xrw
FLASH            0x08000000         0x00200000         xr
*default*        0x00000000         0xffffffff

Linker script and memory map

LOAD C:/ST/STM32CubeIDE_1.17.0/STM32CubeIDE/plugins/com.st.stm32cube.ide.mcu.externaltools.gnu-tools-for-stm32.13.3.rel1.win32_1.0.0.202411081344/tools/bin/../lib/gcc/arm-none-eabi/13.3.1/thumb/v7e-m+fp/hard/crti.o
LOAD C:/ST/STM32CubeIDE_1.17.0/STM32CubeIDE/plugins/com.st.stm32cube.ide.mcu.externaltools.gnu-tools-for-stm32.13.3.rel1.win32_1.0.0.202411081344/tools/bin/../lib/gcc/arm-none-eabi/13.3.1/thumb/v7e-m+fp/hard/crtbegin.o
LOAD C:/ST/STM32CubeIDE_1.17.0/STM32CubeIDE/plugins/com.st.stm32cube.ide.mcu.externaltools.gnu-tools-for-stm32.13.3.rel1.win32_1.0.0.202411081344/tools/bin/../lib/gcc/arm-none-eabi/13.3.1/../../../../arm-none-eabi/lib/thumb/v7e-m+fp/hard/crt0.o
LOAD ./Core/Src/font24.o
LOAD ./Core/Src/freertos.o
LOAD ./Core/Src/ili9341.o
LOAD ./Core/Src/main.o
LOAD ./Core/Src/stm32f429i_discovery.o
LOAD ./Core/Src/stm32f429i_discovery_lcd.o
LOAD ./Core/Src/stm32f429i_discovery_sdram.o
LOAD ./Core/Src/stm32f4xx_hal_msp.o
LOAD ./Core/Src/stm32f4xx_hal_timebase_tim.o
LOAD ./Core/Src/stm32f4xx_it.o
LOAD ./Core/Src/syscalls.o
LOAD ./Core/Src/sysmem.o
LOAD ./Core/Src/system_stm32f4xx.o
LOAD ./Core/Startup/startup_stm32f429zitx.o
LOAD ./Drivers/STM32F4xx_HAL_Driver/Src/stm32f4xx_hal.o
LOAD ./Drivers/STM32F4xx_HAL_Driver/Src/stm32f4xx_hal_cortex.o
LOAD ./Drivers/STM32F4xx_HAL_Driver/Src/stm32f4xx_hal_crc.o
LOAD ./Drivers/STM32F4xx_HAL_Driver/Src/stm32f4xx_hal_dma.o
LOAD ./Drivers/STM32F4xx_HAL_Driver/Src/stm32f4xx_hal_dma2d.o
LOAD ./Drivers/STM32F4xx_HAL_Driver/Src/stm32f4xx_hal_dma_ex.o
LOAD ./Drivers/STM32F4xx_HAL_Driver/Src/stm32f4xx_hal_dsi.o
LOAD ./Drivers/STM32F4xx_HAL_Driver/Src/stm32f4xx_hal_exti.o
LOAD ./Drivers/STM32F4xx_HAL_Driver/Src/stm32f4xx_hal_flash.o
LOAD ./Drivers/STM32F4xx_HAL_Driver/Src/stm32f4xx_hal_flash_ex.o
LOAD ./Drivers/STM32F4xx_HAL_Driver/Src/stm32f4xx_hal_flash_ramfunc.o
LOAD ./Drivers/STM32F4xx_HAL_Driver/Src/stm32f4xx_hal_gpio.o
LOAD ./Drivers/STM32F4xx_HAL_Driver/Src/stm32f4xx_hal_i2c.o
LOAD ./Drivers/STM32F4xx_HAL_Driver/Src/stm32f4xx_hal_i2c_ex.o
LOAD ./Drivers/STM32F4xx_HAL_Driver/Src/stm32f4xx_hal_ltdc.o
LOAD ./Drivers/STM32F4xx_HAL_Driver/Src/stm32f4xx_hal_ltdc_ex.o
LOAD ./Drivers/STM32F4xx_HAL_Driver/Src/stm32f4xx_hal_nand.o
LOAD ./Drivers/STM32F4xx_HAL_Driver/Src/stm32f4xx_hal_nor.o
LOAD ./Drivers/STM32F4xx_HAL_Driver/Src/stm32f4xx_hal_pccard.o
LOAD ./Drivers/STM32F4xx_HAL_Driver/Src/stm32f4xx_hal_pwr.o
LOAD ./Drivers/STM32F4xx_HAL_Driver/Src/stm32f4xx_hal_pwr_ex.o
LOAD ./Drivers/STM32F4xx_HAL_Driver/Src/stm32f4xx_hal_rcc.o
LOAD ./Drivers/STM32F4xx_HAL_Driver/Src/stm32f4xx_hal_rcc_ex.o
LOAD ./Drivers/STM32F4xx_HAL_Driver/Src/stm32f4xx_hal_sdram.o
LOAD ./Drivers/STM32F4xx_HAL_Driver/Src/stm32f4xx_hal_spi.o
LOAD ./Drivers/STM32F4xx_HAL_Driver/Src/stm32f4xx_hal_sram.o
LOAD ./Drivers/STM32F4xx_HAL_Driver/Src/stm32f4xx_hal_tim.o
LOAD ./Drivers/STM32F4xx_HAL_Driver/Src/stm32f4xx_hal_tim_ex.o
LOAD ./Drivers/STM32F4xx_HAL_Driver/Src/stm32f4xx_hal_uart.o
LOAD ./Drivers/STM32F4xx_HAL_Driver/Src/stm32f4xx_ll_fmc.o
LOAD ./Middlewares/Third_Party/FreeRTOS/Source/CMSIS_RTOS/cmsis_os.o
LOAD ./Middlewares/Third_Party/FreeRTOS/Source/croutine.o
LOAD ./Middlewares/Third_Party/FreeRTOS/Source/event_groups.o
LOAD ./Middlewares/Third_Party/FreeRTOS/Source/list.o
LOAD ./Middlewares/Third_Party/FreeRTOS/Source/queue.o
LOAD ./Middlewares/Third_Party/FreeRTOS/Source/stream_buffer.o
LOAD ./Middlewares/Third_Party/FreeRTOS/Source/tasks.o
LOAD ./Middlewares/Third_Party/FreeRTOS/Source/timers.o
LOAD ./Middlewares/Third_Party/FreeRTOS/Source/portable/GCC/ARM_CM4F/port.o
LOAD ./Middlewares/Third_Party/FreeRTOS/Source/portable/MemMang/heap_4.o
START GROUP
LOAD C:/ST/STM32CubeIDE_1.17.0/STM32CubeIDE/plugins/com.st.stm32cube.ide.mcu.externaltools.gnu-tools-for-stm32.13.3.rel1.win32_1.0.0.202411081344/tools/bin/../lib/gcc/arm-none-eabi/13.3.1/../../../../arm-none-eabi/lib/thumb/v7e-m+fp/hard\libc_nano.a
LOAD C:/ST/STM32CubeIDE_1.17.0/STM32CubeIDE/plugins/com.st.stm32cube.ide.mcu.externaltools.gnu-tools-for-stm32.13.3.rel1.win32_1.0.0.202411081344/tools/bin/../lib/gcc/arm-none-eabi/13.3.1/../../../../arm-none-eabi/lib/thumb/v7e-m+fp/hard\libm.a
END GROUP
START GROUP
LOAD C:/ST/STM32CubeIDE_1.17.0/STM32CubeIDE/plugins/com.st.stm32cube.ide.mcu.externaltools.gnu-tools-for-stm32.13.3.rel1.win32_1.0.0.202411081344/tools/bin/../lib/gcc/arm-none-eabi/13.3.1/thumb/v7e-m+fp/hard\libgcc.a
LOAD C:/ST/STM32CubeIDE_1.17.0/STM32CubeIDE/plugins/com.st.stm32cube.ide.mcu.externaltools.gnu-tools-for-stm32.13.3.rel1.win32_1.0.0.202411081344/tools/bin/../lib/gcc/arm-none-eabi/13.3.1/../../../../arm-none-eabi/lib/thumb/v7e-m+fp/hard\libc_nano.a
END GROUP
START GROUP
LOAD C:/ST/STM32CubeIDE_1.17.0/STM32CubeIDE/plugins/com.st.stm32cube.ide.mcu.externaltools.gnu-tools-for-stm32.13.3.rel1.win32_1.0.0.202411081344/tools/bin/../lib/gcc/arm-none-eabi/13.3.1/thumb/v7e-m+fp/hard\libgcc.a
LOAD C:/ST/STM32CubeIDE_1.17.0/STM32CubeIDE/plugins/com.st.stm32cube.ide.mcu.externaltools.gnu-tools-for-stm32.13.3.rel1.win32_1.0.0.202411081344/tools/bin/../lib/gcc/arm-none-eabi/13.3.1/../../../../arm-none-eabi/lib/thumb/v7e-m+fp/hard\libc_nano.a
LOAD C:/ST/STM32CubeIDE_1.17.0/STM32CubeIDE/plugins/com.st.stm32cube.ide.mcu.externaltools.gnu-tools-for-stm32.13.3.rel1.win32_1.0.0.202411081344/tools/bin/../lib/gcc/arm-none-eabi/13.3.1/../../../../arm-none-eabi/lib/thumb/v7e-m+fp/hard\libnosys.a
END GROUP
START GROUP
LOAD C:/ST/STM32CubeIDE_1.17.0/STM32CubeIDE/plugins/com.st.stm32cube.ide.mcu.externaltools.gnu-tools-for-stm32.13.3.rel1.win32_1.0.0.202411081344/tools/bin/../lib/gcc/arm-none-eabi/13.3.1/thumb/v7e-m+fp/hard\libgcc.a
LOAD C:/ST/STM32CubeIDE_1.17.0/STM32CubeIDE/plugins/com.st.stm32cube.ide.mcu.externaltools.gnu-tools-for-stm32.13.3.rel1.win32_1.0.0.202411081344/tools/bin/../lib/gcc/arm-none-eabi/13.3.1/../../../../arm-none-eabi/lib/thumb/v7e-m+fp/hard\libc_nano.a
LOAD C:/ST/STM32CubeIDE_1.17.0/STM32CubeIDE/plugins/com.st.stm32cube.ide.mcu.externaltools.gnu-tools-for-stm32.13.3.rel1.win32_1.0.0.202411081344/tools/bin/../lib/gcc/arm-none-eabi/13.3.1/../../../../arm-none-eabi/lib/thumb/v7e-m+fp/hard\libnosys.a
END GROUP
LOAD C:/ST/STM32CubeIDE_1.17.0/STM32CubeIDE/plugins/com.st.stm32cube.ide.mcu.externaltools.gnu-tools-for-stm32.13.3.rel1.win32_1.0.0.202411081344/tools/bin/../lib/gcc/arm-none-eabi/13.3.1/thumb/v7e-m+fp/hard/crtend.o
LOAD C:/ST/STM32CubeIDE_1.17.0/STM32CubeIDE/plugins/com.st.stm32cube.ide.mcu.externaltools.gnu-tools-for-stm32.13.3.rel1.win32_1.0.0.202411081344/tools/bin/../lib/gcc/arm-none-eabi/13.3.1/thumb/v7e-m+fp/hard/crtn.o
                0x20030000                        _estack = (ORIGIN (RAM) + LENGTH (RAM))
                0x00000200                        _Min_Heap_Size = 0x200
                0x00000400                        _Min_Stack_Size = 0x400

.isr_vector     0x08000000      0x1ac
                0x08000000                        . = ALIGN (0x4)
 *(.isr_vector)
 .isr_vector    0x08000000      0x1ac ./Core/Startup/startup_stm32f429zitx.o
                0x08000000                g_pfnVectors
                0x080001ac                        . = ALIGN (0x4)

.text           0x080001b0     0x7b90
                0x080001b0                        . = ALIGN (0x4)
 *(.text)
 .text          0x080001b0       0x40 C:/ST/STM32CubeIDE_1.17.0/STM32CubeIDE/plugins/com.st.stm32cube.ide.mcu.externaltools.gnu-tools-for-stm32.13.3.rel1.win32_1.0.0.202411081344/tools/bin/../lib/gcc/arm-none-eabi/13.3.1/thumb/v7e-m+fp/hard/crtbegin.o
 .text          0x080001f0       0x30 C:/ST/STM32CubeIDE_1.17.0/STM32CubeIDE/plugins/com.st.stm32cube.ide.mcu.externaltools.gnu-tools-for-stm32.13.3.rel1.win32_1.0.0.202411081344/tools/bin/../lib/gcc/arm-none-eabi/13.3.1/thumb/v7e-m+fp/hard\libgcc.a(_aeabi_uldivmod.o)
                0x080001f0                __aeabi_uldivmod
 .text          0x08000220      0x2f8 C:/ST/STM32CubeIDE_1.17.0/STM32CubeIDE/plugins/com.st.stm32cube.ide.mcu.externaltools.gnu-tools-for-stm32.13.3.rel1.win32_1.0.0.202411081344/tools/bin/../lib/gcc/arm-none-eabi/13.3.1/thumb/v7e-m+fp/hard\libgcc.a(_udivmoddi4.o)
                0x08000220                __udivmoddi4
 .text          0x08000518        0x4 C:/ST/STM32CubeIDE_1.17.0/STM32CubeIDE/plugins/com.st.stm32cube.ide.mcu.externaltools.gnu-tools-for-stm32.13.3.rel1.win32_1.0.0.202411081344/tools/bin/../lib/gcc/arm-none-eabi/13.3.1/thumb/v7e-m+fp/hard\libgcc.a(_dvmd_tls.o)
                0x08000518                __aeabi_idiv0
                0x08000518                __aeabi_ldiv0
 *(.text*)
 .text.vApplicationIdleHook
                0x0800051c        0xe ./Core/Src/freertos.o
                0x0800051c                vApplicationIdleHook
 .text.vApplicationStackOverflowHook
                0x0800052a       0x16 ./Core/Src/freertos.o
                0x0800052a                vApplicationStackOverflowHook
 .text.vApplicationMallocFailedHook
                0x08000540        0xe ./Core/Src/freertos.o
                0x08000540                vApplicationMallocFailedHook
 *fill*         0x0800054e        0x2 
 .text.vApplicationGetIdleTaskMemory
                0x08000550       0x34 ./Core/Src/freertos.o
                0x08000550                vApplicationGetIdleTaskMemory
 .text.ili9341_Init
                0x08000584      0x294 ./Core/Src/ili9341.o
                0x08000584                ili9341_Init
 .text.ili9341_ReadID
                0x08000818       0x18 ./Core/Src/ili9341.o
                0x08000818                ili9341_ReadID
 .text.ili9341_DisplayOn
                0x08000830        0xe ./Core/Src/ili9341.o
                0x08000830                ili9341_DisplayOn
 .text.ili9341_DisplayOff
                0x0800083e        0xe ./Core/Src/ili9341.o
                0x0800083e                ili9341_DisplayOff
 .text.ili9341_WriteReg
                0x0800084c       0x1a ./Core/Src/ili9341.o
                0x0800084c                ili9341_WriteReg
 .text.ili9341_WriteData
                0x08000866       0x1a ./Core/Src/ili9341.o
                0x08000866                ili9341_WriteData
 .text.ili9341_ReadData
                0x08000880       0x26 ./Core/Src/ili9341.o
                0x08000880                ili9341_ReadData
 .text.ili9341_GetLcdPixelWidth
                0x080008a6       0x10 ./Core/Src/ili9341.o
                0x080008a6                ili9341_GetLcdPixelWidth
 .text.ili9341_GetLcdPixelHeight
                0x080008b6       0x12 ./Core/Src/ili9341.o
                0x080008b6                ili9341_GetLcdPixelHeight
 .text.main     0x080008c8       0x68 ./Core/Src/main.o
                0x080008c8                main
 .text.SystemClock_Config
                0x08000930       0xe4 ./Core/Src/main.o
                0x08000930                SystemClock_Config
 .text.MX_CRC_Init
                0x08000a14       0x28 ./Core/Src/main.o
 .text.MX_DMA2D_Init
                0x08000a3c       0x64 ./Core/Src/main.o
 .text.MX_I2C3_Init
                0x08000aa0       0x80 ./Core/Src/main.o
 .text.MX_LTDC_Init
                0x08000b20      0x160 ./Core/Src/main.o
 .text.MX_SPI5_Init
                0x08000c80       0x6c ./Core/Src/main.o
 .text.MX_TIM1_Init
                0x08000cec       0xa0 ./Core/Src/main.o
 .text.MX_USART1_UART_Init
                0x08000d8c       0x54 ./Core/Src/main.o
 .text.MX_FMC_Init
                0x08000de0       0xa0 ./Core/Src/main.o
 .text.MX_GPIO_Init
                0x08000e80      0x25c ./Core/Src/main.o
 .text.StartDefaultTask
                0x080010dc       0x10 ./Core/Src/main.o
                0x080010dc                StartDefaultTask
 .text.HAL_TIM_PeriodElapsedCallback
                0x080010ec       0x24 ./Core/Src/main.o
                0x080010ec                HAL_TIM_PeriodElapsedCallback
 .text.Error_Handler
                0x08001110        0xc ./Core/Src/main.o
                0x08001110                Error_Handler
 .text.SPIx_Init
                0x0800111c       0x74 ./Core/Src/stm32f429i_discovery.o
 .text.SPIx_Read
                0x08001190       0x40 ./Core/Src/stm32f429i_discovery.o
 .text.SPIx_Write
                0x080011d0       0x3c ./Core/Src/stm32f429i_discovery.o
 .text.SPIx_Error
                0x0800120c       0x18 ./Core/Src/stm32f429i_discovery.o
 .text.SPIx_MspInit
                0x08001224       0x74 ./Core/Src/stm32f429i_discovery.o
 .text.LCD_IO_Init
                0x08001298       0xf0 ./Core/Src/stm32f429i_discovery.o
                0x08001298                LCD_IO_Init
 .text.LCD_IO_WriteData
                0x08001388       0x44 ./Core/Src/stm32f429i_discovery.o
                0x08001388                LCD_IO_WriteData
 .text.LCD_IO_WriteReg
                0x080013cc       0x44 ./Core/Src/stm32f429i_discovery.o
                0x080013cc                LCD_IO_WriteReg
 .text.LCD_IO_ReadData
                0x08001410       0x64 ./Core/Src/stm32f429i_discovery.o
                0x08001410                LCD_IO_ReadData
 .text.LCD_Delay
                0x08001474       0x16 ./Core/Src/stm32f429i_discovery.o
                0x08001474                LCD_Delay
 *fill*         0x0800148a        0x2 
 .text.BSP_LCD_Init
                0x0800148c       0xd4 ./Core/Src/stm32f429i_discovery_lcd.o
                0x0800148c                BSP_LCD_Init
 .text.BSP_LCD_SetFont
                0x08001560       0x34 ./Core/Src/stm32f429i_discovery_lcd.o
                0x08001560                BSP_LCD_SetFont
 .text.BSP_LCD_MspInit
                0x08001594      0x1ac ./Core/Src/stm32f429i_discovery_lcd.o
                0x08001594                BSP_LCD_MspInit
 .text.BSP_SDRAM_Init
                0x08001740       0xbc ./Core/Src/stm32f429i_discovery_sdram.o
                0x08001740                BSP_SDRAM_Init
 .text.BSP_SDRAM_Initialization_sequence
                0x080017fc       0xc0 ./Core/Src/stm32f429i_discovery_sdram.o
                0x080017fc                BSP_SDRAM_Initialization_sequence
 .text.BSP_SDRAM_MspInit
                0x080018bc      0x218 ./Core/Src/stm32f429i_discovery_sdram.o
                0x080018bc                BSP_SDRAM_MspInit
 .text.HAL_MspInit
                0x08001ad4       0x58 ./Core/Src/stm32f4xx_hal_msp.o
                0x08001ad4                HAL_MspInit
 .text.HAL_CRC_MspInit
                0x08001b2c       0x44 ./Core/Src/stm32f4xx_hal_msp.o
                0x08001b2c                HAL_CRC_MspInit
 .text.HAL_DMA2D_MspInit
                0x08001b70       0x50 ./Core/Src/stm32f4xx_hal_msp.o
                0x08001b70                HAL_DMA2D_MspInit
 .text.HAL_I2C_MspInit
                0x08001bc0       0xd4 ./Core/Src/stm32f4xx_hal_msp.o
                0x08001bc0                HAL_I2C_MspInit
 .text.HAL_LTDC_MspInit
                0x08001c94      0x250 ./Core/Src/stm32f4xx_hal_msp.o
                0x08001c94                HAL_LTDC_MspInit
 .text.HAL_SPI_MspInit
                0x08001ee4       0x90 ./Core/Src/stm32f4xx_hal_msp.o
                0x08001ee4                HAL_SPI_MspInit
 .text.HAL_SPI_MspDeInit
                0x08001f74       0x3c ./Core/Src/stm32f4xx_hal_msp.o
                0x08001f74                HAL_SPI_MspDeInit
 .text.HAL_TIM_Base_MspInit
                0x08001fb0       0x44 ./Core/Src/stm32f4xx_hal_msp.o
                0x08001fb0                HAL_TIM_Base_MspInit
 .text.HAL_UART_MspInit
                0x08001ff4       0x90 ./Core/Src/stm32f4xx_hal_msp.o
                0x08001ff4                HAL_UART_MspInit
 .text.HAL_FMC_MspInit
                0x08002084      0x124 ./Core/Src/stm32f4xx_hal_msp.o
 .text.HAL_SDRAM_MspInit
                0x080021a8       0x14 ./Core/Src/stm32f4xx_hal_msp.o
                0x080021a8                HAL_SDRAM_MspInit
 .text.HAL_InitTick
                0x080021bc       0xf8 ./Core/Src/stm32f4xx_hal_timebase_tim.o
                0x080021bc                HAL_InitTick
 .text.NMI_Handler
                0x080022b4        0x8 ./Core/Src/stm32f4xx_it.o
                0x080022b4                NMI_Handler
 .text.HardFault_Handler
                0x080022bc        0x8 ./Core/Src/stm32f4xx_it.o
                0x080022bc                HardFault_Handler
 .text.MemManage_Handler
                0x080022c4        0x8 ./Core/Src/stm32f4xx_it.o
                0x080022c4                MemManage_Handler
 .text.BusFault_Handler
                0x080022cc        0x8 ./Core/Src/stm32f4xx_it.o
                0x080022cc                BusFault_Handler
 .text.UsageFault_Handler
                0x080022d4        0x8 ./Core/Src/stm32f4xx_it.o
                0x080022d4                UsageFault_Handler
 .text.DebugMon_Handler
                0x080022dc        0xe ./Core/Src/stm32f4xx_it.o
                0x080022dc                DebugMon_Handler
 *fill*         0x080022ea        0x2 
 .text.TIM6_DAC_IRQHandler
                0x080022ec       0x14 ./Core/Src/stm32f4xx_it.o
                0x080022ec                TIM6_DAC_IRQHandler
 .text.DMA2D_IRQHandler
                0x08002300       0x14 ./Core/Src/stm32f4xx_it.o
                0x08002300                DMA2D_IRQHandler
 .text.SystemInit
                0x08002314       0x24 ./Core/Src/system_stm32f4xx.o
                0x08002314                SystemInit
 .text.Reset_Handler
                0x08002338       0x50 ./Core/Startup/startup_stm32f429zitx.o
                0x08002338                Reset_Handler
 .text.Default_Handler
                0x08002388        0x2 ./Core/Startup/startup_stm32f429zitx.o
                0x08002388                RTC_Alarm_IRQHandler
                0x08002388                HASH_RNG_IRQHandler
                0x08002388                EXTI2_IRQHandler
                0x08002388                TIM8_CC_IRQHandler
                0x08002388                UART8_IRQHandler
                0x08002388                SPI4_IRQHandler
                0x08002388                TIM1_CC_IRQHandler
                0x08002388                DMA2_Stream5_IRQHandler
                0x08002388                DMA1_Stream5_IRQHandler
                0x08002388                PVD_IRQHandler
                0x08002388                SDIO_IRQHandler
                0x08002388                TAMP_STAMP_IRQHandler
                0x08002388                CAN2_RX1_IRQHandler
                0x08002388                EXTI3_IRQHandler
                0x08002388                TIM8_TRG_COM_TIM14_IRQHandler
                0x08002388                TIM1_UP_TIM10_IRQHandler
                0x08002388                TIM8_UP_TIM13_IRQHandler
                0x08002388                I2C3_ER_IRQHandler
                0x08002388                EXTI0_IRQHandler
                0x08002388                I2C2_EV_IRQHandler
                0x08002388                DMA1_Stream2_IRQHandler
                0x08002388                CAN1_RX0_IRQHandler
                0x08002388                FPU_IRQHandler
                0x08002388                OTG_HS_WKUP_IRQHandler
                0x08002388                LTDC_ER_IRQHandler
                0x08002388                CAN2_SCE_IRQHandler
                0x08002388                DMA2_Stream2_IRQHandler
                0x08002388                SPI1_IRQHandler
                0x08002388                TIM1_BRK_TIM9_IRQHandler
                0x08002388                DCMI_IRQHandler
                0x08002388                CAN2_RX0_IRQHandler
                0x08002388                DMA2_Stream3_IRQHandler
                0x08002388                USART6_IRQHandler
                0x08002388                USART3_IRQHandler
                0x08002388                CAN1_RX1_IRQHandler
                0x08002388                UART5_IRQHandler
                0x08002388                DMA2_Stream0_IRQHandler
                0x08002388                TIM4_IRQHandler
                0x08002388                I2C1_EV_IRQHandler
                0x08002388                DMA1_Stream6_IRQHandler
                0x08002388                DMA1_Stream1_IRQHandler
                0x08002388                UART4_IRQHandler
                0x08002388                TIM3_IRQHandler
                0x08002388                RCC_IRQHandler
                0x08002388                TIM8_BRK_TIM12_IRQHandler
                0x08002388                Default_Handler
                0x08002388                EXTI15_10_IRQHandler
                0x08002388                ADC_IRQHandler
                0x08002388                DMA1_Stream7_IRQHandler
                0x08002388                SPI5_IRQHandler
                0x08002388                TIM7_IRQHandler
                0x08002388                CAN2_TX_IRQHandler
                0x08002388                TIM5_IRQHandler
                0x08002388                DMA2_Stream7_IRQHandler
                0x08002388                I2C3_EV_IRQHandler
                0x08002388                EXTI9_5_IRQHandler
                0x08002388                RTC_WKUP_IRQHandler
                0x08002388                LTDC_IRQHandler
                0x08002388                ETH_WKUP_IRQHandler
                0x08002388                SPI2_IRQHandler
                0x08002388                OTG_HS_EP1_IN_IRQHandler
                0x08002388                DMA1_Stream0_IRQHandler
                0x08002388                CAN1_TX_IRQHandler
                0x08002388                EXTI4_IRQHandler
                0x08002388                ETH_IRQHandler
                0x08002388                OTG_HS_EP1_OUT_IRQHandler
                0x08002388                WWDG_IRQHandler
                0x08002388                SPI6_IRQHandler
                0x08002388                TIM2_IRQHandler
                0x08002388                OTG_FS_WKUP_IRQHandler
                0x08002388                TIM1_TRG_COM_TIM11_IRQHandler
                0x08002388                OTG_HS_IRQHandler
                0x08002388                EXTI1_IRQHandler
                0x08002388                UART7_IRQHandler
                0x08002388                USART2_IRQHandler
                0x08002388                I2C2_ER_IRQHandler
                0x08002388                DMA2_Stream1_IRQHandler
                0x08002388                CAN1_SCE_IRQHandler
                0x08002388                FLASH_IRQHandler
                0x08002388                DMA2_Stream4_IRQHandler
                0x08002388                USART1_IRQHandler
                0x08002388                OTG_FS_IRQHandler
                0x08002388                SPI3_IRQHandler
                0x08002388                DMA1_Stream4_IRQHandler
                0x08002388                I2C1_ER_IRQHandler
                0x08002388                FMC_IRQHandler
                0x08002388                DMA2_Stream6_IRQHandler
                0x08002388                SAI1_IRQHandler
                0x08002388                DMA1_Stream3_IRQHandler
 *fill*         0x0800238a        0x2 
 .text.HAL_Init
                0x0800238c       0x44 ./Drivers/STM32F4xx_HAL_Driver/Src/stm32f4xx_hal.o
                0x0800238c                HAL_Init
 .text.HAL_IncTick
                0x080023d0       0x28 ./Drivers/STM32F4xx_HAL_Driver/Src/stm32f4xx_hal.o
                0x080023d0                HAL_IncTick
 .text.HAL_GetTick
                0x080023f8       0x18 ./Drivers/STM32F4xx_HAL_Driver/Src/stm32f4xx_hal.o
                0x080023f8                HAL_GetTick
 .text.HAL_Delay
                0x08002410       0x48 ./Drivers/STM32F4xx_HAL_Driver/Src/stm32f4xx_hal.o
                0x08002410                HAL_Delay
 .text.__NVIC_SetPriorityGrouping
                0x08002458       0x48 ./Drivers/STM32F4xx_HAL_Driver/Src/stm32f4xx_hal_cortex.o
 .text.__NVIC_GetPriorityGrouping
                0x080024a0       0x1c ./Drivers/STM32F4xx_HAL_Driver/Src/stm32f4xx_hal_cortex.o
 .text.__NVIC_EnableIRQ
                0x080024bc       0x3c ./Drivers/STM32F4xx_HAL_Driver/Src/stm32f4xx_hal_cortex.o
 .text.__NVIC_SetPriority
                0x080024f8       0x54 ./Drivers/STM32F4xx_HAL_Driver/Src/stm32f4xx_hal_cortex.o
 .text.NVIC_EncodePriority
                0x0800254c       0x66 ./Drivers/STM32F4xx_HAL_Driver/Src/stm32f4xx_hal_cortex.o
 .text.HAL_NVIC_SetPriorityGrouping
                0x080025b2       0x16 ./Drivers/STM32F4xx_HAL_Driver/Src/stm32f4xx_hal_cortex.o
                0x080025b2                HAL_NVIC_SetPriorityGrouping
 .text.HAL_NVIC_SetPriority
                0x080025c8       0x38 ./Drivers/STM32F4xx_HAL_Driver/Src/stm32f4xx_hal_cortex.o
                0x080025c8                HAL_NVIC_SetPriority
 .text.HAL_NVIC_EnableIRQ
                0x08002600       0x1c ./Drivers/STM32F4xx_HAL_Driver/Src/stm32f4xx_hal_cortex.o
                0x08002600                HAL_NVIC_EnableIRQ
 .text.HAL_CRC_Init
                0x0800261c       0x38 ./Drivers/STM32F4xx_HAL_Driver/Src/stm32f4xx_hal_crc.o
                0x0800261c                HAL_CRC_Init
 .text.HAL_DMA_Init
                0x08002654      0x15c ./Drivers/STM32F4xx_HAL_Driver/Src/stm32f4xx_hal_dma.o
                0x08002654                HAL_DMA_Init
 .text.HAL_DMA_DeInit
                0x080027b0       0xbc ./Drivers/STM32F4xx_HAL_Driver/Src/stm32f4xx_hal_dma.o
                0x080027b0                HAL_DMA_DeInit
 .text.DMA_CalcBaseAndBitshift
                0x0800286c       0x6c ./Drivers/STM32F4xx_HAL_Driver/Src/stm32f4xx_hal_dma.o
 .text.DMA_CheckFifoParam
                0x080028d8       0xf8 ./Drivers/STM32F4xx_HAL_Driver/Src/stm32f4xx_hal_dma.o
 .text.HAL_DMA2D_Init
                0x080029d0       0x92 ./Drivers/STM32F4xx_HAL_Driver/Src/stm32f4xx_hal_dma2d.o
                0x080029d0                HAL_DMA2D_Init
 .text.HAL_DMA2D_IRQHandler
                0x08002a62      0x1f8 ./Drivers/STM32F4xx_HAL_Driver/Src/stm32f4xx_hal_dma2d.o
                0x08002a62                HAL_DMA2D_IRQHandler
 .text.HAL_DMA2D_LineEventCallback
                0x08002c5a       0x14 ./Drivers/STM32F4xx_HAL_Driver/Src/stm32f4xx_hal_dma2d.o
                0x08002c5a                HAL_DMA2D_LineEventCallback
 .text.HAL_DMA2D_CLUTLoadingCpltCallback
                0x08002c6e       0x14 ./Drivers/STM32F4xx_HAL_Driver/Src/stm32f4xx_hal_dma2d.o
                0x08002c6e                HAL_DMA2D_CLUTLoadingCpltCallback
 *fill*         0x08002c82        0x2 
 .text.HAL_DMA2D_ConfigLayer
                0x08002c84      0x124 ./Drivers/STM32F4xx_HAL_Driver/Src/stm32f4xx_hal_dma2d.o
                0x08002c84                HAL_DMA2D_ConfigLayer
 .text.HAL_GPIO_Init
                0x08002da8      0x358 ./Drivers/STM32F4xx_HAL_Driver/Src/stm32f4xx_hal_gpio.o
                0x08002da8                HAL_GPIO_Init
 .text.HAL_GPIO_DeInit
                0x08003100      0x218 ./Drivers/STM32F4xx_HAL_Driver/Src/stm32f4xx_hal_gpio.o
                0x08003100                HAL_GPIO_DeInit
 .text.HAL_GPIO_WritePin
                0x08003318       0x32 ./Drivers/STM32F4xx_HAL_Driver/Src/stm32f4xx_hal_gpio.o
                0x08003318                HAL_GPIO_WritePin
 *fill*         0x0800334a        0x2 
 .text.HAL_I2C_Init
                0x0800334c      0x288 ./Drivers/STM32F4xx_HAL_Driver/Src/stm32f4xx_hal_i2c.o
                0x0800334c                HAL_I2C_Init
 .text.HAL_I2CEx_ConfigAnalogFilter
                0x080035d4       0x78 ./Drivers/STM32F4xx_HAL_Driver/Src/stm32f4xx_hal_i2c_ex.o
                0x080035d4                HAL_I2CEx_ConfigAnalogFilter
 .text.HAL_I2CEx_ConfigDigitalFilter
                0x0800364c       0x7e ./Drivers/STM32F4xx_HAL_Driver/Src/stm32f4xx_hal_i2c_ex.o
                0x0800364c                HAL_I2CEx_ConfigDigitalFilter
 *fill*         0x080036ca        0x2 
 .text.HAL_LTDC_Init
                0x080036cc      0x1a0 ./Drivers/STM32F4xx_HAL_Driver/Src/stm32f4xx_hal_ltdc.o
                0x080036cc                HAL_LTDC_Init
 .text.HAL_LTDC_ConfigLayer
                0x0800386c       0x7c ./Drivers/STM32F4xx_HAL_Driver/Src/stm32f4xx_hal_ltdc.o
                0x0800386c                HAL_LTDC_ConfigLayer
 .text.LTDC_SetConfig
                0x080038e8      0x32e ./Drivers/STM32F4xx_HAL_Driver/Src/stm32f4xx_hal_ltdc.o
 *fill*         0x08003c16        0x2 
 .text.HAL_PWREx_EnableOverDrive
                0x08003c18       0xa0 ./Drivers/STM32F4xx_HAL_Driver/Src/stm32f4xx_hal_pwr_ex.o
                0x08003c18                HAL_PWREx_EnableOverDrive
 .text.HAL_RCC_OscConfig
                0x08003cb8      0x4f0 ./Drivers/STM32F4xx_HAL_Driver/Src/stm32f4xx_hal_rcc.o
                0x08003cb8                HAL_RCC_OscConfig
 .text.HAL_RCC_ClockConfig
                0x080041a8      0x1cc ./Drivers/STM32F4xx_HAL_Driver/Src/stm32f4xx_hal_rcc.o
                0x080041a8                HAL_RCC_ClockConfig
 .text.HAL_RCC_GetSysClockFreq
                0x08004374      0x20c ./Drivers/STM32F4xx_HAL_Driver/Src/stm32f4xx_hal_rcc.o
                0x08004374                HAL_RCC_GetSysClockFreq
 .text.HAL_RCC_GetHCLKFreq
                0x08004580       0x18 ./Drivers/STM32F4xx_HAL_Driver/Src/stm32f4xx_hal_rcc.o
                0x08004580                HAL_RCC_GetHCLKFreq
 .text.HAL_RCC_GetPCLK1Freq
                0x08004598       0x28 ./Drivers/STM32F4xx_HAL_Driver/Src/stm32f4xx_hal_rcc.o
                0x08004598                HAL_RCC_GetPCLK1Freq
 .text.HAL_RCC_GetPCLK2Freq
                0x080045c0       0x28 ./Drivers/STM32F4xx_HAL_Driver/Src/stm32f4xx_hal_rcc.o
                0x080045c0                HAL_RCC_GetPCLK2Freq
 .text.HAL_RCC_GetClockConfig
                0x080045e8       0x64 ./Drivers/STM32F4xx_HAL_Driver/Src/stm32f4xx_hal_rcc.o
                0x080045e8                HAL_RCC_GetClockConfig
 .text.HAL_RCCEx_PeriphCLKConfig
                0x0800464c      0x380 ./Drivers/STM32F4xx_HAL_Driver/Src/stm32f4xx_hal_rcc_ex.o
                0x0800464c                HAL_RCCEx_PeriphCLKConfig
 .text.HAL_SDRAM_Init
                0x080049cc       0x68 ./Drivers/STM32F4xx_HAL_Driver/Src/stm32f4xx_hal_sdram.o
                0x080049cc                HAL_SDRAM_Init
 .text.HAL_SDRAM_SendCommand
                0x08004a34       0x6a ./Drivers/STM32F4xx_HAL_Driver/Src/stm32f4xx_hal_sdram.o
                0x08004a34                HAL_SDRAM_SendCommand
 .text.HAL_SDRAM_ProgramRefreshRate
                0x08004a9e       0x50 ./Drivers/STM32F4xx_HAL_Driver/Src/stm32f4xx_hal_sdram.o
                0x08004a9e                HAL_SDRAM_ProgramRefreshRate
 .text.HAL_SPI_Init
                0x08004aee      0x112 ./Drivers/STM32F4xx_HAL_Driver/Src/stm32f4xx_hal_spi.o
                0x08004aee                HAL_SPI_Init
 .text.HAL_SPI_DeInit
                0x08004c00       0x50 ./Drivers/STM32F4xx_HAL_Driver/Src/stm32f4xx_hal_spi.o
                0x08004c00                HAL_SPI_DeInit
 .text.HAL_SPI_Transmit
                0x08004c50      0x288 ./Drivers/STM32F4xx_HAL_Driver/Src/stm32f4xx_hal_spi.o
                0x08004c50                HAL_SPI_Transmit
 .text.HAL_SPI_Receive
                0x08004ed8      0x232 ./Drivers/STM32F4xx_HAL_Driver/Src/stm32f4xx_hal_spi.o
                0x08004ed8                HAL_SPI_Receive
 .text.HAL_SPI_TransmitReceive
                0x0800510a      0x352 ./Drivers/STM32F4xx_HAL_Driver/Src/stm32f4xx_hal_spi.o
                0x0800510a                HAL_SPI_TransmitReceive
 .text.HAL_SPI_GetState
                0x0800545c       0x1c ./Drivers/STM32F4xx_HAL_Driver/Src/stm32f4xx_hal_spi.o
                0x0800545c                HAL_SPI_GetState
 .text.SPI_WaitFlagStateUntilTimeout
                0x08005478      0x110 ./Drivers/STM32F4xx_HAL_Driver/Src/stm32f4xx_hal_spi.o
 .text.SPI_EndRxTransaction
                0x08005588       0xca ./Drivers/STM32F4xx_HAL_Driver/Src/stm32f4xx_hal_spi.o
 *fill*         0x08005652        0x2 
 .text.SPI_EndRxTxTransaction
                0x08005654       0xa8 ./Drivers/STM32F4xx_HAL_Driver/Src/stm32f4xx_hal_spi.o
 .text.HAL_TIM_Base_Init
                0x080056fc       0x9e ./Drivers/STM32F4xx_HAL_Driver/Src/stm32f4xx_hal_tim.o
                0x080056fc                HAL_TIM_Base_Init
 *fill*         0x0800579a        0x2 
 .text.HAL_TIM_Base_Start_IT
                0x0800579c       0xe0 ./Drivers/STM32F4xx_HAL_Driver/Src/stm32f4xx_hal_tim.o
                0x0800579c                HAL_TIM_Base_Start_IT
 .text.HAL_TIM_IRQHandler
                0x0800587c      0x1e0 ./Drivers/STM32F4xx_HAL_Driver/Src/stm32f4xx_hal_tim.o
                0x0800587c                HAL_TIM_IRQHandler
 .text.HAL_TIM_ConfigClockSource
                0x08005a5c      0x18e ./Drivers/STM32F4xx_HAL_Driver/Src/stm32f4xx_hal_tim.o
                0x08005a5c                HAL_TIM_ConfigClockSource
 .text.HAL_TIM_OC_DelayElapsedCallback
                0x08005bea       0x14 ./Drivers/STM32F4xx_HAL_Driver/Src/stm32f4xx_hal_tim.o
                0x08005bea                HAL_TIM_OC_DelayElapsedCallback
 .text.HAL_TIM_IC_CaptureCallback
                0x08005bfe       0x14 ./Drivers/STM32F4xx_HAL_Driver/Src/stm32f4xx_hal_tim.o
                0x08005bfe                HAL_TIM_IC_CaptureCallback
 .text.HAL_TIM_PWM_PulseFinishedCallback
                0x08005c12       0x14 ./Drivers/STM32F4xx_HAL_Driver/Src/stm32f4xx_hal_tim.o
                0x08005c12                HAL_TIM_PWM_PulseFinishedCallback
 .text.HAL_TIM_TriggerCallback
                0x08005c26       0x14 ./Drivers/STM32F4xx_HAL_Driver/Src/stm32f4xx_hal_tim.o
                0x08005c26                HAL_TIM_TriggerCallback
 *fill*         0x08005c3a        0x2 
 .text.TIM_Base_SetConfig
                0x08005c3c      0x158 ./Drivers/STM32F4xx_HAL_Driver/Src/stm32f4xx_hal_tim.o
                0x08005c3c                TIM_Base_SetConfig
 .text.TIM_TI1_ConfigInputStage
                0x08005d94       0x5e ./Drivers/STM32F4xx_HAL_Driver/Src/stm32f4xx_hal_tim.o
 .text.TIM_TI2_ConfigInputStage
                0x08005df2       0x60 ./Drivers/STM32F4xx_HAL_Driver/Src/stm32f4xx_hal_tim.o
 .text.TIM_ITRx_SetConfig
                0x08005e52       0x36 ./Drivers/STM32F4xx_HAL_Driver/Src/stm32f4xx_hal_tim.o
 .text.TIM_ETR_SetConfig
                0x08005e88       0x40 ./Drivers/STM32F4xx_HAL_Driver/Src/stm32f4xx_hal_tim.o
                0x08005e88                TIM_ETR_SetConfig
 .text.HAL_TIMEx_MasterConfigSynchronization
                0x08005ec8       0xf8 ./Drivers/STM32F4xx_HAL_Driver/Src/stm32f4xx_hal_tim_ex.o
                0x08005ec8                HAL_TIMEx_MasterConfigSynchronization
 .text.HAL_TIMEx_CommutCallback
                0x08005fc0       0x14 ./Drivers/STM32F4xx_HAL_Driver/Src/stm32f4xx_hal_tim_ex.o
                0x08005fc0                HAL_TIMEx_CommutCallback
 .text.HAL_TIMEx_BreakCallback
                0x08005fd4       0x14 ./Drivers/STM32F4xx_HAL_Driver/Src/stm32f4xx_hal_tim_ex.o
                0x08005fd4                HAL_TIMEx_BreakCallback
 .text.HAL_UART_Init
                0x08005fe8       0xa0 ./Drivers/STM32F4xx_HAL_Driver/Src/stm32f4xx_hal_uart.o
                0x08005fe8                HAL_UART_Init
 .text.UART_SetConfig
                0x08006088      0x4e8 ./Drivers/STM32F4xx_HAL_Driver/Src/stm32f4xx_hal_uart.o
 .text.FMC_SDRAM_Init
                0x08006570       0xba ./Drivers/STM32F4xx_HAL_Driver/Src/stm32f4xx_ll_fmc.o
                0x08006570                FMC_SDRAM_Init
 .text.FMC_SDRAM_Timing_Init
                0x0800662a       0xd2 ./Drivers/STM32F4xx_HAL_Driver/Src/stm32f4xx_ll_fmc.o
                0x0800662a                FMC_SDRAM_Timing_Init
 .text.FMC_SDRAM_SendCommand
                0x080066fc       0x7a ./Drivers/STM32F4xx_HAL_Driver/Src/stm32f4xx_ll_fmc.o
                0x080066fc                FMC_SDRAM_SendCommand
 .text.FMC_SDRAM_ProgramRefreshRate
                0x08006776       0x2e ./Drivers/STM32F4xx_HAL_Driver/Src/stm32f4xx_ll_fmc.o
                0x08006776                FMC_SDRAM_ProgramRefreshRate
 .text.makeFreeRtosPriority
                0x080067a4       0x30 ./Middlewares/Third_Party/FreeRTOS/Source/CMSIS_RTOS/cmsis_os.o
 .text.osKernelStart
                0x080067d4        0xe ./Middlewares/Third_Party/FreeRTOS/Source/CMSIS_RTOS/cmsis_os.o
                0x080067d4                osKernelStart
 .text.osThreadCreate
                0x080067e2       0x98 ./Middlewares/Third_Party/FreeRTOS/Source/CMSIS_RTOS/cmsis_os.o
                0x080067e2                osThreadCreate
 .text.osDelay  0x0800687a       0x28 ./Middlewares/Third_Party/FreeRTOS/Source/CMSIS_RTOS/cmsis_os.o
                0x0800687a                osDelay
 .text.vListInitialise
                0x080068a2       0x40 ./Middlewares/Third_Party/FreeRTOS/Source/list.o
                0x080068a2                vListInitialise
 .text.vListInitialiseItem
                0x080068e2       0x1a ./Middlewares/Third_Party/FreeRTOS/Source/list.o
                0x080068e2                vListInitialiseItem
 .text.vListInsertEnd
                0x080068fc       0x48 ./Middlewares/Third_Party/FreeRTOS/Source/list.o
                0x080068fc                vListInsertEnd
 .text.vListInsert
                0x08006944       0x72 ./Middlewares/Third_Party/FreeRTOS/Source/list.o
                0x08006944                vListInsert
 .text.uxListRemove
                0x080069b6       0x54 ./Middlewares/Third_Party/FreeRTOS/Source/list.o
                0x080069b6                uxListRemove
 .text.xTaskCreateStatic
                0x08006a0a       0xc0 ./Middlewares/Third_Party/FreeRTOS/Source/tasks.o
                0x08006a0a                xTaskCreateStatic
 .text.xTaskCreate
                0x08006aca       0x8a ./Middlewares/Third_Party/FreeRTOS/Source/tasks.o
                0x08006aca                xTaskCreate
 .text.prvInitialiseNewTask
                0x08006b54      0x126 ./Middlewares/Third_Party/FreeRTOS/Source/tasks.o
 *fill*         0x08006c7a        0x2 
 .text.prvAddNewTaskToReadyList
                0x08006c7c       0xd4 ./Middlewares/Third_Party/FreeRTOS/Source/tasks.o
 .text.vTaskDelay
                0x08006d50       0x6c ./Middlewares/Third_Party/FreeRTOS/Source/tasks.o
                0x08006d50                vTaskDelay
 .text.vTaskStartScheduler
                0x08006dbc       0xc4 ./Middlewares/Third_Party/FreeRTOS/Source/tasks.o
                0x08006dbc                vTaskStartScheduler
 .text.vTaskSuspendAll
                0x08006e80       0x1c ./Middlewares/Third_Party/FreeRTOS/Source/tasks.o
                0x08006e80                vTaskSuspendAll
 .text.xTaskResumeAll
                0x08006e9c      0x13c ./Middlewares/Third_Party/FreeRTOS/Source/tasks.o
                0x08006e9c                xTaskResumeAll
 .text.xTaskIncrementTick
                0x08006fd8      0x174 ./Middlewares/Third_Party/FreeRTOS/Source/tasks.o
                0x08006fd8                xTaskIncrementTick
 .text.vTaskSwitchContext
                0x0800714c      0x104 ./Middlewares/Third_Party/FreeRTOS/Source/tasks.o
                0x0800714c                vTaskSwitchContext
 .text.prvIdleTask
                0x08007250       0x34 ./Middlewares/Third_Party/FreeRTOS/Source/tasks.o
 .text.prvInitialiseTaskLists
                0x08007284       0x80 ./Middlewares/Third_Party/FreeRTOS/Source/tasks.o
 .text.prvCheckTasksWaitingTermination
                0x08007304       0x5c ./Middlewares/Third_Party/FreeRTOS/Source/tasks.o
 .text.prvDeleteTCB
                0x08007360       0x60 ./Middlewares/Third_Party/FreeRTOS/Source/tasks.o
 .text.prvResetNextTaskUnblockTime
                0x080073c0       0x40 ./Middlewares/Third_Party/FreeRTOS/Source/tasks.o
 .text.prvAddCurrentTaskToDelayedList
                0x08007400       0xcc ./Middlewares/Third_Party/FreeRTOS/Source/tasks.o
 .text.pxPortInitialiseStack
                0x080074cc       0x68 ./Middlewares/Third_Party/FreeRTOS/Source/portable/GCC/ARM_CM4F/port.o
                0x080074cc                pxPortInitialiseStack
 .text.prvTaskExitError
                0x08007534       0x5c ./Middlewares/Third_Party/FreeRTOS/Source/portable/GCC/ARM_CM4F/port.o
 .text.SVC_Handler
                0x08007590       0x28 ./Middlewares/Third_Party/FreeRTOS/Source/portable/GCC/ARM_CM4F/port.o
                0x08007590                SVC_Handler
 .text.prvPortStartFirstTask
                0x080075b8       0x28 ./Middlewares/Third_Party/FreeRTOS/Source/portable/GCC/ARM_CM4F/port.o
 .text.xPortStartScheduler
                0x080075e0      0x148 ./Middlewares/Third_Party/FreeRTOS/Source/portable/GCC/ARM_CM4F/port.o
                0x080075e0                xPortStartScheduler
 .text.vPortEnterCritical
                0x08007728       0x64 ./Middlewares/Third_Party/FreeRTOS/Source/portable/GCC/ARM_CM4F/port.o
                0x08007728                vPortEnterCritical
 .text.vPortExitCritical
                0x0800778c       0x54 ./Middlewares/Third_Party/FreeRTOS/Source/portable/GCC/ARM_CM4F/port.o
                0x0800778c                vPortExitCritical
 .text.PendSV_Handler
                0x080077e0       0x68 ./Middlewares/Third_Party/FreeRTOS/Source/portable/GCC/ARM_CM4F/port.o
                0x080077e0                PendSV_Handler
 .text.SysTick_Handler
                0x08007848       0x44 ./Middlewares/Third_Party/FreeRTOS/Source/portable/GCC/ARM_CM4F/port.o
                0x08007848                SysTick_Handler
 .text.vPortSetupTimerInterrupt
                0x0800788c       0x48 ./Middlewares/Third_Party/FreeRTOS/Source/portable/GCC/ARM_CM4F/port.o
                0x0800788c                vPortSetupTimerInterrupt
 .text.vPortEnableVFP
                0x080078d4       0x14 ./Middlewares/Third_Party/FreeRTOS/Source/portable/GCC/ARM_CM4F/port.o
 .text.pvPortMalloc
                0x080078e8      0x1a8 ./Middlewares/Third_Party/FreeRTOS/Source/portable/MemMang/heap_4.o
                0x080078e8                pvPortMalloc
 .text.vPortFree
                0x08007a90       0xc8 ./Middlewares/Third_Party/FreeRTOS/Source/portable/MemMang/heap_4.o
                0x08007a90                vPortFree
 .text.prvHeapInit
                0x08007b58       0xc4 ./Middlewares/Third_Party/FreeRTOS/Source/portable/MemMang/heap_4.o
 .text.prvInsertBlockIntoFreeList
                0x08007c1c       0xb4 ./Middlewares/Third_Party/FreeRTOS/Source/portable/MemMang/heap_4.o
 .text.memset   0x08007cd0       0x10 C:/ST/STM32CubeIDE_1.17.0/STM32CubeIDE/plugins/com.st.stm32cube.ide.mcu.externaltools.gnu-tools-for-stm32.13.3.rel1.win32_1.0.0.202411081344/tools/bin/../lib/gcc/arm-none-eabi/13.3.1/../../../../arm-none-eabi/lib/thumb/v7e-m+fp/hard\libc_nano.a(libc_a-memset.o)
                0x08007cd0                memset
 .text.__libc_init_array
                0x08007ce0       0x48 C:/ST/STM32CubeIDE_1.17.0/STM32CubeIDE/plugins/com.st.stm32cube.ide.mcu.externaltools.gnu-tools-for-stm32.13.3.rel1.win32_1.0.0.202411081344/tools/bin/../lib/gcc/arm-none-eabi/13.3.1/../../../../arm-none-eabi/lib/thumb/v7e-m+fp/hard\libc_nano.a(libc_a-init.o)
                0x08007ce0                __libc_init_array
 *(.glue_7)
 .glue_7        0x08007d28        0x0 linker stubs
 *(.glue_7t)
 .glue_7t       0x08007d28        0x0 linker stubs
 *(.eh_frame)
 .eh_frame      0x08007d28        0x0 C:/ST/STM32CubeIDE_1.17.0/STM32CubeIDE/plugins/com.st.stm32cube.ide.mcu.externaltools.gnu-tools-for-stm32.13.3.rel1.win32_1.0.0.202411081344/tools/bin/../lib/gcc/arm-none-eabi/13.3.1/thumb/v7e-m+fp/hard/crtbegin.o
 *(.init)
 .init          0x08007d28        0x4 C:/ST/STM32CubeIDE_1.17.0/STM32CubeIDE/plugins/com.st.stm32cube.ide.mcu.externaltools.gnu-tools-for-stm32.13.3.rel1.win32_1.0.0.202411081344/tools/bin/../lib/gcc/arm-none-eabi/13.3.1/thumb/v7e-m+fp/hard/crti.o
                0x08007d28                _init
 .init          0x08007d2c        0x8 C:/ST/STM32CubeIDE_1.17.0/STM32CubeIDE/plugins/com.st.stm32cube.ide.mcu.externaltools.gnu-tools-for-stm32.13.3.rel1.win32_1.0.0.202411081344/tools/bin/../lib/gcc/arm-none-eabi/13.3.1/thumb/v7e-m+fp/hard/crtn.o
 *(.fini)
 .fini          0x08007d34        0x4 C:/ST/STM32CubeIDE_1.17.0/STM32CubeIDE/plugins/com.st.stm32cube.ide.mcu.externaltools.gnu-tools-for-stm32.13.3.rel1.win32_1.0.0.202411081344/tools/bin/../lib/gcc/arm-none-eabi/13.3.1/thumb/v7e-m+fp/hard/crti.o
                0x08007d34                _fini
 .fini          0x08007d38        0x8 C:/ST/STM32CubeIDE_1.17.0/STM32CubeIDE/plugins/com.st.stm32cube.ide.mcu.externaltools.gnu-tools-for-stm32.13.3.rel1.win32_1.0.0.202411081344/tools/bin/../lib/gcc/arm-none-eabi/13.3.1/thumb/v7e-m+fp/hard/crtn.o
                0x08007d40                        . = ALIGN (0x4)
                0x08007d40                        _etext = .

.vfp11_veneer   0x08007d40        0x0
 .vfp11_veneer  0x08007d40        0x0 linker stubs

.v4_bx          0x08007d40        0x0
 .v4_bx         0x08007d40        0x0 linker stubs

.iplt           0x08007d40        0x0
 .iplt          0x08007d40        0x0 C:/ST/STM32CubeIDE_1.17.0/STM32CubeIDE/plugins/com.st.stm32cube.ide.mcu.externaltools.gnu-tools-for-stm32.13.3.rel1.win32_1.0.0.202411081344/tools/bin/../lib/gcc/arm-none-eabi/13.3.1/thumb/v7e-m+fp/hard/crtbegin.o

.rodata         0x08007d40     0x1b08
                0x08007d40                        . = ALIGN (0x4)
 *(.rodata)
 .rodata        0x08007d40       0x28 ./Core/Src/main.o
 .rodata        0x08007d68        0x5 ./Middlewares/Third_Party/FreeRTOS/Source/tasks.o
 *(.rodata*)
 *fill*         0x08007d6d        0x3 
 .rodata.Font24_Table
                0x08007d70     0x1ab8 ./Core/Src/font24.o
                0x08007d70                Font24_Table
 .rodata.AHBPrescTable
                0x08009828       0x10 ./Core/Src/system_stm32f4xx.o
                0x08009828                AHBPrescTable
 .rodata.APBPrescTable
                0x08009838        0x8 ./Core/Src/system_stm32f4xx.o
                0x08009838                APBPrescTable
 .rodata.flagBitshiftOffset.0
                0x08009840        0x8 ./Drivers/STM32F4xx_HAL_Driver/Src/stm32f4xx_hal_dma.o
                0x08009848                        . = ALIGN (0x4)

.ARM.extab      0x08009848        0x0
                0x08009848                        . = ALIGN (0x4)
 *(.ARM.extab* .gnu.linkonce.armextab.*)
                0x08009848                        . = ALIGN (0x4)

.ARM            0x08009848        0x8
                0x08009848                        . = ALIGN (0x4)
                0x08009848                        __exidx_start = .
 *(.ARM.exidx*)
 .ARM.exidx     0x08009848        0x8 C:/ST/STM32CubeIDE_1.17.0/STM32CubeIDE/plugins/com.st.stm32cube.ide.mcu.externaltools.gnu-tools-for-stm32.13.3.rel1.win32_1.0.0.202411081344/tools/bin/../lib/gcc/arm-none-eabi/13.3.1/thumb/v7e-m+fp/hard\libgcc.a(_udivmoddi4.o)
                0x08009850                        __exidx_end = .
                0x08009850                        . = ALIGN (0x4)

.preinit_array  0x08009850        0x0
                0x08009850                        . = ALIGN (0x4)
                0x08009850                        PROVIDE (__preinit_array_start = .)
 *(.preinit_array*)
                0x08009850                        PROVIDE (__preinit_array_end = .)
                0x08009850                        . = ALIGN (0x4)

.init_array     0x08009850        0x4
                0x08009850                        . = ALIGN (0x4)
                0x08009850                        PROVIDE (__init_array_start = .)
 *(SORT_BY_NAME(.init_array.*))
 *(.init_array*)
 .init_array    0x08009850        0x4 C:/ST/STM32CubeIDE_1.17.0/STM32CubeIDE/plugins/com.st.stm32cube.ide.mcu.externaltools.gnu-tools-for-stm32.13.3.rel1.win32_1.0.0.202411081344/tools/bin/../lib/gcc/arm-none-eabi/13.3.1/thumb/v7e-m+fp/hard/crtbegin.o
                0x08009854                        PROVIDE (__init_array_end = .)
                0x08009854                        . = ALIGN (0x4)

.fini_array     0x08009854        0x4
                0x08009854                        . = ALIGN (0x4)
                [!provide]                        PROVIDE (__fini_array_start = .)
 *(SORT_BY_NAME(.fini_array.*))
 *(.fini_array*)
 .fini_array    0x08009854        0x4 C:/ST/STM32CubeIDE_1.17.0/STM32CubeIDE/plugins/com.st.stm32cube.ide.mcu.externaltools.gnu-tools-for-stm32.13.3.rel1.win32_1.0.0.202411081344/tools/bin/../lib/gcc/arm-none-eabi/13.3.1/thumb/v7e-m+fp/hard/crtbegin.o
                [!provide]                        PROVIDE (__fini_array_end = .)
                0x08009858                        . = ALIGN (0x4)
                0x08009858                        _sidata = LOADADDR (.data)

.rel.dyn        0x08009858        0x0
 .rel.iplt      0x08009858        0x0 C:/ST/STM32CubeIDE_1.17.0/STM32CubeIDE/plugins/com.st.stm32cube.ide.mcu.externaltools.gnu-tools-for-stm32.13.3.rel1.win32_1.0.0.202411081344/tools/bin/../lib/gcc/arm-none-eabi/13.3.1/thumb/v7e-m+fp/hard/crtbegin.o

.data           0x20000000       0x58 load address 0x08009858
                0x20000000                        . = ALIGN (0x4)
                0x20000000                        _sdata = .
 *(.data)
 *(.data*)
 .data.Font24   0x20000000        0x8 ./Core/Src/font24.o
                0x20000000                Font24
 .data.ili9341_drv
                0x20000008       0x38 ./Core/Src/ili9341.o
                0x20000008                ili9341_drv
 .data.SpixTimeout
                0x20000040        0x4 ./Core/Src/stm32f429i_discovery.o
                0x20000040                SpixTimeout
 .data.sdramstatus.2
                0x20000044        0x1 ./Core/Src/stm32f429i_discovery_sdram.o
 *fill*         0x20000045        0x3 
 .data.SystemCoreClock
                0x20000048        0x4 ./Core/Src/system_stm32f4xx.o
                0x20000048                SystemCoreClock
 .data.uwTickPrio
                0x2000004c        0x4 ./Drivers/STM32F4xx_HAL_Driver/Src/stm32f4xx_hal.o
                0x2000004c                uwTickPrio
 .data.uwTickFreq
                0x20000050        0x1 ./Drivers/STM32F4xx_HAL_Driver/Src/stm32f4xx_hal.o
                0x20000050                uwTickFreq
 *fill*         0x20000051        0x3 
 .data.uxCriticalNesting
                0x20000054        0x4 ./Middlewares/Third_Party/FreeRTOS/Source/portable/GCC/ARM_CM4F/port.o
 *(.RamFunc)
 *(.RamFunc*)
                0x20000058                        . = ALIGN (0x4)
                0x20000058                        _edata = .
                0x080098b0                        _siccmram = LOADADDR (.ccmram)

.igot.plt       0x20000058        0x0 load address 0x080098b0
 .igot.plt      0x20000058        0x0 C:/ST/STM32CubeIDE_1.17.0/STM32CubeIDE/plugins/com.st.stm32cube.ide.mcu.externaltools.gnu-tools-for-stm32.13.3.rel1.win32_1.0.0.202411081344/tools/bin/../lib/gcc/arm-none-eabi/13.3.1/thumb/v7e-m+fp/hard/crtbegin.o

.ccmram         0x10000000        0x0 load address 0x080098b0
                0x10000000                        . = ALIGN (0x4)
                0x10000000                        _sccmram = .
 *(.ccmram)
 *(.ccmram*)
                0x10000000                        . = ALIGN (0x4)
                0x10000000                        _eccmram = .
                0x10000000                        . = ALIGN (0x4)

.bss            0x20000058     0x8890
                0x20000058                        _sbss = .
                0x20000058                        __bss_start__ = _sbss
 *(.bss)
 .bss           0x20000058       0x1c C:/ST/STM32CubeIDE_1.17.0/STM32CubeIDE/plugins/com.st.stm32cube.ide.mcu.externaltools.gnu-tools-for-stm32.13.3.rel1.win32_1.0.0.202411081344/tools/bin/../lib/gcc/arm-none-eabi/13.3.1/thumb/v7e-m+fp/hard/crtbegin.o
 *(.bss*)
 .bss.xIdleTaskTCBBuffer
                0x20000074       0x58 ./Core/Src/freertos.o
 .bss.xIdleStack
                0x200000cc      0x200 ./Core/Src/freertos.o
 .bss.hcrc      0x200002cc        0x8 ./Core/Src/main.o
                0x200002cc                hcrc
 .bss.hdma2d    0x200002d4       0x40 ./Core/Src/main.o
                0x200002d4                hdma2d
 .bss.hi2c3     0x20000314       0x54 ./Core/Src/main.o
                0x20000314                hi2c3
 .bss.hltdc     0x20000368       0xa8 ./Core/Src/main.o
                0x20000368                hltdc
 .bss.hspi5     0x20000410       0x58 ./Core/Src/main.o
                0x20000410                hspi5
 .bss.htim1     0x20000468       0x48 ./Core/Src/main.o
                0x20000468                htim1
 .bss.huart1    0x200004b0       0x48 ./Core/Src/main.o
                0x200004b0                huart1
 .bss.hsdram1   0x200004f8       0x34 ./Core/Src/main.o
                0x200004f8                hsdram1
 .bss.defaultTaskHandle
                0x2000052c        0x4 ./Core/Src/main.o
                0x2000052c                defaultTaskHandle
 .bss.SpiHandle
                0x20000530       0x58 ./Core/Src/stm32f429i_discovery.o
 .bss.Is_LCD_IO_Initialized
                0x20000588        0x1 ./Core/Src/stm32f429i_discovery.o
 *fill*         0x20000589        0x3 
 .bss.LtdcHandler
                0x2000058c       0xa8 ./Core/Src/stm32f429i_discovery_lcd.o
                0x2000058c                LtdcHandler
 .bss.PeriphClkInitStruct
                0x20000634       0x30 ./Core/Src/stm32f429i_discovery_lcd.o
 .bss.ActiveLayer
                0x20000664        0x4 ./Core/Src/stm32f429i_discovery_lcd.o
 .bss.DrawProp  0x20000668       0x18 ./Core/Src/stm32f429i_discovery_lcd.o
 .bss.LcdDrv    0x20000680        0x4 ./Core/Src/stm32f429i_discovery_lcd.o
                0x20000680                LcdDrv
 .bss.SdramHandle
                0x20000684       0x34 ./Core/Src/stm32f429i_discovery_sdram.o
 .bss.Timing    0x200006b8       0x1c ./Core/Src/stm32f429i_discovery_sdram.o
 .bss.Command   0x200006d4       0x10 ./Core/Src/stm32f429i_discovery_sdram.o
 .bss.dmaHandle.1
                0x200006e4       0x60 ./Core/Src/stm32f429i_discovery_sdram.o
 .bss.FMC_Initialized
                0x20000744        0x4 ./Core/Src/stm32f4xx_hal_msp.o
 .bss.htim6     0x20000748       0x48 ./Core/Src/stm32f4xx_hal_timebase_tim.o
                0x20000748                htim6
 .bss.uwTick    0x20000790        0x4 ./Drivers/STM32F4xx_HAL_Driver/Src/stm32f4xx_hal.o
                0x20000790                uwTick
 .bss.pxCurrentTCB
                0x20000794        0x4 ./Middlewares/Third_Party/FreeRTOS/Source/tasks.o
                0x20000794                pxCurrentTCB
 .bss.pxReadyTasksLists
                0x20000798       0x8c ./Middlewares/Third_Party/FreeRTOS/Source/tasks.o
 .bss.xDelayedTaskList1
                0x20000824       0x14 ./Middlewares/Third_Party/FreeRTOS/Source/tasks.o
 .bss.xDelayedTaskList2
                0x20000838       0x14 ./Middlewares/Third_Party/FreeRTOS/Source/tasks.o
 .bss.pxDelayedTaskList
                0x2000084c        0x4 ./Middlewares/Third_Party/FreeRTOS/Source/tasks.o
 .bss.pxOverflowDelayedTaskList
                0x20000850        0x4 ./Middlewares/Third_Party/FreeRTOS/Source/tasks.o
 .bss.xPendingReadyList
                0x20000854       0x14 ./Middlewares/Third_Party/FreeRTOS/Source/tasks.o
 .bss.xTasksWaitingTermination
                0x20000868       0x14 ./Middlewares/Third_Party/FreeRTOS/Source/tasks.o
 .bss.uxDeletedTasksWaitingCleanUp
                0x2000087c        0x4 ./Middlewares/Third_Party/FreeRTOS/Source/tasks.o
 .bss.xSuspendedTaskList
                0x20000880       0x14 ./Middlewares/Third_Party/FreeRTOS/Source/tasks.o
 .bss.uxCurrentNumberOfTasks
                0x20000894        0x4 ./Middlewares/Third_Party/FreeRTOS/Source/tasks.o
 .bss.xTickCount
                0x20000898        0x4 ./Middlewares/Third_Party/FreeRTOS/Source/tasks.o
 .bss.uxTopReadyPriority
                0x2000089c        0x4 ./Middlewares/Third_Party/FreeRTOS/Source/tasks.o
 .bss.xSchedulerRunning
                0x200008a0        0x4 ./Middlewares/Third_Party/FreeRTOS/Source/tasks.o
 .bss.xPendedTicks
                0x200008a4        0x4 ./Middlewares/Third_Party/FreeRTOS/Source/tasks.o
 .bss.xYieldPending
                0x200008a8        0x4 ./Middlewares/Third_Party/FreeRTOS/Source/tasks.o
 .bss.xNumOfOverflows
                0x200008ac        0x4 ./Middlewares/Third_Party/FreeRTOS/Source/tasks.o
 .bss.uxTaskNumber
                0x200008b0        0x4 ./Middlewares/Third_Party/FreeRTOS/Source/tasks.o
 .bss.xNextTaskUnblockTime
                0x200008b4        0x4 ./Middlewares/Third_Party/FreeRTOS/Source/tasks.o
 .bss.xIdleTaskHandle
                0x200008b8        0x4 ./Middlewares/Third_Party/FreeRTOS/Source/tasks.o
 .bss.uxSchedulerSuspended
                0x200008bc        0x4 ./Middlewares/Third_Party/FreeRTOS/Source/tasks.o
 .bss.ucMaxSysCallPriority
                0x200008c0        0x1 ./Middlewares/Third_Party/FreeRTOS/Source/portable/GCC/ARM_CM4F/port.o
 *fill*         0x200008c1        0x3 
 .bss.ulMaxPRIGROUPValue
                0x200008c4        0x4 ./Middlewares/Third_Party/FreeRTOS/Source/portable/GCC/ARM_CM4F/port.o
 .bss.ucHeap    0x200008c8     0x8000 ./Middlewares/Third_Party/FreeRTOS/Source/portable/MemMang/heap_4.o
 .bss.xStart    0x200088c8        0x8 ./Middlewares/Third_Party/FreeRTOS/Source/portable/MemMang/heap_4.o
 .bss.pxEnd     0x200088d0        0x4 ./Middlewares/Third_Party/FreeRTOS/Source/portable/MemMang/heap_4.o
 .bss.xFreeBytesRemaining
                0x200088d4        0x4 ./Middlewares/Third_Party/FreeRTOS/Source/portable/MemMang/heap_4.o
 .bss.xMinimumEverFreeBytesRemaining
                0x200088d8        0x4 ./Middlewares/Third_Party/FreeRTOS/Source/portable/MemMang/heap_4.o
 .bss.xNumberOfSuccessfulAllocations
                0x200088dc        0x4 ./Middlewares/Third_Party/FreeRTOS/Source/portable/MemMang/heap_4.o
 .bss.xNumberOfSuccessfulFrees
                0x200088e0        0x4 ./Middlewares/Third_Party/FreeRTOS/Source/portable/MemMang/heap_4.o
 .bss.xBlockAllocatedBit
                0x200088e4        0x4 ./Middlewares/Third_Party/FreeRTOS/Source/portable/MemMang/heap_4.o
 *(COMMON)
                0x200088e8                        . = ALIGN (0x4)
                0x200088e8                        _ebss = .
                0x200088e8                        __bss_end__ = _ebss

._user_heap_stack
                0x200088e8      0x600
                0x200088e8                        . = ALIGN (0x8)
                [!provide]                        PROVIDE (end = .)
                0x200088e8                        PROVIDE (_end = .)
                0x20008ae8                        . = (. + _Min_Heap_Size)
 *fill*         0x200088e8      0x200 
                0x20008ee8                        . = (. + _Min_Stack_Size)
 *fill*         0x20008ae8      0x400 
                0x20008ee8                        . = ALIGN (0x8)

/DISCARD/
 libc.a(*)
 libm.a(*)
 libgcc.a(*)

.ARM.attributes
                0x00000000       0x30
 *(.ARM.attributes)
 .ARM.attributes
                0x00000000       0x22 C:/ST/STM32CubeIDE_1.17.0/STM32CubeIDE/plugins/com.st.stm32cube.ide.mcu.externaltools.gnu-tools-for-stm32.13.3.rel1.win32_1.0.0.202411081344/tools/bin/../lib/gcc/arm-none-eabi/13.3.1/thumb/v7e-m+fp/hard/crti.o
 .ARM.attributes
                0x00000022       0x34 C:/ST/STM32CubeIDE_1.17.0/STM32CubeIDE/plugins/com.st.stm32cube.ide.mcu.externaltools.gnu-tools-for-stm32.13.3.rel1.win32_1.0.0.202411081344/tools/bin/../lib/gcc/arm-none-eabi/13.3.1/thumb/v7e-m+fp/hard/crtbegin.o
 .ARM.attributes
                0x00000056       0x34 ./Core/Src/font24.o
 .ARM.attributes
                0x0000008a       0x34 ./Core/Src/freertos.o
 .ARM.attributes
                0x000000be       0x34 ./Core/Src/ili9341.o
 .ARM.attributes
                0x000000f2       0x34 ./Core/Src/main.o
 .ARM.attributes
                0x00000126       0x34 ./Core/Src/stm32f429i_discovery.o
 .ARM.attributes
                0x0000015a       0x34 ./Core/Src/stm32f429i_discovery_lcd.o
 .ARM.attributes
                0x0000018e       0x34 ./Core/Src/stm32f429i_discovery_sdram.o
 .ARM.attributes
                0x000001c2       0x34 ./Core/Src/stm32f4xx_hal_msp.o
 .ARM.attributes
                0x000001f6       0x34 ./Core/Src/stm32f4xx_hal_timebase_tim.o
 .ARM.attributes
                0x0000022a       0x34 ./Core/Src/stm32f4xx_it.o
 .ARM.attributes
                0x0000025e       0x34 ./Core/Src/system_stm32f4xx.o
 .ARM.attributes
                0x00000292       0x21 ./Core/Startup/startup_stm32f429zitx.o
 .ARM.attributes
                0x000002b3       0x34 ./Drivers/STM32F4xx_HAL_Driver/Src/stm32f4xx_hal.o
 .ARM.attributes
                0x000002e7       0x34 ./Drivers/STM32F4xx_HAL_Driver/Src/stm32f4xx_hal_cortex.o
 .ARM.attributes
                0x0000031b       0x34 ./Drivers/STM32F4xx_HAL_Driver/Src/stm32f4xx_hal_crc.o
 .ARM.attributes
                0x0000034f       0x34 ./Drivers/STM32F4xx_HAL_Driver/Src/stm32f4xx_hal_dma.o
 .ARM.attributes
                0x00000383       0x34 ./Drivers/STM32F4xx_HAL_Driver/Src/stm32f4xx_hal_dma2d.o
 .ARM.attributes
                0x000003b7       0x34 ./Drivers/STM32F4xx_HAL_Driver/Src/stm32f4xx_hal_gpio.o
 .ARM.attributes
                0x000003eb       0x34 ./Drivers/STM32F4xx_HAL_Driver/Src/stm32f4xx_hal_i2c.o
 .ARM.attributes
                0x0000041f       0x34 ./Drivers/STM32F4xx_HAL_Driver/Src/stm32f4xx_hal_i2c_ex.o
 .ARM.attributes
                0x00000453       0x34 ./Drivers/STM32F4xx_HAL_Driver/Src/stm32f4xx_hal_ltdc.o
 .ARM.attributes
                0x00000487       0x34 ./Drivers/STM32F4xx_HAL_Driver/Src/stm32f4xx_hal_pwr_ex.o
 .ARM.attributes
                0x000004bb       0x34 ./Drivers/STM32F4xx_HAL_Driver/Src/stm32f4xx_hal_rcc.o
 .ARM.attributes
                0x000004ef       0x34 ./Drivers/STM32F4xx_HAL_Driver/Src/stm32f4xx_hal_rcc_ex.o
 .ARM.attributes
                0x00000523       0x34 ./Drivers/STM32F4xx_HAL_Driver/Src/stm32f4xx_hal_sdram.o
 .ARM.attributes
                0x00000557       0x34 ./Drivers/STM32F4xx_HAL_Driver/Src/stm32f4xx_hal_spi.o
 .ARM.attributes
                0x0000058b       0x34 ./Drivers/STM32F4xx_HAL_Driver/Src/stm32f4xx_hal_tim.o
 .ARM.attributes
                0x000005bf       0x34 ./Drivers/STM32F4xx_HAL_Driver/Src/stm32f4xx_hal_tim_ex.o
 .ARM.attributes
                0x000005f3       0x34 ./Drivers/STM32F4xx_HAL_Driver/Src/stm32f4xx_hal_uart.o
 .ARM.attributes
                0x00000627       0x34 ./Drivers/STM32F4xx_HAL_Driver/Src/stm32f4xx_ll_fmc.o
 .ARM.attributes
                0x0000065b       0x34 ./Middlewares/Third_Party/FreeRTOS/Source/CMSIS_RTOS/cmsis_os.o
 .ARM.attributes
                0x0000068f       0x34 ./Middlewares/Third_Party/FreeRTOS/Source/list.o
 .ARM.attributes
                0x000006c3       0x34 ./Middlewares/Third_Party/FreeRTOS/Source/tasks.o
 .ARM.attributes
                0x000006f7       0x34 ./Middlewares/Third_Party/FreeRTOS/Source/portable/GCC/ARM_CM4F/port.o
 .ARM.attributes
                0x0000072b       0x34 ./Middlewares/Third_Party/FreeRTOS/Source/portable/MemMang/heap_4.o
 .ARM.attributes
                0x0000075f       0x34 C:/ST/STM32CubeIDE_1.17.0/STM32CubeIDE/plugins/com.st.stm32cube.ide.mcu.externaltools.gnu-tools-for-stm32.13.3.rel1.win32_1.0.0.202411081344/tools/bin/../lib/gcc/arm-none-eabi/13.3.1/../../../../arm-none-eabi/lib/thumb/v7e-m+fp/hard\libc_nano.a(libc_a-memset.o)
 .ARM.attributes
                0x00000793       0x34 C:/ST/STM32CubeIDE_1.17.0/STM32CubeIDE/plugins/com.st.stm32cube.ide.mcu.externaltools.gnu-tools-for-stm32.13.3.rel1.win32_1.0.0.202411081344/tools/bin/../lib/gcc/arm-none-eabi/13.3.1/../../../../arm-none-eabi/lib/thumb/v7e-m+fp/hard\libc_nano.a(libc_a-init.o)
 .ARM.attributes
                0x000007c7       0x22 C:/ST/STM32CubeIDE_1.17.0/STM32CubeIDE/plugins/com.st.stm32cube.ide.mcu.externaltools.gnu-tools-for-stm32.13.3.rel1.win32_1.0.0.202411081344/tools/bin/../lib/gcc/arm-none-eabi/13.3.1/thumb/v7e-m+fp/hard\libgcc.a(_aeabi_uldivmod.o)
 .ARM.attributes
                0x000007e9       0x34 C:/ST/STM32CubeIDE_1.17.0/STM32CubeIDE/plugins/com.st.stm32cube.ide.mcu.externaltools.gnu-tools-for-stm32.13.3.rel1.win32_1.0.0.202411081344/tools/bin/../lib/gcc/arm-none-eabi/13.3.1/thumb/v7e-m+fp/hard\libgcc.a(_udivmoddi4.o)
 .ARM.attributes
                0x0000081d       0x22 C:/ST/STM32CubeIDE_1.17.0/STM32CubeIDE/plugins/com.st.stm32cube.ide.mcu.externaltools.gnu-tools-for-stm32.13.3.rel1.win32_1.0.0.202411081344/tools/bin/../lib/gcc/arm-none-eabi/13.3.1/thumb/v7e-m+fp/hard\libgcc.a(_dvmd_tls.o)
 .ARM.attributes
                0x0000083f       0x22 C:/ST/STM32CubeIDE_1.17.0/STM32CubeIDE/plugins/com.st.stm32cube.ide.mcu.externaltools.gnu-tools-for-stm32.13.3.rel1.win32_1.0.0.202411081344/tools/bin/../lib/gcc/arm-none-eabi/13.3.1/thumb/v7e-m+fp/hard/crtn.o
OUTPUT(Project_DataSafeRT.elf elf32-littlearm)
LOAD linker stubs
LOAD C:/ST/STM32CubeIDE_1.17.0/STM32CubeIDE/plugins/com.st.stm32cube.ide.mcu.externaltools.gnu-tools-for-stm32.13.3.rel1.win32_1.0.0.202411081344/tools/bin/../lib/gcc/arm-none-eabi/13.3.1/../../../../arm-none-eabi/lib/thumb/v7e-m+fp/hard\libc.a
LOAD C:/ST/STM32CubeIDE_1.17.0/STM32CubeIDE/plugins/com.st.stm32cube.ide.mcu.externaltools.gnu-tools-for-stm32.13.3.rel1.win32_1.0.0.202411081344/tools/bin/../lib/gcc/arm-none-eabi/13.3.1/../../../../arm-none-eabi/lib/thumb/v7e-m+fp/hard\libm.a
LOAD C:/ST/STM32CubeIDE_1.17.0/STM32CubeIDE/plugins/com.st.stm32cube.ide.mcu.externaltools.gnu-tools-for-stm32.13.3.rel1.win32_1.0.0.202411081344/tools/bin/../lib/gcc/arm-none-eabi/13.3.1/thumb/v7e-m+fp/hard\libgcc.a

.debug_info     0x00000000    0x228b0
 .debug_info    0x00000000      0x125 ./Core/Src/font24.o
 .debug_info    0x00000125      0x2f5 ./Core/Src/freertos.o
 .debug_info    0x0000041a      0x388 ./Core/Src/ili9341.o
 .debug_info    0x000007a2     0x2537 ./Core/Src/main.o
 .debug_info    0x00002cd9     0x199c ./Core/Src/stm32f429i_discovery.o
 .debug_info    0x00004675     0x2346 ./Core/Src/stm32f429i_discovery_lcd.o
 .debug_info    0x000069bb     0x1010 ./Core/Src/stm32f429i_discovery_sdram.o
 .debug_info    0x000079cb     0x22cf ./Core/Src/stm32f4xx_hal_msp.o
 .debug_info    0x00009c9a      0xc40 ./Core/Src/stm32f4xx_hal_timebase_tim.o
 .debug_info    0x0000a8da      0x9bd ./Core/Src/stm32f4xx_it.o
 .debug_info    0x0000b297      0x52e ./Core/Src/system_stm32f4xx.o
 .debug_info    0x0000b7c5       0x30 ./Core/Startup/startup_stm32f429zitx.o
 .debug_info    0x0000b7f5      0x9ba ./Drivers/STM32F4xx_HAL_Driver/Src/stm32f4xx_hal.o
 .debug_info    0x0000c1af      0xdc2 ./Drivers/STM32F4xx_HAL_Driver/Src/stm32f4xx_hal_cortex.o
 .debug_info    0x0000cf71      0x37f ./Drivers/STM32F4xx_HAL_Driver/Src/stm32f4xx_hal_crc.o
 .debug_info    0x0000d2f0      0x8e7 ./Drivers/STM32F4xx_HAL_Driver/Src/stm32f4xx_hal_dma.o
 .debug_info    0x0000dbd7      0xe6e ./Drivers/STM32F4xx_HAL_Driver/Src/stm32f4xx_hal_dma2d.o
 .debug_info    0x0000ea45      0x6db ./Drivers/STM32F4xx_HAL_Driver/Src/stm32f4xx_hal_gpio.o
 .debug_info    0x0000f120     0x2421 ./Drivers/STM32F4xx_HAL_Driver/Src/stm32f4xx_hal_i2c.o
 .debug_info    0x00011541      0x672 ./Drivers/STM32F4xx_HAL_Driver/Src/stm32f4xx_hal_i2c_ex.o
 .debug_info    0x00011bb3     0x1022 ./Drivers/STM32F4xx_HAL_Driver/Src/stm32f4xx_hal_ltdc.o
 .debug_info    0x00012bd5      0x6be ./Drivers/STM32F4xx_HAL_Driver/Src/stm32f4xx_hal_pwr_ex.o
 .debug_info    0x00013293      0x8c7 ./Drivers/STM32F4xx_HAL_Driver/Src/stm32f4xx_hal_rcc.o
 .debug_info    0x00013b5a      0x64c ./Drivers/STM32F4xx_HAL_Driver/Src/stm32f4xx_hal_rcc_ex.o
 .debug_info    0x000141a6      0xeb4 ./Drivers/STM32F4xx_HAL_Driver/Src/stm32f4xx_hal_sdram.o
 .debug_info    0x0001505a     0x1525 ./Drivers/STM32F4xx_HAL_Driver/Src/stm32f4xx_hal_spi.o
 .debug_info    0x0001657f     0x299d ./Drivers/STM32F4xx_HAL_Driver/Src/stm32f4xx_hal_tim.o
 .debug_info    0x00018f1c     0x14db ./Drivers/STM32F4xx_HAL_Driver/Src/stm32f4xx_hal_tim_ex.o
 .debug_info    0x0001a3f7     0x2f4f ./Drivers/STM32F4xx_HAL_Driver/Src/stm32f4xx_hal_uart.o
 .debug_info    0x0001d346      0xe08 ./Drivers/STM32F4xx_HAL_Driver/Src/stm32f4xx_ll_fmc.o
 .debug_info    0x0001e14e     0x1bfc ./Middlewares/Third_Party/FreeRTOS/Source/CMSIS_RTOS/cmsis_os.o
 .debug_info    0x0001fd4a      0x2af ./Middlewares/Third_Party/FreeRTOS/Source/list.o
 .debug_info    0x0001fff9     0x1ee2 ./Middlewares/Third_Party/FreeRTOS/Source/tasks.o
 .debug_info    0x00021edb      0x4de ./Middlewares/Third_Party/FreeRTOS/Source/portable/GCC/ARM_CM4F/port.o
 .debug_info    0x000223b9      0x4f7 ./Middlewares/Third_Party/FreeRTOS/Source/portable/MemMang/heap_4.o

.debug_abbrev   0x00000000     0x4be6
 .debug_abbrev  0x00000000       0xb1 ./Core/Src/font24.o
 .debug_abbrev  0x000000b1       0xf6 ./Core/Src/freertos.o
 .debug_abbrev  0x000001a7      0x1ad ./Core/Src/ili9341.o
 .debug_abbrev  0x00000354      0x365 ./Core/Src/main.o
 .debug_abbrev  0x000006b9      0x2fc ./Core/Src/stm32f429i_discovery.o
 .debug_abbrev  0x000009b5      0x328 ./Core/Src/stm32f429i_discovery_lcd.o
 .debug_abbrev  0x00000cdd      0x286 ./Core/Src/stm32f429i_discovery_sdram.o
 .debug_abbrev  0x00000f63      0x2d5 ./Core/Src/stm32f4xx_hal_msp.o
 .debug_abbrev  0x00001238      0x1f4 ./Core/Src/stm32f4xx_hal_timebase_tim.o
 .debug_abbrev  0x0000142c      0x1a3 ./Core/Src/stm32f4xx_it.o
 .debug_abbrev  0x000015cf      0x11a ./Core/Src/system_stm32f4xx.o
 .debug_abbrev  0x000016e9       0x24 ./Core/Startup/startup_stm32f429zitx.o
 .debug_abbrev  0x0000170d      0x214 ./Drivers/STM32F4xx_HAL_Driver/Src/stm32f4xx_hal.o
 .debug_abbrev  0x00001921      0x31d ./Drivers/STM32F4xx_HAL_Driver/Src/stm32f4xx_hal_cortex.o
 .debug_abbrev  0x00001c3e      0x1b1 ./Drivers/STM32F4xx_HAL_Driver/Src/stm32f4xx_hal_crc.o
 .debug_abbrev  0x00001def      0x264 ./Drivers/STM32F4xx_HAL_Driver/Src/stm32f4xx_hal_dma.o
 .debug_abbrev  0x00002053      0x23e ./Drivers/STM32F4xx_HAL_Driver/Src/stm32f4xx_hal_dma2d.o
 .debug_abbrev  0x00002291      0x1d4 ./Drivers/STM32F4xx_HAL_Driver/Src/stm32f4xx_hal_gpio.o
 .debug_abbrev  0x00002465      0x2ad ./Drivers/STM32F4xx_HAL_Driver/Src/stm32f4xx_hal_i2c.o
 .debug_abbrev  0x00002712      0x157 ./Drivers/STM32F4xx_HAL_Driver/Src/stm32f4xx_hal_i2c_ex.o
 .debug_abbrev  0x00002869      0x233 ./Drivers/STM32F4xx_HAL_Driver/Src/stm32f4xx_hal_ltdc.o
 .debug_abbrev  0x00002a9c      0x1cf ./Drivers/STM32F4xx_HAL_Driver/Src/stm32f4xx_hal_pwr_ex.o
 .debug_abbrev  0x00002c6b      0x2b7 ./Drivers/STM32F4xx_HAL_Driver/Src/stm32f4xx_hal_rcc.o
 .debug_abbrev  0x00002f22      0x1b0 ./Drivers/STM32F4xx_HAL_Driver/Src/stm32f4xx_hal_rcc_ex.o
 .debug_abbrev  0x000030d2      0x240 ./Drivers/STM32F4xx_HAL_Driver/Src/stm32f4xx_hal_sdram.o
 .debug_abbrev  0x00003312      0x27a ./Drivers/STM32F4xx_HAL_Driver/Src/stm32f4xx_hal_spi.o
 .debug_abbrev  0x0000358c      0x278 ./Drivers/STM32F4xx_HAL_Driver/Src/stm32f4xx_hal_tim.o
 .debug_abbrev  0x00003804      0x283 ./Drivers/STM32F4xx_HAL_Driver/Src/stm32f4xx_hal_tim_ex.o
 .debug_abbrev  0x00003a87      0x30e ./Drivers/STM32F4xx_HAL_Driver/Src/stm32f4xx_hal_uart.o
 .debug_abbrev  0x00003d95      0x1ab ./Drivers/STM32F4xx_HAL_Driver/Src/stm32f4xx_ll_fmc.o
 .debug_abbrev  0x00003f40      0x3b7 ./Middlewares/Third_Party/FreeRTOS/Source/CMSIS_RTOS/cmsis_os.o
 .debug_abbrev  0x000042f7       0xf5 ./Middlewares/Third_Party/FreeRTOS/Source/list.o
 .debug_abbrev  0x000043ec      0x378 ./Middlewares/Third_Party/FreeRTOS/Source/tasks.o
 .debug_abbrev  0x00004764      0x25c ./Middlewares/Third_Party/FreeRTOS/Source/portable/GCC/ARM_CM4F/port.o
 .debug_abbrev  0x000049c0      0x226 ./Middlewares/Third_Party/FreeRTOS/Source/portable/MemMang/heap_4.o

.debug_aranges  0x00000000     0x1fa0
 .debug_aranges
                0x00000000       0x18 ./Core/Src/font24.o
 .debug_aranges
                0x00000018       0x38 ./Core/Src/freertos.o
 .debug_aranges
                0x00000050       0x60 ./Core/Src/ili9341.o
 .debug_aranges
                0x000000b0       0x88 ./Core/Src/main.o
 .debug_aranges
                0x00000138      0x138 ./Core/Src/stm32f429i_discovery.o
 .debug_aranges
                0x00000270      0x1a8 ./Core/Src/stm32f429i_discovery_lcd.o
 .debug_aranges
                0x00000418       0x68 ./Core/Src/stm32f429i_discovery_sdram.o
 .debug_aranges
                0x00000480       0xb0 ./Core/Src/stm32f4xx_hal_msp.o
 .debug_aranges
                0x00000530       0x30 ./Core/Src/stm32f4xx_hal_timebase_tim.o
 .debug_aranges
                0x00000560       0x58 ./Core/Src/stm32f4xx_it.o
 .debug_aranges
                0x000005b8       0x28 ./Core/Src/system_stm32f4xx.o
 .debug_aranges
                0x000005e0       0x28 ./Core/Startup/startup_stm32f429zitx.o
 .debug_aranges
                0x00000608      0x100 ./Drivers/STM32F4xx_HAL_Driver/Src/stm32f4xx_hal.o
 .debug_aranges
                0x00000708      0x130 ./Drivers/STM32F4xx_HAL_Driver/Src/stm32f4xx_hal_cortex.o
 .debug_aranges
                0x00000838       0x50 ./Drivers/STM32F4xx_HAL_Driver/Src/stm32f4xx_hal_crc.o
 .debug_aranges
                0x00000888       0x90 ./Drivers/STM32F4xx_HAL_Driver/Src/stm32f4xx_hal_dma.o
 .debug_aranges
                0x00000918      0x118 ./Drivers/STM32F4xx_HAL_Driver/Src/stm32f4xx_hal_dma2d.o
 .debug_aranges
                0x00000a30       0x58 ./Drivers/STM32F4xx_HAL_Driver/Src/stm32f4xx_hal_gpio.o
 .debug_aranges
                0x00000a88      0x2a8 ./Drivers/STM32F4xx_HAL_Driver/Src/stm32f4xx_hal_i2c.o
 .debug_aranges
                0x00000d30       0x28 ./Drivers/STM32F4xx_HAL_Driver/Src/stm32f4xx_hal_i2c_ex.o
 .debug_aranges
                0x00000d58      0x158 ./Drivers/STM32F4xx_HAL_Driver/Src/stm32f4xx_hal_ltdc.o
 .debug_aranges
                0x00000eb0       0x60 ./Drivers/STM32F4xx_HAL_Driver/Src/stm32f4xx_hal_pwr_ex.o
 .debug_aranges
                0x00000f10       0x88 ./Drivers/STM32F4xx_HAL_Driver/Src/stm32f4xx_hal_rcc.o
 .debug_aranges
                0x00000f98       0x58 ./Drivers/STM32F4xx_HAL_Driver/Src/stm32f4xx_hal_rcc_ex.o
 .debug_aranges
                0x00000ff0       0xe8 ./Drivers/STM32F4xx_HAL_Driver/Src/stm32f4xx_hal_sdram.o
 .debug_aranges
                0x000010d8      0x1d0 ./Drivers/STM32F4xx_HAL_Driver/Src/stm32f4xx_hal_spi.o
 .debug_aranges
                0x000012a8      0x3d0 ./Drivers/STM32F4xx_HAL_Driver/Src/stm32f4xx_hal_tim.o
 .debug_aranges
                0x00001678      0x168 ./Drivers/STM32F4xx_HAL_Driver/Src/stm32f4xx_hal_tim_ex.o
 .debug_aranges
                0x000017e0      0x208 ./Drivers/STM32F4xx_HAL_Driver/Src/stm32f4xx_hal_uart.o
 .debug_aranges
                0x000019e8       0xf0 ./Drivers/STM32F4xx_HAL_Driver/Src/stm32f4xx_ll_fmc.o
 .debug_aranges
                0x00001ad8      0x1d8 ./Middlewares/Third_Party/FreeRTOS/Source/CMSIS_RTOS/cmsis_os.o
 .debug_aranges
                0x00001cb0       0x40 ./Middlewares/Third_Party/FreeRTOS/Source/list.o
 .debug_aranges
                0x00001cf0      0x1d8 ./Middlewares/Third_Party/FreeRTOS/Source/tasks.o
 .debug_aranges
                0x00001ec8       0x80 ./Middlewares/Third_Party/FreeRTOS/Source/portable/GCC/ARM_CM4F/port.o
 .debug_aranges
                0x00001f48       0x58 ./Middlewares/Third_Party/FreeRTOS/Source/portable/MemMang/heap_4.o

.debug_macro    0x00000000    0x287ef
 .debug_macro   0x00000000       0x73 ./Core/Src/font24.o
 .debug_macro   0x00000073      0xad8 ./Core/Src/font24.o
 .debug_macro   0x00000b4b       0x22 ./Core/Src/font24.o
 .debug_macro   0x00000b6d       0x8e ./Core/Src/font24.o
 .debug_macro   0x00000bfb       0x51 ./Core/Src/font24.o
 .debug_macro   0x00000c4c      0x103 ./Core/Src/font24.o
 .debug_macro   0x00000d4f       0x6a ./Core/Src/font24.o
 .debug_macro   0x00000db9      0x1df ./Core/Src/font24.o
 .debug_macro   0x00000f98      0x2b1 ./Core/Src/freertos.o
 .debug_macro   0x00001249      0x190 ./Core/Src/freertos.o
 .debug_macro   0x000013d9      0x109 ./Core/Src/freertos.o
 .debug_macro   0x000014e2      0x15a ./Core/Src/freertos.o
 .debug_macro   0x0000163c       0xde ./Core/Src/freertos.o
 .debug_macro   0x0000171a       0x1c ./Core/Src/freertos.o
 .debug_macro   0x00001736       0x26 ./Core/Src/freertos.o
 .debug_macro   0x0000175c      0x4e1 ./Core/Src/freertos.o
 .debug_macro   0x00001c3d       0xb5 ./Core/Src/freertos.o
 .debug_macro   0x00001cf2       0xaa ./Core/Src/freertos.o
 .debug_macro   0x00001d9c      0x2bf ./Core/Src/freertos.o
 .debug_macro   0x0000205b       0x2e ./Core/Src/freertos.o
 .debug_macro   0x00002089       0x28 ./Core/Src/freertos.o
 .debug_macro   0x000020b1       0x1c ./Core/Src/freertos.o
 .debug_macro   0x000020cd       0x22 ./Core/Src/freertos.o
 .debug_macro   0x000020ef       0xfb ./Core/Src/freertos.o
 .debug_macro   0x000021ea     0x1011 ./Core/Src/freertos.o
 .debug_macro   0x000031fb      0x11f ./Core/Src/freertos.o
 .debug_macro   0x0000331a    0x17fd8 ./Core/Src/freertos.o
 .debug_macro   0x0001b2f2       0x6d ./Core/Src/freertos.o
 .debug_macro   0x0001b35f     0x3711 ./Core/Src/freertos.o
 .debug_macro   0x0001ea70       0x5c ./Core/Src/freertos.o
 .debug_macro   0x0001eacc      0xcba ./Core/Src/freertos.o
 .debug_macro   0x0001f786      0x9e9 ./Core/Src/freertos.o
 .debug_macro   0x0002016f      0x115 ./Core/Src/freertos.o
 .debug_macro   0x00020284      0x156 ./Core/Src/freertos.o
 .debug_macro   0x000203da       0xa5 ./Core/Src/freertos.o
 .debug_macro   0x0002047f      0x182 ./Core/Src/freertos.o
 .debug_macro   0x00020601      0x287 ./Core/Src/freertos.o
 .debug_macro   0x00020888       0x5f ./Core/Src/freertos.o
 .debug_macro   0x000208e7      0x236 ./Core/Src/freertos.o
 .debug_macro   0x00020b1d       0x22 ./Core/Src/freertos.o
 .debug_macro   0x00020b3f      0x208 ./Core/Src/freertos.o
 .debug_macro   0x00020d47      0x132 ./Core/Src/freertos.o
 .debug_macro   0x00020e79      0x41d ./Core/Src/freertos.o
 .debug_macro   0x00021296       0x2e ./Core/Src/freertos.o
 .debug_macro   0x000212c4      0x556 ./Core/Src/freertos.o
 .debug_macro   0x0002181a      0x1b5 ./Core/Src/freertos.o
 .debug_macro   0x000219cf       0x22 ./Core/Src/freertos.o
 .debug_macro   0x000219f1       0xd6 ./Core/Src/freertos.o
 .debug_macro   0x00021ac7      0x198 ./Core/Src/freertos.o
 .debug_macro   0x00021c5f       0xd6 ./Core/Src/freertos.o
 .debug_macro   0x00021d35      0x127 ./Core/Src/freertos.o
 .debug_macro   0x00021e5c       0xe2 ./Core/Src/freertos.o
 .debug_macro   0x00021f3e       0x89 ./Core/Src/freertos.o
 .debug_macro   0x00021fc7      0x225 ./Core/Src/freertos.o
 .debug_macro   0x000221ec      0x8ed ./Core/Src/freertos.o
 .debug_macro   0x00022ad9       0x4d ./Core/Src/freertos.o
 .debug_macro   0x00022b26      0x2aa ./Core/Src/freertos.o
 .debug_macro   0x00022dd0      0x134 ./Core/Src/freertos.o
 .debug_macro   0x00022f04      0x394 ./Core/Src/freertos.o
 .debug_macro   0x00023298       0x7c ./Core/Src/ili9341.o
 .debug_macro   0x00023314      0x26d ./Core/Src/ili9341.o
 .debug_macro   0x00023581      0x305 ./Core/Src/main.o
 .debug_macro   0x00023886      0x109 ./Core/Src/main.o
 .debug_macro   0x0002398f       0x91 ./Core/Src/main.o
 .debug_macro   0x00023a20       0x8d ./Core/Src/main.o
 .debug_macro   0x00023aad       0x9a ./Core/Src/main.o
 .debug_macro   0x00023b47       0x19 ./Core/Src/main.o
 .debug_macro   0x00023b60       0xf2 ./Core/Src/main.o
 .debug_macro   0x00023c52      0x265 ./Core/Src/main.o
 .debug_macro   0x00023eb7      0x267 ./Core/Src/stm32f429i_discovery.o
 .debug_macro   0x0002411e      0x25f ./Core/Src/stm32f429i_discovery.o
 .debug_macro   0x0002437d      0x299 ./Core/Src/stm32f429i_discovery_lcd.o
 .debug_macro   0x00024616       0xb0 ./Core/Src/stm32f429i_discovery_lcd.o
 .debug_macro   0x000246c6       0x10 ./Core/Src/stm32f429i_discovery_lcd.o
 .debug_macro   0x000246d6      0x121 ./Core/Src/stm32f429i_discovery_lcd.o
 .debug_macro   0x000247f7      0x258 ./Core/Src/stm32f429i_discovery_sdram.o
 .debug_macro   0x00024a4f       0xaa ./Core/Src/stm32f429i_discovery_sdram.o
 .debug_macro   0x00024af9      0x249 ./Core/Src/stm32f4xx_hal_msp.o
 .debug_macro   0x00024d42      0x23a ./Core/Src/stm32f4xx_hal_timebase_tim.o
 .debug_macro   0x00024f7c      0x253 ./Core/Src/stm32f4xx_it.o
 .debug_macro   0x000251cf      0x23a ./Core/Src/system_stm32f4xx.o
 .debug_macro   0x00025409      0x29a ./Drivers/STM32F4xx_HAL_Driver/Src/stm32f4xx_hal.o
 .debug_macro   0x000256a3      0x23a ./Drivers/STM32F4xx_HAL_Driver/Src/stm32f4xx_hal_cortex.o
 .debug_macro   0x000258dd      0x23a ./Drivers/STM32F4xx_HAL_Driver/Src/stm32f4xx_hal_crc.o
 .debug_macro   0x00025b17      0x240 ./Drivers/STM32F4xx_HAL_Driver/Src/stm32f4xx_hal_dma.o
 .debug_macro   0x00025d57      0x249 ./Drivers/STM32F4xx_HAL_Driver/Src/stm32f4xx_hal_dma2d.o
 .debug_macro   0x00025fa0      0x240 ./Drivers/STM32F4xx_HAL_Driver/Src/stm32f4xx_hal_gpio.o
 .debug_macro   0x000261e0      0x288 ./Drivers/STM32F4xx_HAL_Driver/Src/stm32f4xx_hal_i2c.o
 .debug_macro   0x00026468      0x23a ./Drivers/STM32F4xx_HAL_Driver/Src/stm32f4xx_hal_i2c_ex.o
 .debug_macro   0x000266a2      0x242 ./Drivers/STM32F4xx_HAL_Driver/Src/stm32f4xx_hal_ltdc.o
 .debug_macro   0x000268e4      0x252 ./Drivers/STM32F4xx_HAL_Driver/Src/stm32f4xx_hal_pwr_ex.o
 .debug_macro   0x00026b36      0x25e ./Drivers/STM32F4xx_HAL_Driver/Src/stm32f4xx_hal_rcc.o
 .debug_macro   0x00026d94      0x23a ./Drivers/STM32F4xx_HAL_Driver/Src/stm32f4xx_hal_rcc_ex.o
 .debug_macro   0x00026fce      0x23a ./Drivers/STM32F4xx_HAL_Driver/Src/stm32f4xx_hal_sdram.o
 .debug_macro   0x00027208      0x249 ./Drivers/STM32F4xx_HAL_Driver/Src/stm32f4xx_hal_spi.o
 .debug_macro   0x00027451      0x23b ./Drivers/STM32F4xx_HAL_Driver/Src/stm32f4xx_hal_tim.o
 .debug_macro   0x0002768c      0x23a ./Drivers/STM32F4xx_HAL_Driver/Src/stm32f4xx_hal_tim_ex.o
 .debug_macro   0x000278c6      0x23b ./Drivers/STM32F4xx_HAL_Driver/Src/stm32f4xx_hal_uart.o
 .debug_macro   0x00027b01      0x283 ./Drivers/STM32F4xx_HAL_Driver/Src/stm32f4xx_ll_fmc.o
 .debug_macro   0x00027d84      0x1fe ./Middlewares/Third_Party/FreeRTOS/Source/CMSIS_RTOS/cmsis_os.o
 .debug_macro   0x00027f82       0x10 ./Middlewares/Third_Party/FreeRTOS/Source/CMSIS_RTOS/cmsis_os.o
 .debug_macro   0x00027f92       0x20 ./Middlewares/Third_Party/FreeRTOS/Source/CMSIS_RTOS/cmsis_os.o
 .debug_macro   0x00027fb2       0xe9 ./Middlewares/Third_Party/FreeRTOS/Source/CMSIS_RTOS/cmsis_os.o
 .debug_macro   0x0002809b      0x187 ./Middlewares/Third_Party/FreeRTOS/Source/list.o
 .debug_macro   0x00028222      0x279 ./Middlewares/Third_Party/FreeRTOS/Source/tasks.o
 .debug_macro   0x0002849b       0x10 ./Middlewares/Third_Party/FreeRTOS/Source/tasks.o
 .debug_macro   0x000284ab      0x196 ./Middlewares/Third_Party/FreeRTOS/Source/portable/GCC/ARM_CM4F/port.o
 .debug_macro   0x00028641      0x1ae ./Middlewares/Third_Party/FreeRTOS/Source/portable/MemMang/heap_4.o

.debug_line     0x00000000    0x23ee1
 .debug_line    0x00000000      0x40b ./Core/Src/font24.o
 .debug_line    0x0000040b      0x95d ./Core/Src/freertos.o
 .debug_line    0x00000d68      0x565 ./Core/Src/ili9341.o
 .debug_line    0x000012cd      0xdd4 ./Core/Src/main.o
 .debug_line    0x000020a1      0xd46 ./Core/Src/stm32f429i_discovery.o
 .debug_line    0x00002de7     0x16f6 ./Core/Src/stm32f429i_discovery_lcd.o
 .debug_line    0x000044dd      0xa19 ./Core/Src/stm32f429i_discovery_sdram.o
 .debug_line    0x00004ef6      0xb9f ./Core/Src/stm32f4xx_hal_msp.o
 .debug_line    0x00005a95      0x89e ./Core/Src/stm32f4xx_hal_timebase_tim.o
 .debug_line    0x00006333      0x8c1 ./Core/Src/stm32f4xx_it.o
 .debug_line    0x00006bf4      0x8a5 ./Core/Src/system_stm32f4xx.o
 .debug_line    0x00007499       0x7a ./Core/Startup/startup_stm32f429zitx.o
 .debug_line    0x00007513      0xb48 ./Drivers/STM32F4xx_HAL_Driver/Src/stm32f4xx_hal.o
 .debug_line    0x0000805b      0xde2 ./Drivers/STM32F4xx_HAL_Driver/Src/stm32f4xx_hal_cortex.o
 .debug_line    0x00008e3d      0x947 ./Drivers/STM32F4xx_HAL_Driver/Src/stm32f4xx_hal_crc.o
 .debug_line    0x00009784     0x107e ./Drivers/STM32F4xx_HAL_Driver/Src/stm32f4xx_hal_dma.o
 .debug_line    0x0000a802     0x1227 ./Drivers/STM32F4xx_HAL_Driver/Src/stm32f4xx_hal_dma2d.o
 .debug_line    0x0000ba29      0xc92 ./Drivers/STM32F4xx_HAL_Driver/Src/stm32f4xx_hal_gpio.o
 .debug_line    0x0000c6bb     0x3bc4 ./Drivers/STM32F4xx_HAL_Driver/Src/stm32f4xx_hal_i2c.o
 .debug_line    0x0001027f      0x89b ./Drivers/STM32F4xx_HAL_Driver/Src/stm32f4xx_hal_i2c_ex.o
 .debug_line    0x00010b1a     0x14c2 ./Drivers/STM32F4xx_HAL_Driver/Src/stm32f4xx_hal_ltdc.o
 .debug_line    0x00011fdc      0xa7f ./Drivers/STM32F4xx_HAL_Driver/Src/stm32f4xx_hal_pwr_ex.o
 .debug_line    0x00012a5b      0xf21 ./Drivers/STM32F4xx_HAL_Driver/Src/stm32f4xx_hal_rcc.o
 .debug_line    0x0001397c      0xd6a ./Drivers/STM32F4xx_HAL_Driver/Src/stm32f4xx_hal_rcc_ex.o
 .debug_line    0x000146e6      0xe17 ./Drivers/STM32F4xx_HAL_Driver/Src/stm32f4xx_hal_sdram.o
 .debug_line    0x000154fd     0x1da7 ./Drivers/STM32F4xx_HAL_Driver/Src/stm32f4xx_hal_spi.o
 .debug_line    0x000172a4     0x388f ./Drivers/STM32F4xx_HAL_Driver/Src/stm32f4xx_hal_tim.o
 .debug_line    0x0001ab33     0x1a72 ./Drivers/STM32F4xx_HAL_Driver/Src/stm32f4xx_hal_tim_ex.o
 .debug_line    0x0001c5a5     0x2621 ./Drivers/STM32F4xx_HAL_Driver/Src/stm32f4xx_hal_uart.o
 .debug_line    0x0001ebc6      0xccd ./Drivers/STM32F4xx_HAL_Driver/Src/stm32f4xx_ll_fmc.o
 .debug_line    0x0001f893     0x1337 ./Middlewares/Third_Party/FreeRTOS/Source/CMSIS_RTOS/cmsis_os.o
 .debug_line    0x00020bca      0x78c ./Middlewares/Third_Party/FreeRTOS/Source/list.o
 .debug_line    0x00021356     0x19d2 ./Middlewares/Third_Party/FreeRTOS/Source/tasks.o
 .debug_line    0x00022d28      0x811 ./Middlewares/Third_Party/FreeRTOS/Source/portable/GCC/ARM_CM4F/port.o
 .debug_line    0x00023539      0x9a8 ./Middlewares/Third_Party/FreeRTOS/Source/portable/MemMang/heap_4.o

.debug_str      0x00000000    0xf2739
 .debug_str     0x00000000    0xf2739 ./Core/Src/font24.o
                               0x3e5f (size before relaxing)
 .debug_str     0x000f2739    0xe05da ./Core/Src/freertos.o
 .debug_str     0x000f2739     0x468a ./Core/Src/ili9341.o
 .debug_str     0x000f2739    0xe5295 ./Core/Src/main.o
 .debug_str     0x000f2739    0xdde19 ./Core/Src/stm32f429i_discovery.o
 .debug_str     0x000f2739    0xdede4 ./Core/Src/stm32f429i_discovery_lcd.o
 .debug_str     0x000f2739    0xddd1b ./Core/Src/stm32f429i_discovery_sdram.o
 .debug_str     0x000f2739    0xde1ca ./Core/Src/stm32f4xx_hal_msp.o
 .debug_str     0x000f2739    0xdc76e ./Core/Src/stm32f4xx_hal_timebase_tim.o
 .debug_str     0x000f2739    0xdcdda ./Core/Src/stm32f4xx_it.o
 .debug_str     0x000f2739    0xdbc13 ./Core/Src/system_stm32f4xx.o
 .debug_str     0x000f2739       0xb4 ./Core/Startup/startup_stm32f429zitx.o
 .debug_str     0x000f2739    0xdc836 ./Drivers/STM32F4xx_HAL_Driver/Src/stm32f4xx_hal.o
 .debug_str     0x000f2739    0xdc564 ./Drivers/STM32F4xx_HAL_Driver/Src/stm32f4xx_hal_cortex.o
 .debug_str     0x000f2739    0xdbc2e ./Drivers/STM32F4xx_HAL_Driver/Src/stm32f4xx_hal_crc.o
 .debug_str     0x000f2739    0xdc01a ./Drivers/STM32F4xx_HAL_Driver/Src/stm32f4xx_hal_dma.o
 .debug_str     0x000f2739    0xdc1ef ./Drivers/STM32F4xx_HAL_Driver/Src/stm32f4xx_hal_dma2d.o
 .debug_str     0x000f2739    0xdbd8e ./Drivers/STM32F4xx_HAL_Driver/Src/stm32f4xx_hal_gpio.o
 .debug_str     0x000f2739    0xdcc23 ./Drivers/STM32F4xx_HAL_Driver/Src/stm32f4xx_hal_i2c.o
 .debug_str     0x000f2739    0xdbfe2 ./Drivers/STM32F4xx_HAL_Driver/Src/stm32f4xx_hal_i2c_ex.o
 .debug_str     0x000f2739    0xdc277 ./Drivers/STM32F4xx_HAL_Driver/Src/stm32f4xx_hal_ltdc.o
 .debug_str     0x000f2739    0xdbdeb ./Drivers/STM32F4xx_HAL_Driver/Src/stm32f4xx_hal_pwr_ex.o
 .debug_str     0x000f2739    0xdc047 ./Drivers/STM32F4xx_HAL_Driver/Src/stm32f4xx_hal_rcc.o
 .debug_str     0x000f2739    0xdbe0e ./Drivers/STM32F4xx_HAL_Driver/Src/stm32f4xx_hal_rcc_ex.o
 .debug_str     0x000f2739    0xdc333 ./Drivers/STM32F4xx_HAL_Driver/Src/stm32f4xx_hal_sdram.o
 .debug_str     0x000f2739    0xdc4be ./Drivers/STM32F4xx_HAL_Driver/Src/stm32f4xx_hal_spi.o
 .debug_str     0x000f2739    0xdcf8a ./Drivers/STM32F4xx_HAL_Driver/Src/stm32f4xx_hal_tim.o
 .debug_str     0x000f2739    0xdc796 ./Drivers/STM32F4xx_HAL_Driver/Src/stm32f4xx_hal_tim_ex.o
 .debug_str     0x000f2739    0xdc615 ./Drivers/STM32F4xx_HAL_Driver/Src/stm32f4xx_hal_uart.o
 .debug_str     0x000f2739    0xdc7fd ./Drivers/STM32F4xx_HAL_Driver/Src/stm32f4xx_ll_fmc.o
 .debug_str     0x000f2739     0xed8b ./Middlewares/Third_Party/FreeRTOS/Source/CMSIS_RTOS/cmsis_os.o
 .debug_str     0x000f2739     0xac5e ./Middlewares/Third_Party/FreeRTOS/Source/list.o
 .debug_str     0x000f2739     0xd24c ./Middlewares/Third_Party/FreeRTOS/Source/tasks.o
 .debug_str     0x000f2739     0x8800 ./Middlewares/Third_Party/FreeRTOS/Source/portable/GCC/ARM_CM4F/port.o
 .debug_str     0x000f2739     0xb5bd ./Middlewares/Third_Party/FreeRTOS/Source/portable/MemMang/heap_4.o

.comment        0x00000000       0x43
 .comment       0x00000000       0x43 ./Core/Src/font24.o
                                 0x44 (size before relaxing)
 .comment       0x00000043       0x44 ./Core/Src/freertos.o
 .comment       0x00000043       0x44 ./Core/Src/ili9341.o
 .comment       0x00000043       0x44 ./Core/Src/main.o
 .comment       0x00000043       0x44 ./Core/Src/stm32f429i_discovery.o
 .comment       0x00000043       0x44 ./Core/Src/stm32f429i_discovery_lcd.o
 .comment       0x00000043       0x44 ./Core/Src/stm32f429i_discovery_sdram.o
 .comment       0x00000043       0x44 ./Core/Src/stm32f4xx_hal_msp.o
 .comment       0x00000043       0x44 ./Core/Src/stm32f4xx_hal_timebase_tim.o
 .comment       0x00000043       0x44 ./Core/Src/stm32f4xx_it.o
 .comment       0x00000043       0x44 ./Core/Src/system_stm32f4xx.o
 .comment       0x00000043       0x44 ./Drivers/STM32F4xx_HAL_Driver/Src/stm32f4xx_hal.o
 .comment       0x00000043       0x44 ./Drivers/STM32F4xx_HAL_Driver/Src/stm32f4xx_hal_cortex.o
 .comment       0x00000043       0x44 ./Drivers/STM32F4xx_HAL_Driver/Src/stm32f4xx_hal_crc.o
 .comment       0x00000043       0x44 ./Drivers/STM32F4xx_HAL_Driver/Src/stm32f4xx_hal_dma.o
 .comment       0x00000043       0x44 ./Drivers/STM32F4xx_HAL_Driver/Src/stm32f4xx_hal_dma2d.o
 .comment       0x00000043       0x44 ./Drivers/STM32F4xx_HAL_Driver/Src/stm32f4xx_hal_gpio.o
 .comment       0x00000043       0x44 ./Drivers/STM32F4xx_HAL_Driver/Src/stm32f4xx_hal_i2c.o
 .comment       0x00000043       0x44 ./Drivers/STM32F4xx_HAL_Driver/Src/stm32f4xx_hal_i2c_ex.o
 .comment       0x00000043       0x44 ./Drivers/STM32F4xx_HAL_Driver/Src/stm32f4xx_hal_ltdc.o
 .comment       0x00000043       0x44 ./Drivers/STM32F4xx_HAL_Driver/Src/stm32f4xx_hal_pwr_ex.o
 .comment       0x00000043       0x44 ./Drivers/STM32F4xx_HAL_Driver/Src/stm32f4xx_hal_rcc.o
 .comment       0x00000043       0x44 ./Drivers/STM32F4xx_HAL_Driver/Src/stm32f4xx_hal_rcc_ex.o
 .comment       0x00000043       0x44 ./Drivers/STM32F4xx_HAL_Driver/Src/stm32f4xx_hal_sdram.o
 .comment       0x00000043       0x44 ./Drivers/STM32F4xx_HAL_Driver/Src/stm32f4xx_hal_spi.o
 .comment       0x00000043       0x44 ./Drivers/STM32F4xx_HAL_Driver/Src/stm32f4xx_hal_tim.o
 .comment       0x00000043       0x44 ./Drivers/STM32F4xx_HAL_Driver/Src/stm32f4xx_hal_tim_ex.o
 .comment       0x00000043       0x44 ./Drivers/STM32F4xx_HAL_Driver/Src/stm32f4xx_hal_uart.o
 .comment       0x00000043       0x44 ./Drivers/STM32F4xx_HAL_Driver/Src/stm32f4xx_ll_fmc.o
 .comment       0x00000043       0x44 ./Middlewares/Third_Party/FreeRTOS/Source/CMSIS_RTOS/cmsis_os.o
 .comment       0x00000043       0x44 ./Middlewares/Third_Party/FreeRTOS/Source/list.o
 .comment       0x00000043       0x44 ./Middlewares/Third_Party/FreeRTOS/Source/tasks.o
 .comment       0x00000043       0x44 ./Middlewares/Third_Party/FreeRTOS/Source/portable/GCC/ARM_CM4F/port.o
 .comment       0x00000043       0x44 ./Middlewares/Third_Party/FreeRTOS/Source/portable/MemMang/heap_4.o

.debug_rnglists
                0x00000000     0x188f
 .debug_rnglists
                0x00000000       0x25 ./Core/Src/freertos.o
 .debug_rnglists
                0x00000025       0x44 ./Core/Src/ili9341.o
 .debug_rnglists
                0x00000069       0x67 ./Core/Src/main.o
 .debug_rnglists
                0x000000d0       0xea ./Core/Src/stm32f429i_discovery.o
 .debug_rnglists
                0x000001ba      0x14d ./Core/Src/stm32f429i_discovery_lcd.o
 .debug_rnglists
                0x00000307       0x4c ./Core/Src/stm32f429i_discovery_sdram.o
 .debug_rnglists
                0x00000353       0x85 ./Core/Src/stm32f4xx_hal_msp.o
 .debug_rnglists
                0x000003d8       0x20 ./Core/Src/stm32f4xx_hal_timebase_tim.o
 .debug_rnglists
                0x000003f8       0x3d ./Core/Src/stm32f4xx_it.o
 .debug_rnglists
                0x00000435       0x1a ./Core/Src/system_stm32f4xx.o
 .debug_rnglists
                0x0000044f       0x19 ./Core/Startup/startup_stm32f429zitx.o
 .debug_rnglists
                0x00000468       0xbb ./Drivers/STM32F4xx_HAL_Driver/Src/stm32f4xx_hal.o
 .debug_rnglists
                0x00000523       0xe0 ./Drivers/STM32F4xx_HAL_Driver/Src/stm32f4xx_hal_cortex.o
 .debug_rnglists
                0x00000603       0x37 ./Drivers/STM32F4xx_HAL_Driver/Src/stm32f4xx_hal_crc.o
 .debug_rnglists
                0x0000063a       0x70 ./Drivers/STM32F4xx_HAL_Driver/Src/stm32f4xx_hal_dma.o
 .debug_rnglists
                0x000006aa       0xdc ./Drivers/STM32F4xx_HAL_Driver/Src/stm32f4xx_hal_dma2d.o
 .debug_rnglists
                0x00000786       0x3f ./Drivers/STM32F4xx_HAL_Driver/Src/stm32f4xx_hal_gpio.o
 .debug_rnglists
                0x000007c5      0x23c ./Drivers/STM32F4xx_HAL_Driver/Src/stm32f4xx_hal_i2c.o
 .debug_rnglists
                0x00000a01       0x19 ./Drivers/STM32F4xx_HAL_Driver/Src/stm32f4xx_hal_i2c_ex.o
 .debug_rnglists
                0x00000a1a      0x10a ./Drivers/STM32F4xx_HAL_Driver/Src/stm32f4xx_hal_ltdc.o
 .debug_rnglists
                0x00000b24       0x47 ./Drivers/STM32F4xx_HAL_Driver/Src/stm32f4xx_hal_pwr_ex.o
 .debug_rnglists
                0x00000b6b       0x66 ./Drivers/STM32F4xx_HAL_Driver/Src/stm32f4xx_hal_rcc.o
 .debug_rnglists
                0x00000bd1       0x43 ./Drivers/STM32F4xx_HAL_Driver/Src/stm32f4xx_hal_rcc_ex.o
 .debug_rnglists
                0x00000c14       0xb1 ./Drivers/STM32F4xx_HAL_Driver/Src/stm32f4xx_hal_sdram.o
 .debug_rnglists
                0x00000cc5      0x16f ./Drivers/STM32F4xx_HAL_Driver/Src/stm32f4xx_hal_spi.o
 .debug_rnglists
                0x00000e34      0x31a ./Drivers/STM32F4xx_HAL_Driver/Src/stm32f4xx_hal_tim.o
 .debug_rnglists