../Core/Src/stm32f429i_discovery_lcd.c:149:9:BSP_LCD_Init	8	static
../Core/Src/stm32f429i_discovery_lcd.c:232:10:BSP_LCD_GetXSize	8	static
../Core/Src/stm32f429i_discovery_lcd.c:241:10:BSP_LCD_GetYSize	8	static
../Core/Src/stm32f429i_discovery_lcd.c:251:6:BSP_LCD_LayerDefaultInit	72	static
../Core/Src/stm32f429i_discovery_lcd.c:286:6:BSP_LCD_SelectLayer	16	static
../Core/Src/stm32f429i_discovery_lcd.c:297:6:BSP_LCD_SetLayerVisible	16	static
../Core/Src/stm32f429i_discovery_lcd.c:319:6:BSP_LCD_SetLayerVisible_NoReload	16	static
../Core/Src/stm32f429i_discovery_lcd.c:338:6:BSP_LCD_SetTransparency	16	static
../Core/Src/stm32f429i_discovery_lcd.c:350:6:BSP_LCD_SetTransparency_NoReload	16	static
../Core/Src/stm32f429i_discovery_lcd.c:360:6:BSP_LCD_SetLayerAddress	16	static
../Core/Src/stm32f429i_discovery_lcd.c:371:6:BSP_LCD_SetLayerAddress_NoReload	16	static
../Core/Src/stm32f429i_discovery_lcd.c:384:6:BSP_LCD_SetLayerWindow	24	static
../Core/Src/stm32f429i_discovery_lcd.c:402:6:BSP_LCD_SetLayerWindow_NoReload	24	static
../Core/Src/stm32f429i_discovery_lcd.c:416:6:BSP_LCD_SetColorKeying	16	static
../Core/Src/stm32f429i_discovery_lcd.c:429:6:BSP_LCD_SetColorKeying_NoReload	16	static
../Core/Src/stm32f429i_discovery_lcd.c:440:6:BSP_LCD_ResetColorKeying	16	static
../Core/Src/stm32f429i_discovery_lcd.c:451:6:BSP_LCD_ResetColorKeying_NoReload	16	static
../Core/Src/stm32f429i_discovery_lcd.c:464:6:BSP_LCD_Relaod	16	static
../Core/Src/stm32f429i_discovery_lcd.c:473:10:BSP_LCD_GetTextColor	4	static
../Core/Src/stm32f429i_discovery_lcd.c:482:10:BSP_LCD_GetBackColor	4	static
../Core/Src/stm32f429i_discovery_lcd.c:491:6:BSP_LCD_SetTextColor	16	static
../Core/Src/stm32f429i_discovery_lcd.c:500:6:BSP_LCD_SetBackColor	16	static
../Core/Src/stm32f429i_discovery_lcd.c:509:6:BSP_LCD_SetFont	16	static
../Core/Src/stm32f429i_discovery_lcd.c:518:8:BSP_LCD_GetFont	4	static
../Core/Src/stm32f429i_discovery_lcd.c:529:10:BSP_LCD_ReadPixel	32	static
../Core/Src/stm32f429i_discovery_lcd.c:563:6:BSP_LCD_Clear	40	static
../Core/Src/stm32f429i_discovery_lcd.c:573:6:BSP_LCD_ClearStringLine	32	static
../Core/Src/stm32f429i_discovery_lcd.c:591:6:BSP_LCD_DisplayChar	24	static
../Core/Src/stm32f429i_discovery_lcd.c:608:6:BSP_LCD_DisplayStringAt	48	static
../Core/Src/stm32f429i_discovery_lcd.c:662:6:BSP_LCD_DisplayStringAtLine	16	static
../Core/Src/stm32f429i_discovery_lcd.c:673:6:BSP_LCD_DrawHLine	40	static
../Core/Src/stm32f429i_discovery_lcd.c:690:6:BSP_LCD_DrawVLine	48	static
../Core/Src/stm32f429i_discovery_lcd.c:708:6:BSP_LCD_DrawLine	56	static
../Core/Src/stm32f429i_discovery_lcd.c:782:6:BSP_LCD_DrawRect	24	static
../Core/Src/stm32f429i_discovery_lcd.c:799:6:BSP_LCD_DrawCircle	40	static
../Core/Src/stm32f429i_discovery_lcd.c:838:6:BSP_LCD_DrawPolygon	32	static
../Core/Src/stm32f429i_discovery_lcd.c:865:6:BSP_LCD_DrawEllipse	64	static
../Core/Src/stm32f429i_discovery_lcd.c:897:6:BSP_LCD_DrawBitmap	56	static
../Core/Src/stm32f429i_discovery_lcd.c:954:6:BSP_LCD_FillRect	48	static
../Core/Src/stm32f429i_discovery_lcd.c:974:6:BSP_LCD_FillCircle	32	static
../Core/Src/stm32f429i_discovery_lcd.c:1025:6:BSP_LCD_FillTriangle	56	static
../Core/Src/stm32f429i_discovery_lcd.c:1098:6:BSP_LCD_FillPolygon	64	static
../Core/Src/stm32f429i_discovery_lcd.c:1166:6:BSP_LCD_FillEllipse	56	static
../Core/Src/stm32f429i_discovery_lcd.c:1194:6:BSP_LCD_DisplayOn	8	static
../Core/Src/stm32f429i_discovery_lcd.c:1205:6:BSP_LCD_DisplayOff	8	static
../Core/Src/stm32f429i_discovery_lcd.c:1220:13:BSP_LCD_MspInit	64	static
../Core/Src/stm32f429i_discovery_lcd.c:1304:6:BSP_LCD_DrawPixel	24	static
../Core/Src/stm32f429i_discovery_lcd.c:1316:13:DrawChar	40	static
../Core/Src/stm32f429i_discovery_lcd.c:1373:13:FillBuffer	32	static
../Core/Src/stm32f429i_discovery_lcd.c:1404:13:ConvertLineToARGB8888	32	static
