22:12:18 **** Incremental Build of configuration Debug for project DataSafeRT ****
make -j8 all 
arm-none-eabi-gcc "../Core/Src/main.c" -mcpu=cortex-m4 -std=gnu11 -g3 -DDEBUG -DUSE_HAL_DRIVER -DSTM32F429xx -c -I../Core/Inc -I../Drivers/STM32F4xx_HAL_Driver/Inc -I../Drivers/STM32F4xx_HAL_Driver/Inc/Legacy -I../Drivers/CMSIS/Device/ST/STM32F4xx/Include -I../Drivers/CMSIS/Include -I../Middlewares/Third_Party/FreeRTOS/Source/include -I../Middlewares/Third_Party/FreeRTOS/Source/CMSIS_RTOS_V2 -I../Middlewares/Third_Party/FreeRTOS/Source/portable/GCC/ARM_CM4F -O0 -ffunction-sections -fdata-sections -Wall -fstack-usage -fcyclomatic-complexity -MMD -MP -MF"Core/Src/main.d" -MT"Core/Src/main.o" --specs=nano.specs -mfpu=fpv4-sp-d16 -mfloat-abi=hard -mthumb -o "Core/Src/main.o"
arm-none-eabi-gcc -o "DataSafeRT.elf" @"objects.list"   -mcpu=cortex-m4 -T"C:\Users\proBook\OneDrive\Bureau\MES COURS\H25\CEG4566\CEG4566_mini_Project_DataSafeRT\DataSafeRT\STM32F429ZITX_FLASH.ld" --specs=nosys.specs -Wl,-Map="DataSafeRT.map" -Wl,--gc-sections -static --specs=nano.specs -mfpu=fpv4-sp-d16 -mfloat-abi=hard -mthumb -Wl,--start-group -lc -lm -Wl,--end-group
Finished building target: DataSafeRT.elf
 
arm-none-eabi-size  DataSafeRT.elf 
arm-none-eabi-objdump -h -S DataSafeRT.elf  > "DataSafeRT.list"
   text	   data	    bss	    dec	    hex	filename
  40684	    168	  21952	  62804	   f554	DataSafeRT.elf
Finished building: default.size.stdout
 
Finished building: DataSafeRT.list
 

22:12:20 Build Finished. 0 errors, 0 warnings. (took 1s.902ms)

